Archive member included to satisfy reference by file (symbol)

/Applications/STM32CubeIDE.app/Contents/Eclipse/plugins/com.st.stm32cube.ide.mcu.externaltools.gnu-tools-for-stm32.11.3.rel1.macos64_1.1.100.202310310803/tools/bin/../lib/gcc/arm-none-eabi/11.3.1/../../../../arm-none-eabi/lib/thumb/v7e-m+fp/hard/libc_nano.a(libc_a-exit.o)
                              /Applications/STM32CubeIDE.app/Contents/Eclipse/plugins/com.st.stm32cube.ide.mcu.externaltools.gnu-tools-for-stm32.11.3.rel1.macos64_1.1.100.202310310803/tools/bin/../lib/gcc/arm-none-eabi/11.3.1/../../../../arm-none-eabi/lib/thumb/v7e-m+fp/hard/crt0.o (exit)
/Applications/STM32CubeIDE.app/Contents/Eclipse/plugins/com.st.stm32cube.ide.mcu.externaltools.gnu-tools-for-stm32.11.3.rel1.macos64_1.1.100.202310310803/tools/bin/../lib/gcc/arm-none-eabi/11.3.1/../../../../arm-none-eabi/lib/thumb/v7e-m+fp/hard/libc_nano.a(libc_a-findfp.o)
                              /Applications/STM32CubeIDE.app/Contents/Eclipse/plugins/com.st.stm32cube.ide.mcu.externaltools.gnu-tools-for-stm32.11.3.rel1.macos64_1.1.100.202310310803/tools/bin/../lib/gcc/arm-none-eabi/11.3.1/../../../../arm-none-eabi/lib/thumb/v7e-m+fp/hard/libc_nano.a(libc_a-exit.o) (__stdio_exit_handler)
/Applications/STM32CubeIDE.app/Contents/Eclipse/plugins/com.st.stm32cube.ide.mcu.externaltools.gnu-tools-for-stm32.11.3.rel1.macos64_1.1.100.202310310803/tools/bin/../lib/gcc/arm-none-eabi/11.3.1/../../../../arm-none-eabi/lib/thumb/v7e-m+fp/hard/libc_nano.a(libc_a-fwalk.o)
                              /Applications/STM32CubeIDE.app/Contents/Eclipse/plugins/com.st.stm32cube.ide.mcu.externaltools.gnu-tools-for-stm32.11.3.rel1.macos64_1.1.100.202310310803/tools/bin/../lib/gcc/arm-none-eabi/11.3.1/../../../../arm-none-eabi/lib/thumb/v7e-m+fp/hard/libc_nano.a(libc_a-findfp.o) (_fwalk_sglue)
/Applications/STM32CubeIDE.app/Contents/Eclipse/plugins/com.st.stm32cube.ide.mcu.externaltools.gnu-tools-for-stm32.11.3.rel1.macos64_1.1.100.202310310803/tools/bin/../lib/gcc/arm-none-eabi/11.3.1/../../../../arm-none-eabi/lib/thumb/v7e-m+fp/hard/libc_nano.a(libc_a-memcmp.o)
                              ./common/third_party/SEGGER/OS/SEGGER_SYSVIEW_FreeRTOS.o (memcmp)
/Applications/STM32CubeIDE.app/Contents/Eclipse/plugins/com.st.stm32cube.ide.mcu.externaltools.gnu-tools-for-stm32.11.3.rel1.macos64_1.1.100.202310310803/tools/bin/../lib/gcc/arm-none-eabi/11.3.1/../../../../arm-none-eabi/lib/thumb/v7e-m+fp/hard/libc_nano.a(libc_a-memset.o)
                              /Applications/STM32CubeIDE.app/Contents/Eclipse/plugins/com.st.stm32cube.ide.mcu.externaltools.gnu-tools-for-stm32.11.3.rel1.macos64_1.1.100.202310310803/tools/bin/../lib/gcc/arm-none-eabi/11.3.1/../../../../arm-none-eabi/lib/thumb/v7e-m+fp/hard/crt0.o (memset)
/Applications/STM32CubeIDE.app/Contents/Eclipse/plugins/com.st.stm32cube.ide.mcu.externaltools.gnu-tools-for-stm32.11.3.rel1.macos64_1.1.100.202310310803/tools/bin/../lib/gcc/arm-none-eabi/11.3.1/../../../../arm-none-eabi/lib/thumb/v7e-m+fp/hard/libc_nano.a(libc_a-impure.o)
                              /Applications/STM32CubeIDE.app/Contents/Eclipse/plugins/com.st.stm32cube.ide.mcu.externaltools.gnu-tools-for-stm32.11.3.rel1.macos64_1.1.100.202310310803/tools/bin/../lib/gcc/arm-none-eabi/11.3.1/../../../../arm-none-eabi/lib/thumb/v7e-m+fp/hard/libc_nano.a(libc_a-findfp.o) (_impure_data)
/Applications/STM32CubeIDE.app/Contents/Eclipse/plugins/com.st.stm32cube.ide.mcu.externaltools.gnu-tools-for-stm32.11.3.rel1.macos64_1.1.100.202310310803/tools/bin/../lib/gcc/arm-none-eabi/11.3.1/../../../../arm-none-eabi/lib/thumb/v7e-m+fp/hard/libc_nano.a(libc_a-errno.o)
                              ./Core/Src/syscalls.o (__errno)
/Applications/STM32CubeIDE.app/Contents/Eclipse/plugins/com.st.stm32cube.ide.mcu.externaltools.gnu-tools-for-stm32.11.3.rel1.macos64_1.1.100.202310310803/tools/bin/../lib/gcc/arm-none-eabi/11.3.1/../../../../arm-none-eabi/lib/thumb/v7e-m+fp/hard/libc_nano.a(libc_a-init.o)
                              /Applications/STM32CubeIDE.app/Contents/Eclipse/plugins/com.st.stm32cube.ide.mcu.externaltools.gnu-tools-for-stm32.11.3.rel1.macos64_1.1.100.202310310803/tools/bin/../lib/gcc/arm-none-eabi/11.3.1/../../../../arm-none-eabi/lib/thumb/v7e-m+fp/hard/crt0.o (__libc_init_array)
/Applications/STM32CubeIDE.app/Contents/Eclipse/plugins/com.st.stm32cube.ide.mcu.externaltools.gnu-tools-for-stm32.11.3.rel1.macos64_1.1.100.202310310803/tools/bin/../lib/gcc/arm-none-eabi/11.3.1/../../../../arm-none-eabi/lib/thumb/v7e-m+fp/hard/libc_nano.a(libc_a-lock.o)
                              /Applications/STM32CubeIDE.app/Contents/Eclipse/plugins/com.st.stm32cube.ide.mcu.externaltools.gnu-tools-for-stm32.11.3.rel1.macos64_1.1.100.202310310803/tools/bin/../lib/gcc/arm-none-eabi/11.3.1/../../../../arm-none-eabi/lib/thumb/v7e-m+fp/hard/libc_nano.a(libc_a-findfp.o) (__retarget_lock_init_recursive)
[...]
Memory Configuration

Name             Origin             Length             Attributes
RAM              0x0000000020000000 0x0000000000020000 xrw
FLASH            0x0000000008000000 0x0000000000080000 xr
*default*        0x0000000000000000 0xffffffffffffffff

Linker script and memory map

LOAD /Applications/STM32CubeIDE.app/Contents/Eclipse/plugins/com.st.stm32cube.ide.mcu.externaltools.gnu-tools-for-stm32.11.3.rel1.macos64_1.1.100.202310310803/tools/bin/../lib/gcc/arm-none-eabi/11.3.1/thumb/v7e-m+fp/hard/crti.o
LOAD /Applications/STM32CubeIDE.app/Contents/Eclipse/plugins/com.st.stm32cube.ide.mcu.externaltools.gnu-tools-for-stm32.11.3.rel1.macos64_1.1.100.202310310803/tools/bin/../lib/gcc/arm-none-eabi/11.3.1/thumb/v7e-m+fp/hard/crtbegin.o
LOAD /Applications/STM32CubeIDE.app/Contents/Eclipse/plugins/com.st.stm32cube.ide.mcu.externaltools.gnu-tools-for-stm32.11.3.rel1.macos64_1.1.100.202310310803/tools/bin/../lib/gcc/arm-none-eabi/11.3.1/../../../../arm-none-eabi/lib/thumb/v7e-m+fp/hard/crt0.o
LOAD ./Core/Src/main.o
LOAD ./Core/Src/stm32f4xx_hal_msp.o
LOAD ./Core/Src/stm32f4xx_hal_timebase_tim.o
LOAD ./Core/Src/stm32f4xx_it.o
LOAD ./Core/Src/syscalls.o
LOAD ./Core/Src/sysmem.o
LOAD ./Core/Src/system_stm32f4xx.o
LOAD ./Core/Src/task_handlers.o
LOAD ./Core/Startup/startup_stm32f411retx.o
LOAD ./Drivers/STM32F4xx_HAL_Driver/Src/stm32f4xx_hal.o
LOAD ./Drivers/STM32F4xx_HAL_Driver/Src/stm32f4xx_hal_cortex.o
LOAD ./Drivers/STM32F4xx_HAL_Driver/Src/stm32f4xx_hal_dma.o
LOAD ./Drivers/STM32F4xx_HAL_Driver/Src/stm32f4xx_hal_dma_ex.o
LOAD ./Drivers/STM32F4xx_HAL_Driver/Src/stm32f4xx_hal_exti.o
LOAD ./Drivers/STM32F4xx_HAL_Driver/Src/stm32f4xx_hal_flash.o
LOAD ./Drivers/STM32F4xx_HAL_Driver/Src/stm32f4xx_hal_flash_ex.o
LOAD ./Drivers/STM32F4xx_HAL_Driver/Src/stm32f4xx_hal_flash_ramfunc.o
LOAD ./Drivers/STM32F4xx_HAL_Driver/Src/stm32f4xx_hal_gpio.o
LOAD ./Drivers/STM32F4xx_HAL_Driver/Src/stm32f4xx_hal_pwr.o
LOAD ./Drivers/STM32F4xx_HAL_Driver/Src/stm32f4xx_hal_pwr_ex.o
LOAD ./Drivers/STM32F4xx_HAL_Driver/Src/stm32f4xx_hal_rcc.o
LOAD ./Drivers/STM32F4xx_HAL_Driver/Src/stm32f4xx_hal_rcc_ex.o
LOAD ./Drivers/STM32F4xx_HAL_Driver/Src/stm32f4xx_hal_rtc.o
LOAD ./Drivers/STM32F4xx_HAL_Driver/Src/stm32f4xx_hal_rtc_ex.o
LOAD ./Drivers/STM32F4xx_HAL_Driver/Src/stm32f4xx_hal_tim.o
LOAD ./Drivers/STM32F4xx_HAL_Driver/Src/stm32f4xx_hal_tim_ex.o
LOAD ./Drivers/STM32F4xx_HAL_Driver/Src/stm32f4xx_hal_usart.o
LOAD ./common/third_party/FreeRTOS/croutine.o
LOAD ./common/third_party/FreeRTOS/event_groups.o
LOAD ./common/third_party/FreeRTOS/list.o
LOAD ./common/third_party/FreeRTOS/queue.o
LOAD ./common/third_party/FreeRTOS/stream_buffer.o
LOAD ./common/third_party/FreeRTOS/tasks.o
LOAD ./common/third_party/FreeRTOS/timers.o
LOAD ./common/third_party/FreeRTOS/portable/GCC/ARM_CM4F/port.o
LOAD ./common/third_party/FreeRTOS/portable/MemMang/heap_4.o
LOAD ./common/third_party/SEGGER/OS/SEGGER_SYSVIEW_FreeRTOS.o
LOAD ./common/third_party/SEGGER/Rec/segger_uart.o
LOAD ./common/third_party/SEGGER/SEGGER/SEGGER_RTT.o
LOAD ./common/third_party/SEGGER/SEGGER/SEGGER_RTT_ASM_ARMv7M.o
LOAD ./common/third_party/SEGGER/SEGGER/SEGGER_RTT_printf.o
LOAD ./common/third_party/SEGGER/SEGGER/SEGGER_SYSVIEW.o
LOAD ./common/third_party/SEGGER/SEGGER/Syscalls/SEGGER_RTT_Syscalls_GCC.o
LOAD ./common/third_party/SEGGER/config/SEGGER_SYSVIEW_Config_FreeRTOS.o
START GROUP
LOAD /Applications/STM32CubeIDE.app/Contents/Eclipse/plugins/com.st.stm32cube.ide.mcu.externaltools.gnu-tools-for-stm32.11.3.rel1.macos64_1.1.100.202310310803/tools/bin/../lib/gcc/arm-none-eabi/11.3.1/../../../../arm-none-eabi/lib/thumb/v7e-m+fp/hard/libc_nano.a
LOAD /Applications/STM32CubeIDE.app/Contents/Eclipse/plugins/com.st.stm32cube.ide.mcu.externaltools.gnu-tools-for-stm32.11.3.rel1.macos64_1.1.100.202310310803/tools/bin/../lib/gcc/arm-none-eabi/11.3.1/../../../../arm-none-eabi/lib/thumb/v7e-m+fp/hard/libm.a
END GROUP
START GROUP
LOAD /Applications/STM32CubeIDE.app/Contents/Eclipse/plugins/com.st.stm32cube.ide.mcu.externaltools.gnu-tools-for-stm32.11.3.rel1.macos64_1.1.100.202310310803/tools/bin/../lib/gcc/arm-none-eabi/11.3.1/thumb/v7e-m+fp/hard/libgcc.a
LOAD /Applications/STM32CubeIDE.app/Contents/Eclipse/plugins/com.st.stm32cube.ide.mcu.externaltools.gnu-tools-for-stm32.11.3.rel1.macos64_1.1.100.202310310803/tools/bin/../lib/gcc/arm-none-eabi/11.3.1/../../../../arm-none-eabi/lib/thumb/v7e-m+fp/hard/libc_nano.a
END GROUP
START GROUP
LOAD /Applications/STM32CubeIDE.app/Contents/Eclipse/plugins/com.st.stm32cube.ide.mcu.externaltools.gnu-tools-for-stm32.11.3.rel1.macos64_1.1.100.202310310803/tools/bin/../lib/gcc/arm-none-eabi/11.3.1/thumb/v7e-m+fp/hard/libgcc.a
LOAD /Applications/STM32CubeIDE.app/Contents/Eclipse/plugins/com.st.stm32cube.ide.mcu.externaltools.gnu-tools-for-stm32.11.3.rel1.macos64_1.1.100.202310310803/tools/bin/../lib/gcc/arm-none-eabi/11.3.1/../../../../arm-none-eabi/lib/thumb/v7e-m+fp/hard/libc_nano.a
LOAD /Applications/STM32CubeIDE.app/Contents/Eclipse/plugins/com.st.stm32cube.ide.mcu.externaltools.gnu-tools-for-stm32.11.3.rel1.macos64_1.1.100.202310310803/tools/bin/../lib/gcc/arm-none-eabi/11.3.1/../../../../arm-none-eabi/lib/thumb/v7e-m+fp/hard/libnosys.a
END GROUP
START GROUP
LOAD /Applications/STM32CubeIDE.app/Contents/Eclipse/plugins/com.st.stm32cube.ide.mcu.externaltools.gnu-tools-for-stm32.11.3.rel1.macos64_1.1.100.202310310803/tools/bin/../lib/gcc/arm-none-eabi/11.3.1/thumb/v7e-m+fp/hard/libgcc.a
LOAD /Applications/STM32CubeIDE.app/Contents/Eclipse/plugins/com.st.stm32cube.ide.mcu.externaltools.gnu-tools-for-stm32.11.3.rel1.macos64_1.1.100.202310310803/tools/bin/../lib/gcc/arm-none-eabi/11.3.1/../../../../arm-none-eabi/lib/thumb/v7e-m+fp/hard/libc_nano.a
LOAD /Applications/STM32CubeIDE.app/Contents/Eclipse/plugins/com.st.stm32cube.ide.mcu.externaltools.gnu-tools-for-stm32.11.3.rel1.macos64_1.1.100.202310310803/tools/bin/../lib/gcc/arm-none-eabi/11.3.1/../../../../arm-none-eabi/lib/thumb/v7e-m+fp/hard/libnosys.a
END GROUP
LOAD /Applications/STM32CubeIDE.app/Contents/Eclipse/plugins/com.st.stm32cube.ide.mcu.externaltools.gnu-tools-for-stm32.11.3.rel1.macos64_1.1.100.202310310803/tools/bin/../lib/gcc/arm-none-eabi/11.3.1/thumb/v7e-m+fp/hard/crtend.o
LOAD /Applications/STM32CubeIDE.app/Contents/Eclipse/plugins/com.st.stm32cube.ide.mcu.externaltools.gnu-tools-for-stm32.11.3.rel1.macos64_1.1.100.202310310803/tools/bin/../lib/gcc/arm-none-eabi/11.3.1/thumb/v7e-m+fp/hard/crtn.o
                0x0000000020020000                _estack = (ORIGIN (RAM) + LENGTH (RAM))
                0x0000000000000200                _Min_Heap_Size = 0x200
                0x0000000000000400                _Min_Stack_Size = 0x400

.isr_vector     0x0000000008000000      0x198
                0x0000000008000000                . = ALIGN (0x4)
 *(.isr_vector)
 .isr_vector    0x0000000008000000      0x198 ./Core/Startup/startup_stm32f411retx.o
                0x0000000008000000                g_pfnVectors
                0x0000000008000198                . = ALIGN (0x4)

.text           0x00000000080001a0     0x56a0
                0x00000000080001a0                . = ALIGN (0x4)
 *(.text)
 .text          0x00000000080001a0       0x40 /Applications/STM32CubeIDE.app/Contents/Eclipse/plugins/com.st.stm32cube.ide.mcu.externaltools.gnu-tools-for-stm32.11.3.rel1.macos64_1.1.100.202310310803/tools/bin/../lib/gcc/arm-none-eabi/11.3.1/thumb/v7e-m+fp/hard/crtbegin.o
 .text          0x00000000080001e0       0x94 ./common/third_party/SEGGER/SEGGER/SEGGER_RTT_ASM_ARMv7M.o
                0x00000000080001e0                SEGGER_RTT_ASM_WriteSkipNoLock
 .text          0x0000000008000274       0x30 /Applications/STM32CubeIDE.app/Contents/Eclipse/plugins/com.st.stm32cube.ide.mcu.externaltools.gnu-tools-for-stm32.11.3.rel1.macos64_1.1.100.202310310803/tools/bin/../lib/gcc/arm-none-eabi/11.3.1/thumb/v7e-m+fp/hard/libgcc.a(_aeabi_uldivmod.o)
                0x0000000008000274                __aeabi_uldivmod
 .text          0x00000000080002a4      0x2c8 /Applications/STM32CubeIDE.app/Contents/Eclipse/plugins/com.st.stm32cube.ide.mcu.externaltools.gnu-tools-for-stm32.11.3.rel1.macos64_1.1.100.202310310803/tools/bin/../lib/gcc/arm-none-eabi/11.3.1/thumb/v7e-m+fp/hard/libgcc.a(_udivmoddi4.o)
                0x00000000080002a4                __udivmoddi4
 .text          0x000000000800056c        0x4 /Applications/STM32CubeIDE.app/Contents/Eclipse/plugins/com.st.stm32cube.ide.mcu.externaltools.gnu-tools-for-stm32.11.3.rel1.macos64_1.1.100.202310310803/tools/bin/../lib/gcc/arm-none-eabi/11.3.1/thumb/v7e-m+fp/hard/libgcc.a(_dvmd_tls.o)
                0x000000000800056c                __aeabi_ldiv0
                0x000000000800056c                __aeabi_idiv0
 *(.text*)
 .text.main     0x0000000008000570       0x5c ./Core/Src/main.o
                0x0000000008000570                main
 .text.SystemClock_Config
                0x00000000080005cc       0xd4 ./Core/Src/main.o
                0x00000000080005cc                SystemClock_Config
 .text.MX_RTC_Init
                0x00000000080006a0       0x4c ./Core/Src/main.o
 .text.MX_USART2_Init
                0x00000000080006ec       0x58 ./Core/Src/main.o
 .text.MX_GPIO_Init
                0x0000000008000744       0x64 ./Core/Src/main.o
 .text.HAL_TIM_PeriodElapsedCallback
                0x00000000080007a8       0x24 ./Core/Src/main.o
                0x00000000080007a8                HAL_TIM_PeriodElapsedCallback
 .text.Error_Handler
                0x00000000080007cc        0xa ./Core/Src/main.o
                0x00000000080007cc                Error_Handler
 *fill*         0x00000000080007d6        0x2 
 .text.HAL_MspInit
                0x00000000080007d8       0x50 ./Core/Src/stm32f4xx_hal_msp.o
                0x00000000080007d8                HAL_MspInit
 .text.HAL_RTC_MspInit
                0x0000000008000828       0x58 ./Core/Src/stm32f4xx_hal_msp.o
                0x0000000008000828                HAL_RTC_MspInit
 .text.HAL_USART_MspInit
                0x0000000008000880       0x90 ./Core/Src/stm32f4xx_hal_msp.o
                0x0000000008000880                HAL_USART_MspInit
 .text.HAL_InitTick
                0x0000000008000910       0xf8 ./Core/Src/stm32f4xx_hal_timebase_tim.o
                0x0000000008000910                HAL_InitTick
 .text.NMI_Handler
                0x0000000008000a08        0x6 ./Core/Src/stm32f4xx_it.o
                0x0000000008000a08                NMI_Handler
 .text.HardFault_Handler
                0x0000000008000a0e        0x6 ./Core/Src/stm32f4xx_it.o
                0x0000000008000a0e                HardFault_Handler
 .text.MemManage_Handler
                0x0000000008000a14        0x6 ./Core/Src/stm32f4xx_it.o
                0x0000000008000a14                MemManage_Handler
 .text.BusFault_Handler
                0x0000000008000a1a        0x6 ./Core/Src/stm32f4xx_it.o
                0x0000000008000a1a                BusFault_Handler
 .text.UsageFault_Handler
                0x0000000008000a20        0x6 ./Core/Src/stm32f4xx_it.o
                0x0000000008000a20                UsageFault_Handler
 .text.DebugMon_Handler
                0x0000000008000a26        0xe ./Core/Src/stm32f4xx_it.o
                0x0000000008000a26                DebugMon_Handler
 .text.TIM5_IRQHandler
                0x0000000008000a34       0x14 ./Core/Src/stm32f4xx_it.o
                0x0000000008000a34                TIM5_IRQHandler
 .text.SystemInit
                0x0000000008000a48       0x24 ./Core/Src/system_stm32f4xx.o
                0x0000000008000a48                SystemInit
 .text.menu_task
                0x0000000008000a6c       0xa0 ./Core/Src/task_handlers.o
                0x0000000008000a6c                menu_task
 .text.Reset_Handler
                0x0000000008000b0c       0x50 ./Core/Startup/startup_stm32f411retx.o
                0x0000000008000b0c                Reset_Handler
 .text.Default_Handler
                0x0000000008000b5c        0x2 ./Core/Startup/startup_stm32f411retx.o
                0x0000000008000b5c                DMA1_Stream3_IRQHandler
                0x0000000008000b5c                EXTI2_IRQHandler
                0x0000000008000b5c                SPI4_IRQHandler
                0x0000000008000b5c                TIM1_CC_IRQHandler
                0x0000000008000b5c                DMA2_Stream5_IRQHandler
                0x0000000008000b5c                DMA1_Stream5_IRQHandler
                0x0000000008000b5c                PVD_IRQHandler
                0x0000000008000b5c                SDIO_IRQHandler
                0x0000000008000b5c                TAMP_STAMP_IRQHandler
                0x0000000008000b5c                EXTI3_IRQHandler
                0x0000000008000b5c                TIM1_UP_TIM10_IRQHandler
                0x0000000008000b5c                I2C3_ER_IRQHandler
                0x0000000008000b5c                EXTI0_IRQHandler
                0x0000000008000b5c                I2C2_EV_IRQHandler
                0x0000000008000b5c                DMA1_Stream2_IRQHandler
                0x0000000008000b5c                FPU_IRQHandler
                0x0000000008000b5c                DMA2_Stream2_IRQHandler
                0x0000000008000b5c                SPI1_IRQHandler
                0x0000000008000b5c                TIM1_BRK_TIM9_IRQHandler
                0x0000000008000b5c                DMA2_Stream3_IRQHandler
                0x0000000008000b5c                USART6_IRQHandler
                0x0000000008000b5c                DMA2_Stream0_IRQHandler
                0x0000000008000b5c                TIM4_IRQHandler
                0x0000000008000b5c                I2C1_EV_IRQHandler
                0x0000000008000b5c                DMA1_Stream6_IRQHandler
                0x0000000008000b5c                DMA1_Stream1_IRQHandler
                0x0000000008000b5c                TIM3_IRQHandler
                0x0000000008000b5c                RCC_IRQHandler
                0x0000000008000b5c                Default_Handler
                0x0000000008000b5c                EXTI15_10_IRQHandler
                0x0000000008000b5c                ADC_IRQHandler
                0x0000000008000b5c                DMA1_Stream7_IRQHandler
                0x0000000008000b5c                SPI5_IRQHandler
                0x0000000008000b5c                DMA2_Stream7_IRQHandler
                0x0000000008000b5c                I2C3_EV_IRQHandler
                0x0000000008000b5c                EXTI9_5_IRQHandler
                0x0000000008000b5c                RTC_WKUP_IRQHandler
                0x0000000008000b5c                SPI2_IRQHandler
                0x0000000008000b5c                DMA1_Stream0_IRQHandler
                0x0000000008000b5c                EXTI4_IRQHandler
                0x0000000008000b5c                WWDG_IRQHandler
                0x0000000008000b5c                TIM2_IRQHandler
                0x0000000008000b5c                OTG_FS_WKUP_IRQHandler
                0x0000000008000b5c                TIM1_TRG_COM_TIM11_IRQHandler
                0x0000000008000b5c                EXTI1_IRQHandler
                0x0000000008000b5c                I2C2_ER_IRQHandler
                0x0000000008000b5c                DMA2_Stream1_IRQHandler
                0x0000000008000b5c                FLASH_IRQHandler
                0x0000000008000b5c                DMA2_Stream4_IRQHandler
                0x0000000008000b5c                USART1_IRQHandler
                0x0000000008000b5c                OTG_FS_IRQHandler
                0x0000000008000b5c                SPI3_IRQHandler
                0x0000000008000b5c                DMA1_Stream4_IRQHandler
                0x0000000008000b5c                I2C1_ER_IRQHandler
                0x0000000008000b5c                DMA2_Stream6_IRQHandler
                0x0000000008000b5c                RTC_Alarm_IRQHandler
 *fill*         0x0000000008000b5e        0x2 
 .text.HAL_Init
                0x0000000008000b60       0x44 ./Drivers/STM32F4xx_HAL_Driver/Src/stm32f4xx_hal.o
                0x0000000008000b60                HAL_Init
 .text.HAL_IncTick
                0x0000000008000ba4       0x28 ./Drivers/STM32F4xx_HAL_Driver/Src/stm32f4xx_hal.o
                0x0000000008000ba4                HAL_IncTick
 .text.HAL_GetTick
                0x0000000008000bcc       0x18 ./Drivers/STM32F4xx_HAL_Driver/Src/stm32f4xx_hal.o
                0x0000000008000bcc                HAL_GetTick
 .text.__NVIC_SetPriorityGrouping
                0x0000000008000be4       0x48 ./Drivers/STM32F4xx_HAL_Driver/Src/stm32f4xx_hal_cortex.o
 .text.__NVIC_GetPriorityGrouping
                0x0000000008000c2c       0x1c ./Drivers/STM32F4xx_HAL_Driver/Src/stm32f4xx_hal_cortex.o
 .text.__NVIC_EnableIRQ
                0x0000000008000c48       0x3c ./Drivers/STM32F4xx_HAL_Driver/Src/stm32f4xx_hal_cortex.o
 .text.__NVIC_SetPriority
                0x0000000008000c84       0x54 ./Drivers/STM32F4xx_HAL_Driver/Src/stm32f4xx_hal_cortex.o
 .text.NVIC_EncodePriority
                0x0000000008000cd8       0x66 ./Drivers/STM32F4xx_HAL_Driver/Src/stm32f4xx_hal_cortex.o
 .text.HAL_NVIC_SetPriorityGrouping
                0x0000000008000d3e       0x16 ./Drivers/STM32F4xx_HAL_Driver/Src/stm32f4xx_hal_cortex.o
                0x0000000008000d3e                HAL_NVIC_SetPriorityGrouping
 .text.HAL_NVIC_SetPriority
                0x0000000008000d54       0x38 ./Drivers/STM32F4xx_HAL_Driver/Src/stm32f4xx_hal_cortex.o
                0x0000000008000d54                HAL_NVIC_SetPriority
 .text.HAL_NVIC_EnableIRQ
                0x0000000008000d8c       0x1c ./Drivers/STM32F4xx_HAL_Driver/Src/stm32f4xx_hal_cortex.o
                0x0000000008000d8c                HAL_NVIC_EnableIRQ
 .text.HAL_GPIO_Init
                0x0000000008000da8      0x308 ./Drivers/STM32F4xx_HAL_Driver/Src/stm32f4xx_hal_gpio.o
                0x0000000008000da8                HAL_GPIO_Init
 .text.HAL_GPIO_WritePin
                0x00000000080010b0       0x32 ./Drivers/STM32F4xx_HAL_Driver/Src/stm32f4xx_hal_gpio.o
                0x00000000080010b0                HAL_GPIO_WritePin
 *fill*         0x00000000080010e2        0x2 
 .text.HAL_RCC_OscConfig
                0x00000000080010e4      0x4f0 ./Drivers/STM32F4xx_HAL_Driver/Src/stm32f4xx_hal_rcc.o
                0x00000000080010e4                HAL_RCC_OscConfig
 .text.HAL_RCC_ClockConfig
                0x00000000080015d4      0x1cc ./Drivers/STM32F4xx_HAL_Driver/Src/stm32f4xx_hal_rcc.o
                0x00000000080015d4                HAL_RCC_ClockConfig
 .text.HAL_RCC_GetSysClockFreq
                0x00000000080017a0      0x18c ./Drivers/STM32F4xx_HAL_Driver/Src/stm32f4xx_hal_rcc.o
                0x00000000080017a0                HAL_RCC_GetSysClockFreq
 .text.HAL_RCC_GetHCLKFreq
                0x000000000800192c       0x18 ./Drivers/STM32F4xx_HAL_Driver/Src/stm32f4xx_hal_rcc.o
                0x000000000800192c                HAL_RCC_GetHCLKFreq
 .text.HAL_RCC_GetPCLK1Freq
                0x0000000008001944       0x28 ./Drivers/STM32F4xx_HAL_Driver/Src/stm32f4xx_hal_rcc.o
                0x0000000008001944                HAL_RCC_GetPCLK1Freq
 .text.HAL_RCC_GetPCLK2Freq
                0x000000000800196c       0x28 ./Drivers/STM32F4xx_HAL_Driver/Src/stm32f4xx_hal_rcc.o
                0x000000000800196c                HAL_RCC_GetPCLK2Freq
 .text.HAL_RCC_GetClockConfig
                0x0000000008001994       0x64 ./Drivers/STM32F4xx_HAL_Driver/Src/stm32f4xx_hal_rcc.o
                0x0000000008001994                HAL_RCC_GetClockConfig
 .text.HAL_RCCEx_PeriphCLKConfig
                0x00000000080019f8      0x1e0 ./Drivers/STM32F4xx_HAL_Driver/Src/stm32f4xx_hal_rcc_ex.o
                0x00000000080019f8                HAL_RCCEx_PeriphCLKConfig
 .text.HAL_RTC_Init
                0x0000000008001bd8      0x106 ./Drivers/STM32F4xx_HAL_Driver/Src/stm32f4xx_hal_rtc.o
                0x0000000008001bd8                HAL_RTC_Init
 *fill*         0x0000000008001cde        0x2 
 .text.HAL_RTC_WaitForSynchro
                0x0000000008001ce0       0x4c ./Drivers/STM32F4xx_HAL_Driver/Src/stm32f4xx_hal_rtc.o
                0x0000000008001ce0                HAL_RTC_WaitForSynchro
 .text.RTC_EnterInitMode
                0x0000000008001d2c       0x6e ./Drivers/STM32F4xx_HAL_Driver/Src/stm32f4xx_hal_rtc.o
                0x0000000008001d2c                RTC_EnterInitMode
 .text.RTC_ExitInitMode
                0x0000000008001d9a       0x4a ./Drivers/STM32F4xx_HAL_Driver/Src/stm32f4xx_hal_rtc.o
                0x0000000008001d9a                RTC_ExitInitMode
 .text.HAL_TIM_Base_Init
                0x0000000008001de4       0x9e ./Drivers/STM32F4xx_HAL_Driver/Src/stm32f4xx_hal_tim.o
                0x0000000008001de4                HAL_TIM_Base_Init
 .text.HAL_TIM_Base_MspInit
                0x0000000008001e82       0x14 ./Drivers/STM32F4xx_HAL_Driver/Src/stm32f4xx_hal_tim.o
                0x0000000008001e82                HAL_TIM_Base_MspInit
 *fill*         0x0000000008001e96        0x2 
 .text.HAL_TIM_Base_Start_IT
                0x0000000008001e98       0xc4 ./Drivers/STM32F4xx_HAL_Driver/Src/stm32f4xx_hal_tim.o
                0x0000000008001e98                HAL_TIM_Base_Start_IT
 .text.HAL_TIM_IRQHandler
                0x0000000008001f5c      0x1e0 ./Drivers/STM32F4xx_HAL_Driver/Src/stm32f4xx_hal_tim.o
                0x0000000008001f5c                HAL_TIM_IRQHandler
 .text.HAL_TIM_OC_DelayElapsedCallback
                0x000000000800213c       0x14 ./Drivers/STM32F4xx_HAL_Driver/Src/stm32f4xx_hal_tim.o
                0x000000000800213c                HAL_TIM_OC_DelayElapsedCallback
 .text.HAL_TIM_IC_CaptureCallback
                0x0000000008002150       0x14 ./Drivers/STM32F4xx_HAL_Driver/Src/stm32f4xx_hal_tim.o
                0x0000000008002150                HAL_TIM_IC_CaptureCallback
 .text.HAL_TIM_PWM_PulseFinishedCallback
                0x0000000008002164       0x14 ./Drivers/STM32F4xx_HAL_Driver/Src/stm32f4xx_hal_tim.o
                0x0000000008002164                HAL_TIM_PWM_PulseFinishedCallback
 .text.HAL_TIM_TriggerCallback
                0x0000000008002178       0x14 ./Drivers/STM32F4xx_HAL_Driver/Src/stm32f4xx_hal_tim.o
                0x0000000008002178                HAL_TIM_TriggerCallback
 .text.TIM_Base_SetConfig
                0x000000000800218c      0x118 ./Drivers/STM32F4xx_HAL_Driver/Src/stm32f4xx_hal_tim.o
                0x000000000800218c                TIM_Base_SetConfig
 .text.HAL_TIMEx_CommutCallback
                0x00000000080022a4       0x14 ./Drivers/STM32F4xx_HAL_Driver/Src/stm32f4xx_hal_tim_ex.o
                0x00000000080022a4                HAL_TIMEx_CommutCallback
 .text.HAL_TIMEx_BreakCallback
                0x00000000080022b8       0x14 ./Drivers/STM32F4xx_HAL_Driver/Src/stm32f4xx_hal_tim_ex.o
                0x00000000080022b8                HAL_TIMEx_BreakCallback
 .text.HAL_USART_Init
                0x00000000080022cc       0x82 ./Drivers/STM32F4xx_HAL_Driver/Src/stm32f4xx_hal_usart.o
                0x00000000080022cc                HAL_USART_Init
 *fill*         0x000000000800234e        0x2 
 .text.USART_SetConfig
                0x0000000008002350      0x530 ./Drivers/STM32F4xx_HAL_Driver/Src/stm32f4xx_hal_usart.o
 .text.vListInitialise
                0x0000000008002880       0x40 ./common/third_party/FreeRTOS/list.o
                0x0000000008002880                vListInitialise
 .text.vListInitialiseItem
                0x00000000080028c0       0x1a ./common/third_party/FreeRTOS/list.o
                0x00000000080028c0                vListInitialiseItem
 .text.vListInsert
                0x00000000080028da       0x72 ./common/third_party/FreeRTOS/list.o
                0x00000000080028da                vListInsert
 .text.uxListRemove
                0x000000000800294c       0x54 ./common/third_party/FreeRTOS/list.o
                0x000000000800294c                uxListRemove
 .text.xQueueGenericSend
                0x00000000080029a0      0x24c ./common/third_party/FreeRTOS/queue.o
                0x00000000080029a0                xQueueGenericSend
 .text.prvCopyDataToQueue
                0x0000000008002bec       0xd4 ./common/third_party/FreeRTOS/queue.o
 .text.prvUnlockQueue
                0x0000000008002cc0       0xa4 ./common/third_party/FreeRTOS/queue.o
 .text.prvIsQueueFull
                0x0000000008002d64       0x30 ./common/third_party/FreeRTOS/queue.o
 .text.xTaskCreate
                0x0000000008002d94       0x8c ./common/third_party/FreeRTOS/tasks.o
                0x0000000008002d94                xTaskCreate
 .text.prvInitialiseNewTask
                0x0000000008002e20      0x11c ./common/third_party/FreeRTOS/tasks.o
 .text.prvAddNewTaskToReadyList
                0x0000000008002f3c      0x168 ./common/third_party/FreeRTOS/tasks.o
 .text.vTaskSuspendAll
                0x00000000080030a4       0x1c ./common/third_party/FreeRTOS/tasks.o
                0x00000000080030a4                vTaskSuspendAll
 .text.xTaskResumeAll
                0x00000000080030c0      0x200 ./common/third_party/FreeRTOS/tasks.o
                0x00000000080030c0                xTaskResumeAll
 .text.xTaskIncrementTick
                0x00000000080032c0      0x234 ./common/third_party/FreeRTOS/tasks.o
                0x00000000080032c0                xTaskIncrementTick
 .text.vTaskSwitchContext
                0x00000000080034f4       0xd4 ./common/third_party/FreeRTOS/tasks.o
                0x00000000080034f4                vTaskSwitchContext
 .text.vTaskPlaceOnEventList
                0x00000000080035c8       0x48 ./common/third_party/FreeRTOS/tasks.o
                0x00000000080035c8                vTaskPlaceOnEventList
 .text.xTaskRemoveFromEventList
                0x0000000008003610      0x1b0 ./common/third_party/FreeRTOS/tasks.o
                0x0000000008003610                xTaskRemoveFromEventList
 .text.vTaskInternalSetTimeOutState
                0x00000000080037c0       0x2c ./common/third_party/FreeRTOS/tasks.o
                0x00000000080037c0                vTaskInternalSetTimeOutState
 .text.xTaskCheckForTimeOut
                0x00000000080037ec       0xcc ./common/third_party/FreeRTOS/tasks.o
                0x00000000080037ec                xTaskCheckForTimeOut
 .text.vTaskMissedYield
                0x00000000080038b8       0x18 ./common/third_party/FreeRTOS/tasks.o
                0x00000000080038b8                vTaskMissedYield
 .text.prvInitialiseTaskLists
                0x00000000080038d0       0x80 ./common/third_party/FreeRTOS/tasks.o
 .text.prvResetNextTaskUnblockTime
                0x0000000008003950       0x38 ./common/third_party/FreeRTOS/tasks.o
 .text.xTaskGetSchedulerState
                0x0000000008003988       0x3c ./common/third_party/FreeRTOS/tasks.o
                0x0000000008003988                xTaskGetSchedulerState
 .text.xTaskPriorityDisinherit
                0x00000000080039c4       0xd4 ./common/third_party/FreeRTOS/tasks.o
                0x00000000080039c4                xTaskPriorityDisinherit
 .text.xTaskGenericNotifyWait
                0x0000000008003a98      0x110 ./common/third_party/FreeRTOS/tasks.o
                0x0000000008003a98                xTaskGenericNotifyWait
 .text.prvAddCurrentTaskToDelayedList
                0x0000000008003ba8      0x100 ./common/third_party/FreeRTOS/tasks.o
 .text.pxPortInitialiseStack
                0x0000000008003ca8       0x68 ./common/third_party/FreeRTOS/portable/GCC/ARM_CM4F/port.o
                0x0000000008003ca8                pxPortInitialiseStack
 .text.prvTaskExitError
                0x0000000008003d10       0x58 ./common/third_party/FreeRTOS/portable/GCC/ARM_CM4F/port.o
 *fill*         0x0000000008003d68        0x8 
 .text.SVC_Handler
                0x0000000008003d70       0x28 ./common/third_party/FreeRTOS/portable/GCC/ARM_CM4F/port.o
                0x0000000008003d70                SVC_Handler
 .text.vPortEnterCritical
                0x0000000008003d98       0x60 ./common/third_party/FreeRTOS/portable/GCC/ARM_CM4F/port.o
                0x0000000008003d98                vPortEnterCritical
 .text.vPortExitCritical
                0x0000000008003df8       0x54 ./common/third_party/FreeRTOS/portable/GCC/ARM_CM4F/port.o
                0x0000000008003df8                vPortExitCritical
 *fill*         0x0000000008003e4c        0x4 
 .text.PendSV_Handler
                0x0000000008003e50       0x68 ./common/third_party/FreeRTOS/portable/GCC/ARM_CM4F/port.o
                0x0000000008003e50                PendSV_Handler
 .text.SysTick_Handler
                0x0000000008003eb8       0x54 ./common/third_party/FreeRTOS/portable/GCC/ARM_CM4F/port.o
                0x0000000008003eb8                SysTick_Handler
 .text.pvPortMalloc
                0x0000000008003f0c      0x174 ./common/third_party/FreeRTOS/portable/MemMang/heap_4.o
                0x0000000008003f0c                pvPortMalloc
 .text.vPortFree
                0x0000000008004080       0xb8 ./common/third_party/FreeRTOS/portable/MemMang/heap_4.o
                0x0000000008004080                vPortFree
 .text.prvHeapInit
                0x0000000008004138       0xb8 ./common/third_party/FreeRTOS/portable/MemMang/heap_4.o
 .text.prvInsertBlockIntoFreeList
                0x00000000080041f0       0xb4 ./common/third_party/FreeRTOS/portable/MemMang/heap_4.o
 .text.SYSVIEW_AddTask
                0x00000000080042a4       0xd0 ./common/third_party/SEGGER/OS/SEGGER_SYSVIEW_FreeRTOS.o
                0x00000000080042a4                SYSVIEW_AddTask
 .text.SYSVIEW_SendTaskInfo
                0x0000000008004374       0x42 ./common/third_party/SEGGER/OS/SEGGER_SYSVIEW_FreeRTOS.o
                0x0000000008004374                SYSVIEW_SendTaskInfo
 *fill*         0x00000000080043b6        0x2 
 .text.USART2_IRQHandler
                0x00000000080043b8       0x94 ./common/third_party/SEGGER/Rec/segger_uart.o
                0x00000000080043b8                USART2_IRQHandler
 .text.HIF_UART_EnableTXEInterrupt
                0x000000000800444c       0x20 ./common/third_party/SEGGER/Rec/segger_uart.o
                0x000000000800444c                HIF_UART_EnableTXEInterrupt
 .text._DoInit  0x000000000800446c       0xb0 ./common/third_party/SEGGER/SEGGER/SEGGER_RTT.o
 .text.SEGGER_RTT_ReadNoLock
                0x000000000800451c      0x10c ./common/third_party/SEGGER/SEGGER/SEGGER_RTT.o
                0x000000000800451c                SEGGER_RTT_ReadNoLock
 .text._EncodeStr
                0x0000000008004628       0x9a ./common/third_party/SEGGER/SEGGER/SEGGER_SYSVIEW.o
 .text._PreparePacket
                0x00000000080046c2       0x18 ./common/third_party/SEGGER/SEGGER/SEGGER_SYSVIEW.o
 *fill*         0x00000000080046da        0x2 
 .text._HandleIncomingPacket
                0x00000000080046dc       0xe0 ./common/third_party/SEGGER/SEGGER/SEGGER_SYSVIEW.o
 .text._TrySendOverflowPacket
                0x00000000080047bc       0xe8 ./common/third_party/SEGGER/SEGGER/SEGGER_SYSVIEW.o
 .text._SendPacket
                0x00000000080048a4      0x1d0 ./common/third_party/SEGGER/SEGGER/SEGGER_SYSVIEW.o
 .text.SEGGER_SYSVIEW_RecordVoid
                0x0000000008004a74       0x3c ./common/third_party/SEGGER/SEGGER/SEGGER_SYSVIEW.o
                0x0000000008004a74                SEGGER_SYSVIEW_RecordVoid
 .text.SEGGER_SYSVIEW_RecordU32
                0x0000000008004ab0       0x78 ./common/third_party/SEGGER/SEGGER/SEGGER_SYSVIEW.o
                0x0000000008004ab0                SEGGER_SYSVIEW_RecordU32
 .text.SEGGER_SYSVIEW_RecordU32x2
                0x0000000008004b28       0xb4 ./common/third_party/SEGGER/SEGGER/SEGGER_SYSVIEW.o
                0x0000000008004b28                SEGGER_SYSVIEW_RecordU32x2
 .text.SEGGER_SYSVIEW_RecordU32x4
                0x0000000008004bdc      0x124 ./common/third_party/SEGGER/SEGGER/SEGGER_SYSVIEW.o
                0x0000000008004bdc                SEGGER_SYSVIEW_RecordU32x4
 .text.SEGGER_SYSVIEW_Start
                0x0000000008004d00      0x178 ./common/third_party/SEGGER/SEGGER/SEGGER_SYSVIEW.o
                0x0000000008004d00                SEGGER_SYSVIEW_Start
 .text.SEGGER_SYSVIEW_Stop
                0x0000000008004e78       0x4c ./common/third_party/SEGGER/SEGGER/SEGGER_SYSVIEW.o
                0x0000000008004e78                SEGGER_SYSVIEW_Stop
 .text.SEGGER_SYSVIEW_GetSysDesc
                0x0000000008004ec4      0x134 ./common/third_party/SEGGER/SEGGER/SEGGER_SYSVIEW.o
                0x0000000008004ec4                SEGGER_SYSVIEW_GetSysDesc
 .text.SEGGER_SYSVIEW_SendTaskInfo
                0x0000000008004ff8      0x1c8 ./common/third_party/SEGGER/SEGGER/SEGGER_SYSVIEW.o
                0x0000000008004ff8                SEGGER_SYSVIEW_SendTaskInfo
 .text.SEGGER_SYSVIEW_SendTaskList
                0x00000000080051c0       0x28 ./common/third_party/SEGGER/SEGGER/SEGGER_SYSVIEW.o
                0x00000000080051c0                SEGGER_SYSVIEW_SendTaskList
 .text.SEGGER_SYSVIEW_RecordSystime
                0x00000000080051e8       0x64 ./common/third_party/SEGGER/SEGGER/SEGGER_SYSVIEW.o
                0x00000000080051e8                SEGGER_SYSVIEW_RecordSystime
 .text.SEGGER_SYSVIEW_RecordEnterISR
                0x000000000800524c       0x84 ./common/third_party/SEGGER/SEGGER/SEGGER_SYSVIEW.o
                0x000000000800524c                SEGGER_SYSVIEW_RecordEnterISR
 .text.SEGGER_SYSVIEW_RecordExitISR
                0x00000000080052d0       0x38 ./common/third_party/SEGGER/SEGGER/SEGGER_SYSVIEW.o
                0x00000000080052d0                SEGGER_SYSVIEW_RecordExitISR
 .text.SEGGER_SYSVIEW_RecordExitISRToScheduler
                0x0000000008005308       0x38 ./common/third_party/SEGGER/SEGGER/SEGGER_SYSVIEW.o
                0x0000000008005308                SEGGER_SYSVIEW_RecordExitISRToScheduler
 .text.SEGGER_SYSVIEW_OnIdle
                0x0000000008005340       0x38 ./common/third_party/SEGGER/SEGGER/SEGGER_SYSVIEW.o
                0x0000000008005340                SEGGER_SYSVIEW_OnIdle
 .text.SEGGER_SYSVIEW_OnTaskCreate
                0x0000000008005378       0x84 ./common/third_party/SEGGER/SEGGER/SEGGER_SYSVIEW.o
                0x0000000008005378                SEGGER_SYSVIEW_OnTaskCreate
 .text.SEGGER_SYSVIEW_OnTaskStartExec
                0x00000000080053fc       0x84 ./common/third_party/SEGGER/SEGGER/SEGGER_SYSVIEW.o
                0x00000000080053fc                SEGGER_SYSVIEW_OnTaskStartExec
 .text.SEGGER_SYSVIEW_OnTaskStartReady
                0x0000000008005480       0x84 ./common/third_party/SEGGER/SEGGER/SEGGER_SYSVIEW.o
                0x0000000008005480                SEGGER_SYSVIEW_OnTaskStartReady
 .text.SEGGER_SYSVIEW_ShrinkId
                0x0000000008005504       0x20 ./common/third_party/SEGGER/SEGGER/SEGGER_SYSVIEW.o
                0x0000000008005504                SEGGER_SYSVIEW_ShrinkId
 .text.SEGGER_SYSVIEW_SendModule
                0x0000000008005524      0x100 ./common/third_party/SEGGER/SEGGER/SEGGER_SYSVIEW.o
                0x0000000008005524                SEGGER_SYSVIEW_SendModule
 .text.SEGGER_SYSVIEW_SendModuleDescription
                0x0000000008005624       0x3c ./common/third_party/SEGGER/SEGGER/SEGGER_SYSVIEW.o
                0x0000000008005624                SEGGER_SYSVIEW_SendModuleDescription
 .text.SEGGER_SYSVIEW_SendNumModules
                0x0000000008005660       0x7c ./common/third_party/SEGGER/SEGGER/SEGGER_SYSVIEW.o
                0x0000000008005660                SEGGER_SYSVIEW_SendNumModules
 .text.SEGGER_SYSVIEW_Warn
                0x00000000080056dc       0xb8 ./common/third_party/SEGGER/SEGGER/SEGGER_SYSVIEW.o
                0x00000000080056dc                SEGGER_SYSVIEW_Warn
 .text.memcmp   0x0000000008005794       0x20 /Applications/STM32CubeIDE.app/Contents/Eclipse/plugins/com.st.stm32cube.ide.mcu.externaltools.gnu-tools-for-stm32.11.3.rel1.macos64_1.1.100.202310310803/tools/bin/../lib/gcc/arm-none-eabi/11.3.1/../../../../arm-none-eabi/lib/thumb/v7e-m+fp/hard/libc_nano.a(libc_a-memcmp.o)
                0x0000000008005794                memcmp
 .text.memset   0x00000000080057b4       0x10 /Applications/STM32CubeIDE.app/Contents/Eclipse/plugins/com.st.stm32cube.ide.mcu.externaltools.gnu-tools-for-stm32.11.3.rel1.macos64_1.1.100.202310310803/tools/bin/../lib/gcc/arm-none-eabi/11.3.1/../../../../arm-none-eabi/lib/thumb/v7e-m+fp/hard/libc_nano.a(libc_a-memset.o)
                0x00000000080057b4                memset
 .text.__libc_init_array
                0x00000000080057c4       0x48 /Applications/STM32CubeIDE.app/Contents/Eclipse/plugins/com.st.stm32cube.ide.mcu.externaltools.gnu-tools-for-stm32.11.3.rel1.macos64_1.1.100.202310310803/tools/bin/../lib/gcc/arm-none-eabi/11.3.1/../../../../arm-none-eabi/lib/thumb/v7e-m+fp/hard/libc_nano.a(libc_a-init.o)
                0x00000000080057c4                __libc_init_array
 .text.memcpy   0x000000000800580c       0x1c /Applications/STM32CubeIDE.app/Contents/Eclipse/plugins/com.st.stm32cube.ide.mcu.externaltools.gnu-tools-for-stm32.11.3.rel1.macos64_1.1.100.202310310803/tools/bin/../lib/gcc/arm-none-eabi/11.3.1/../../../../arm-none-eabi/lib/thumb/v7e-m+fp/hard/libc_nano.a(libc_a-memcpy-stub.o)
                0x000000000800580c                memcpy
 *(.glue_7)
 .glue_7        0x0000000008005828        0x0 linker stubs
 *(.glue_7t)
 .glue_7t       0x0000000008005828        0x0 linker stubs
 *(.eh_frame)
 .eh_frame      0x0000000008005828        0x0 /Applications/STM32CubeIDE.app/Contents/Eclipse/plugins/com.st.stm32cube.ide.mcu.externaltools.gnu-tools-for-stm32.11.3.rel1.macos64_1.1.100.202310310803/tools/bin/../lib/gcc/arm-none-eabi/11.3.1/thumb/v7e-m+fp/hard/crtbegin.o
 *(.init)
 .init          0x0000000008005828        0x4 /Applications/STM32CubeIDE.app/Contents/Eclipse/plugins/com.st.stm32cube.ide.mcu.externaltools.gnu-tools-for-stm32.11.3.rel1.macos64_1.1.100.202310310803/tools/bin/../lib/gcc/arm-none-eabi/11.3.1/thumb/v7e-m+fp/hard/crti.o
                0x0000000008005828                _init
 .init          0x000000000800582c        0x8 /Applications/STM32CubeIDE.app/Contents/Eclipse/plugins/com.st.stm32cube.ide.mcu.externaltools.gnu-tools-for-stm32.11.3.rel1.macos64_1.1.100.202310310803/tools/bin/../lib/gcc/arm-none-eabi/11.3.1/thumb/v7e-m+fp/hard/crtn.o
 *(.fini)
 .fini          0x0000000008005834        0x4 /Applications/STM32CubeIDE.app/Contents/Eclipse/plugins/com.st.stm32cube.ide.mcu.externaltools.gnu-tools-for-stm32.11.3.rel1.macos64_1.1.100.202310310803/tools/bin/../lib/gcc/arm-none-eabi/11.3.1/thumb/v7e-m+fp/hard/crti.o
                0x0000000008005834                _fini
 .fini          0x0000000008005838        0x8 /Applications/STM32CubeIDE.app/Contents/Eclipse/plugins/com.st.stm32cube.ide.mcu.externaltools.gnu-tools-for-stm32.11.3.rel1.macos64_1.1.100.202310310803/tools/bin/../lib/gcc/arm-none-eabi/11.3.1/thumb/v7e-m+fp/hard/crtn.o
                0x0000000008005840                . = ALIGN (0x4)
                0x0000000008005840                _etext = .

.vfp11_veneer   0x0000000008005840        0x0
 .vfp11_veneer  0x0000000008005840        0x0 linker stubs

.v4_bx          0x0000000008005840        0x0
 .v4_bx         0x0000000008005840        0x0 linker stubs

.iplt           0x0000000008005840        0x0
 .iplt          0x0000000008005840        0x0 /Applications/STM32CubeIDE.app/Contents/Eclipse/plugins/com.st.stm32cube.ide.mcu.externaltools.gnu-tools-for-stm32.11.3.rel1.macos64_1.1.100.202310310803/tools/bin/../lib/gcc/arm-none-eabi/11.3.1/thumb/v7e-m+fp/hard/crtbegin.o

.rodata         0x0000000008005840      0x160
                0x0000000008005840                . = ALIGN (0x4)
 *(.rodata)
 .rodata        0x0000000008005840        0xa ./Core/Src/main.o
 *fill*         0x000000000800584a        0x2 
 .rodata        0x000000000800584c       0xc0 ./Core/Src/task_handlers.o
 .rodata        0x000000000800590c       0x58 ./common/third_party/SEGGER/OS/SEGGER_SYSVIEW_FreeRTOS.o
 .rodata        0x0000000008005964       0x17 ./common/third_party/SEGGER/SEGGER/SEGGER_RTT.o
 *(.rodata*)
 *fill*         0x000000000800597b        0x1 
 .rodata.AHBPrescTable
                0x000000000800597c       0x10 ./Core/Src/system_stm32f4xx.o
                0x000000000800597c                AHBPrescTable
 .rodata.APBPrescTable
                0x000000000800598c        0x8 ./Core/Src/system_stm32f4xx.o
                0x000000000800598c                APBPrescTable
 .rodata._abSync
                0x0000000008005994        0xa ./common/third_party/SEGGER/SEGGER/SEGGER_SYSVIEW.o
                0x00000000080059a0                . = ALIGN (0x4)
 *fill*         0x000000000800599e        0x2 

.ARM.extab      0x00000000080059a0        0x0
                0x00000000080059a0                . = ALIGN (0x4)
 *(.ARM.extab* .gnu.linkonce.armextab.*)
                0x00000000080059a0                . = ALIGN (0x4)

.ARM            0x00000000080059a0        0x8
                0x00000000080059a0                . = ALIGN (0x4)
                0x00000000080059a0                __exidx_start = .
 *(.ARM.exidx*)
 .ARM.exidx     0x00000000080059a0        0x8 /Applications/STM32CubeIDE.app/Contents/Eclipse/plugins/com.st.stm32cube.ide.mcu.externaltools.gnu-tools-for-stm32.11.3.rel1.macos64_1.1.100.202310310803/tools/bin/../lib/gcc/arm-none-eabi/11.3.1/thumb/v7e-m+fp/hard/libgcc.a(_udivmoddi4.o)
                0x00000000080059a8                __exidx_end = .
                0x00000000080059a8                . = ALIGN (0x4)

.rel.dyn        0x00000000080059a8        0x0
 .rel.iplt      0x00000000080059a8        0x0 /Applications/STM32CubeIDE.app/Contents/Eclipse/plugins/com.st.stm32cube.ide.mcu.externaltools.gnu-tools-for-stm32.11.3.rel1.macos64_1.1.100.202310310803/tools/bin/../lib/gcc/arm-none-eabi/11.3.1/thumb/v7e-m+fp/hard/crtbegin.o

.preinit_array  0x00000000080059a8        0x0
                0x00000000080059a8                . = ALIGN (0x4)
                0x00000000080059a8                PROVIDE (__preinit_array_start = .)
 *(.preinit_array*)
                0x00000000080059a8                PROVIDE (__preinit_array_end = .)
                0x00000000080059a8                . = ALIGN (0x4)

.init_array     0x00000000080059a8        0x4
                0x00000000080059a8                . = ALIGN (0x4)
                0x00000000080059a8                PROVIDE (__init_array_start = .)
 *(SORT_BY_NAME(.init_array.*))
 *(.init_array*)
 .init_array    0x00000000080059a8        0x4 /Applications/STM32CubeIDE.app/Contents/Eclipse/plugins/com.st.stm32cube.ide.mcu.externaltools.gnu-tools-for-stm32.11.3.rel1.macos64_1.1.100.202310310803/tools/bin/../lib/gcc/arm-none-eabi/11.3.1/thumb/v7e-m+fp/hard/crtbegin.o
                0x00000000080059ac                PROVIDE (__init_array_end = .)
                0x00000000080059ac                . = ALIGN (0x4)

.fini_array     0x00000000080059ac        0x4
                0x00000000080059ac                . = ALIGN (0x4)
                [!provide]                        PROVIDE (__fini_array_start = .)
 *(SORT_BY_NAME(.fini_array.*))
 *(.fini_array*)
 .fini_array    0x00000000080059ac        0x4 /Applications/STM32CubeIDE.app/Contents/Eclipse/plugins/com.st.stm32cube.ide.mcu.externaltools.gnu-tools-for-stm32.11.3.rel1.macos64_1.1.100.202310310803/tools/bin/../lib/gcc/arm-none-eabi/11.3.1/thumb/v7e-m+fp/hard/crtbegin.o
                [!provide]                        PROVIDE (__fini_array_end = .)
                0x00000000080059b0                . = ALIGN (0x4)
                0x00000000080059b0                _sidata = LOADADDR (.data)

.data           0x0000000020000000       0x14 load address 0x00000000080059b0
                0x0000000020000000                . = ALIGN (0x4)
                0x0000000020000000                _sdata = .
 *(.data)
 *(.data*)
 .data.SystemCoreClock
                0x0000000020000000        0x4 ./Core/Src/system_stm32f4xx.o
                0x0000000020000000                SystemCoreClock
 .data.msg_inv  0x0000000020000004        0x4 ./Core/Src/task_handlers.o
                0x0000000020000004                msg_inv
 .data.uwTickPrio
                0x0000000020000008        0x4 ./Drivers/STM32F4xx_HAL_Driver/Src/stm32f4xx_hal.o
                0x0000000020000008                uwTickPrio
 .data.uwTickFreq
                0x000000002000000c        0x1 ./Drivers/STM32F4xx_HAL_Driver/Src/stm32f4xx_hal.o
                0x000000002000000c                uwTickFreq
 *fill*         0x000000002000000d        0x3 
 .data.uxCriticalNesting
                0x0000000020000010        0x4 ./common/third_party/FreeRTOS/portable/GCC/ARM_CM4F/port.o
 *(.RamFunc)
 *(.RamFunc*)
                0x0000000020000014                . = ALIGN (0x4)
                0x0000000020000014                _edata = .

.igot.plt       0x0000000020000014        0x0 load address 0x00000000080059c4
 .igot.plt      0x0000000020000014        0x0 /Applications/STM32CubeIDE.app/Contents/Eclipse/plugins/com.st.stm32cube.ide.mcu.externaltools.gnu-tools-for-stm32.11.3.rel1.macos64_1.1.100.202310310803/tools/bin/../lib/gcc/arm-none-eabi/11.3.1/thumb/v7e-m+fp/hard/crtbegin.o
                0x0000000020000014                . = ALIGN (0x4)

.bss            0x0000000020000014    0x13468 load address 0x00000000080059c4
                0x0000000020000014                _sbss = .
                0x0000000020000014                __bss_start__ = _sbss
 *(.bss)
 .bss           0x0000000020000014       0x1c /Applications/STM32CubeIDE.app/Contents/Eclipse/plugins/com.st.stm32cube.ide.mcu.externaltools.gnu-tools-for-stm32.11.3.rel1.macos64_1.1.100.202310310803/tools/bin/../lib/gcc/arm-none-eabi/11.3.1/thumb/v7e-m+fp/hard/crtbegin.o
 *(.bss*)
 .bss.q_print   0x0000000020000030        0x4 ./Core/Src/main.o
                0x0000000020000030                q_print
 .bss.hrtc      0x0000000020000034       0x20 ./Core/Src/main.o
                0x0000000020000034                hrtc
 .bss.husart2   0x0000000020000054       0x44 ./Core/Src/main.o
                0x0000000020000054                husart2
 .bss.handle_menu_task
                0x0000000020000098        0x4 ./Core/Src/main.o
                0x0000000020000098                handle_menu_task
 .bss.htim5     0x000000002000009c       0x48 ./Core/Src/stm32f4xx_hal_timebase_tim.o
                0x000000002000009c                htim5
 .bss.uwTick    0x00000000200000e4        0x4 ./Drivers/STM32F4xx_HAL_Driver/Src/stm32f4xx_hal.o
                0x00000000200000e4                uwTick
 .bss.pxCurrentTCB
                0x00000000200000e8        0x4 ./common/third_party/FreeRTOS/tasks.o
                0x00000000200000e8                pxCurrentTCB
 .bss.pxReadyTasksLists
                0x00000000200000ec       0x64 ./common/third_party/FreeRTOS/tasks.o
 .bss.xDelayedTaskList1
                0x0000000020000150       0x14 ./common/third_party/FreeRTOS/tasks.o
 .bss.xDelayedTaskList2
                0x0000000020000164       0x14 ./common/third_party/FreeRTOS/tasks.o
 .bss.pxDelayedTaskList
                0x0000000020000178        0x4 ./common/third_party/FreeRTOS/tasks.o
 .bss.pxOverflowDelayedTaskList
                0x000000002000017c        0x4 ./common/third_party/FreeRTOS/tasks.o
 .bss.xPendingReadyList
                0x0000000020000180       0x14 ./common/third_party/FreeRTOS/tasks.o
 .bss.xTasksWaitingTermination
                0x0000000020000194       0x14 ./common/third_party/FreeRTOS/tasks.o
 .bss.xSuspendedTaskList
                0x00000000200001a8       0x14 ./common/third_party/FreeRTOS/tasks.o
 .bss.uxCurrentNumberOfTasks
                0x00000000200001bc        0x4 ./common/third_party/FreeRTOS/tasks.o
 .bss.xTickCount
                0x00000000200001c0        0x4 ./common/third_party/FreeRTOS/tasks.o
 .bss.uxTopReadyPriority
                0x00000000200001c4        0x4 ./common/third_party/FreeRTOS/tasks.o
 .bss.xSchedulerRunning
                0x00000000200001c8        0x4 ./common/third_party/FreeRTOS/tasks.o
 .bss.xPendedTicks
                0x00000000200001cc        0x4 ./common/third_party/FreeRTOS/tasks.o
 .bss.xYieldPending
                0x00000000200001d0        0x4 ./common/third_party/FreeRTOS/tasks.o
 .bss.xNumOfOverflows
                0x00000000200001d4        0x4 ./common/third_party/FreeRTOS/tasks.o
 .bss.uxTaskNumber
                0x00000000200001d8        0x4 ./common/third_party/FreeRTOS/tasks.o
 .bss.xNextTaskUnblockTime
                0x00000000200001dc        0x4 ./common/third_party/FreeRTOS/tasks.o
 .bss.xIdleTaskHandle
                0x00000000200001e0        0x4 ./common/third_party/FreeRTOS/tasks.o
 .bss.uxSchedulerSuspended
                0x00000000200001e4        0x4 ./common/third_party/FreeRTOS/tasks.o
 .bss.ucHeap    0x00000000200001e8    0x12c00 ./common/third_party/FreeRTOS/portable/MemMang/heap_4.o
 .bss.xStart    0x0000000020012de8        0x8 ./common/third_party/FreeRTOS/portable/MemMang/heap_4.o
 .bss.pxEnd     0x0000000020012df0        0x4 ./common/third_party/FreeRTOS/portable/MemMang/heap_4.o
 .bss.xFreeBytesRemaining
                0x0000000020012df4        0x4 ./common/third_party/FreeRTOS/portable/MemMang/heap_4.o
 .bss.xMinimumEverFreeBytesRemaining
                0x0000000020012df8        0x4 ./common/third_party/FreeRTOS/portable/MemMang/heap_4.o
 .bss.xNumberOfSuccessfulAllocations
                0x0000000020012dfc        0x4 ./common/third_party/FreeRTOS/portable/MemMang/heap_4.o
 .bss.xNumberOfSuccessfulFrees
                0x0000000020012e00        0x4 ./common/third_party/FreeRTOS/portable/MemMang/heap_4.o
 .bss._aTasks   0x0000000020012e04       0xa0 ./common/third_party/SEGGER/OS/SEGGER_SYSVIEW_FreeRTOS.o
 .bss._NumTasks
                0x0000000020012ea4        0x4 ./common/third_party/SEGGER/OS/SEGGER_SYSVIEW_FreeRTOS.o
 .bss._cbOnRx   0x0000000020012ea8        0x4 ./common/third_party/SEGGER/Rec/segger_uart.o
 .bss._cbOnTx   0x0000000020012eac        0x4 ./common/third_party/SEGGER/Rec/segger_uart.o
 .bss._SEGGER_RTT
                0x0000000020012eb0       0xa8 ./common/third_party/SEGGER/SEGGER/SEGGER_RTT.o
                0x0000000020012eb0                _SEGGER_RTT
 .bss._acUpBuffer
                0x0000000020012f58      0x400 ./common/third_party/SEGGER/SEGGER/SEGGER_RTT.o
 .bss._acDownBuffer
                0x0000000020013358       0x10 ./common/third_party/SEGGER/SEGGER/SEGGER_RTT.o
 .bss._SYSVIEW_Globals
                0x0000000020013368       0x28 ./common/third_party/SEGGER/SEGGER/SEGGER_SYSVIEW.o
 .bss._pFirstModule
                0x0000000020013390        0x4 ./common/third_party/SEGGER/SEGGER/SEGGER_SYSVIEW.o
 .bss._NumModules
                0x0000000020013394        0x1 ./common/third_party/SEGGER/SEGGER/SEGGER_SYSVIEW.o
 *fill*         0x0000000020013395        0x3 
 .bss._aPacket  0x0000000020013398       0xe3 ./common/third_party/SEGGER/SEGGER/SEGGER_SYSVIEW.o
 *(COMMON)
                0x000000002001347c                . = ALIGN (0x4)
 *fill*         0x000000002001347b        0x1 
                0x000000002001347c                _ebss = .
                0x000000002001347c                __bss_end__ = _ebss

._user_heap_stack
                0x000000002001347c      0x604 load address 0x00000000080059c4
                0x0000000020013480                . = ALIGN (0x8)
 *fill*         0x000000002001347c        0x4 
                [!provide]                        PROVIDE (end = .)
                0x0000000020013480                PROVIDE (_end = .)
                0x0000000020013680                . = (. + _Min_Heap_Size)
 *fill*         0x0000000020013480      0x200 
                0x0000000020013a80                . = (. + _Min_Stack_Size)
 *fill*         0x0000000020013680      0x400 
                0x0000000020013a80                . = ALIGN (0x8)

/DISCARD/
 libc.a(*)
 libm.a(*)
 libgcc.a(*)

.ARM.attributes
                0x0000000000000000       0x30
 *(.ARM.attributes)
 .ARM.attributes
                0x0000000000000000       0x1e /Applications/STM32CubeIDE.app/Contents/Eclipse/plugins/com.st.stm32cube.ide.mcu.externaltools.gnu-tools-for-stm32.11.3.rel1.macos64_1.1.100.202310310803/tools/bin/../lib/gcc/arm-none-eabi/11.3.1/thumb/v7e-m+fp/hard/crti.o
 .ARM.attributes
                0x000000000000001e       0x34 /Applications/STM32CubeIDE.app/Contents/Eclipse/plugins/com.st.stm32cube.ide.mcu.externaltools.gnu-tools-for-stm32.11.3.rel1.macos64_1.1.100.202310310803/tools/bin/../lib/gcc/arm-none-eabi/11.3.1/thumb/v7e-m+fp/hard/crtbegin.o
 .ARM.attributes
                0x0000000000000052       0x34 ./Core/Src/main.o
 .ARM.attributes
                0x0000000000000086       0x34 ./Core/Src/stm32f4xx_hal_msp.o
 .ARM.attributes
                0x00000000000000ba       0x34 ./Core/Src/stm32f4xx_hal_timebase_tim.o
 .ARM.attributes
                0x00000000000000ee       0x34 ./Core/Src/stm32f4xx_it.o
 .ARM.attributes
                0x0000000000000122       0x34 ./Core/Src/system_stm32f4xx.o
 .ARM.attributes
                0x0000000000000156       0x34 ./Core/Src/task_handlers.o
 .ARM.attributes
                0x000000000000018a       0x21 ./Core/Startup/startup_stm32f411retx.o
 .ARM.attributes
                0x00000000000001ab       0x34 ./Drivers/STM32F4xx_HAL_Driver/Src/stm32f4xx_hal.o
 .ARM.attributes
                0x00000000000001df       0x34 ./Drivers/STM32F4xx_HAL_Driver/Src/stm32f4xx_hal_cortex.o
 .ARM.attributes
                0x0000000000000213       0x34 ./Drivers/STM32F4xx_HAL_Driver/Src/stm32f4xx_hal_gpio.o
 .ARM.attributes
                0x0000000000000247       0x34 ./Drivers/STM32F4xx_HAL_Driver/Src/stm32f4xx_hal_rcc.o
 .ARM.attributes
                0x000000000000027b       0x34 ./Drivers/STM32F4xx_HAL_Driver/Src/stm32f4xx_hal_rcc_ex.o
 .ARM.attributes
                0x00000000000002af       0x34 ./Drivers/STM32F4xx_HAL_Driver/Src/stm32f4xx_hal_rtc.o
 .ARM.attributes
                0x00000000000002e3       0x34 ./Drivers/STM32F4xx_HAL_Driver/Src/stm32f4xx_hal_tim.o
 .ARM.attributes
                0x0000000000000317       0x34 ./Drivers/STM32F4xx_HAL_Driver/Src/stm32f4xx_hal_tim_ex.o
 .ARM.attributes
                0x000000000000034b       0x34 ./Drivers/STM32F4xx_HAL_Driver/Src/stm32f4xx_hal_usart.o
 .ARM.attributes
                0x000000000000037f       0x34 ./common/third_party/FreeRTOS/list.o
 .ARM.attributes
                0x00000000000003b3       0x34 ./common/third_party/FreeRTOS/queue.o
 .ARM.attributes
                0x00000000000003e7       0x34 ./common/third_party/FreeRTOS/tasks.o
 .ARM.attributes
                0x000000000000041b       0x34 ./common/third_party/FreeRTOS/portable/GCC/ARM_CM4F/port.o
 .ARM.attributes
                0x000000000000044f       0x34 ./common/third_party/FreeRTOS/portable/MemMang/heap_4.o
 .ARM.attributes
                0x0000000000000483       0x34 ./common/third_party/SEGGER/OS/SEGGER_SYSVIEW_FreeRTOS.o
 .ARM.attributes
                0x00000000000004b7       0x34 ./common/third_party/SEGGER/Rec/segger_uart.o
 .ARM.attributes
                0x00000000000004eb       0x34 ./common/third_party/SEGGER/SEGGER/SEGGER_RTT.o
 .ARM.attributes
                0x000000000000051f       0x20 ./common/third_party/SEGGER/SEGGER/SEGGER_RTT_ASM_ARMv7M.o
 .ARM.attributes
                0x000000000000053f       0x34 ./common/third_party/SEGGER/SEGGER/SEGGER_SYSVIEW.o
 .ARM.attributes
                0x0000000000000573       0x34 /Applications/STM32CubeIDE.app/Contents/Eclipse/plugins/com.st.stm32cube.ide.mcu.externaltools.gnu-tools-for-stm32.11.3.rel1.macos64_1.1.100.202310310803/tools/bin/../lib/gcc/arm-none-eabi/11.3.1/../../../../arm-none-eabi/lib/thumb/v7e-m+fp/hard/libc_nano.a(libc_a-memcmp.o)
 .ARM.attributes
                0x00000000000005a7       0x34 /Applications/STM32CubeIDE.app/Contents/Eclipse/plugins/com.st.stm32cube.ide.mcu.externaltools.gnu-tools-for-stm32.11.3.rel1.macos64_1.1.100.202310310803/tools/bin/../lib/gcc/arm-none-eabi/11.3.1/../../../../arm-none-eabi/lib/thumb/v7e-m+fp/hard/libc_nano.a(libc_a-memset.o)
 .ARM.attributes
                0x00000000000005db       0x34 /Applications/STM32CubeIDE.app/Contents/Eclipse/plugins/com.st.stm32cube.ide.mcu.externaltools.gnu-tools-for-stm32.11.3.rel1.macos64_1.1.100.202310310803/tools/bin/../lib/gcc/arm-none-eabi/11.3.1/../../../../arm-none-eabi/lib/thumb/v7e-m+fp/hard/libc_nano.a(libc_a-init.o)
 .ARM.attributes
                0x000000000000060f       0x34 /Applications/STM32CubeIDE.app/Contents/Eclipse/plugins/com.st.stm32cube.ide.mcu.externaltools.gnu-tools-for-stm32.11.3.rel1.macos64_1.1.100.202310310803/tools/bin/../lib/gcc/arm-none-eabi/11.3.1/../../../../arm-none-eabi/lib/thumb/v7e-m+fp/hard/libc_nano.a(libc_a-memcpy-stub.o)
 .ARM.attributes
                0x0000000000000643       0x1e /Applications/STM32CubeIDE.app/Contents/Eclipse/plugins/com.st.stm32cube.ide.mcu.externaltools.gnu-tools-for-stm32.11.3.rel1.macos64_1.1.100.202310310803/tools/bin/../lib/gcc/arm-none-eabi/11.3.1/thumb/v7e-m+fp/hard/libgcc.a(_aeabi_uldivmod.o)
 .ARM.attributes
                0x0000000000000661       0x34 /Applications/STM32CubeIDE.app/Contents/Eclipse/plugins/com.st.stm32cube.ide.mcu.externaltools.gnu-tools-for-stm32.11.3.rel1.macos64_1.1.100.202310310803/tools/bin/../lib/gcc/arm-none-eabi/11.3.1/thumb/v7e-m+fp/hard/libgcc.a(_udivmoddi4.o)
 .ARM.attributes
                0x0000000000000695       0x1e /Applications/STM32CubeIDE.app/Contents/Eclipse/plugins/com.st.stm32cube.ide.mcu.externaltools.gnu-tools-for-stm32.11.3.rel1.macos64_1.1.100.202310310803/tools/bin/../lib/gcc/arm-none-eabi/11.3.1/thumb/v7e-m+fp/hard/libgcc.a(_dvmd_tls.o)
 .ARM.attributes
                0x00000000000006b3       0x1e /Applications/STM32CubeIDE.app/Contents/Eclipse/plugins/com.st.stm32cube.ide.mcu.externaltools.gnu-tools-for-stm32.11.3.rel1.macos64_1.1.100.202310310803/tools/bin/../lib/gcc/arm-none-eabi/11.3.1/thumb/v7e-m+fp/hard/crtn.o
OUTPUT(8_queue.elf elf32-littlearm)
LOAD linker stubs
LOAD /Applications/STM32CubeIDE.app/Contents/Eclipse/plugins/com.st.stm32cube.ide.mcu.externaltools.gnu-tools-for-stm32.11.3.rel1.macos64_1.1.100.202310310803/tools/bin/../lib/gcc/arm-none-eabi/11.3.1/../../../../arm-none-eabi/lib/thumb/v7e-m+fp/hard/libc.a
LOAD /Applications/STM32CubeIDE.app/Contents/Eclipse/plugins/com.st.stm32cube.ide.mcu.externaltools.gnu-tools-for-stm32.11.3.rel1.macos64_1.1.100.202310310803/tools/bin/../lib/gcc/arm-none-eabi/11.3.1/../../../../arm-none-eabi/lib/thumb/v7e-m+fp/hard/libm.a
LOAD /Applications/STM32CubeIDE.app/Contents/Eclipse/plugins/com.st.stm32cube.ide.mcu.externaltools.gnu-tools-for-stm32.11.3.rel1.macos64_1.1.100.202310310803/tools/bin/../lib/gcc/arm-none-eabi/11.3.1/thumb/v7e-m+fp/hard/libgcc.a

.comment        0x0000000000000000       0x43
 .comment       0x0000000000000000       0x43 /Applications/STM32CubeIDE.app/Contents/Eclipse/plugins/com.st.stm32cube.ide.mcu.externaltools.gnu-tools-for-stm32.11.3.rel1.macos64_1.1.100.202310310803/tools/bin/../lib/gcc/arm-none-eabi/11.3.1/thumb/v7e-m+fp/hard/crtbegin.o
                                         0x44 (size before relaxing)
 .comment       0x0000000000000043       0x44 ./Core/Src/main.o
 .comment       0x0000000000000043       0x44 ./Core/Src/stm32f4xx_hal_msp.o
 .comment       0x0000000000000043       0x44 ./Core/Src/stm32f4xx_hal_timebase_tim.o
 .comment       0x0000000000000043       0x44 ./Core/Src/stm32f4xx_it.o
 .comment       0x0000000000000043       0x44 ./Core/Src/system_stm32f4xx.o
 .comment       0x0000000000000043       0x44 ./Core/Src/task_handlers.o
 .comment       0x0000000000000043       0x44 ./Drivers/STM32F4xx_HAL_Driver/Src/stm32f4xx_hal.o
 .comment       0x0000000000000043       0x44 ./Drivers/STM32F4xx_HAL_Driver/Src/stm32f4xx_hal_cortex.o
 .comment       0x0000000000000043       0x44 ./Drivers/STM32F4xx_HAL_Driver/Src/stm32f4xx_hal_gpio.o
 .comment       0x0000000000000043       0x44 ./Drivers/STM32F4xx_HAL_Driver/Src/stm32f4xx_hal_rcc.o
 .comment       0x0000000000000043       0x44 ./Drivers/STM32F4xx_HAL_Driver/Src/stm32f4xx_hal_rcc_ex.o
 .comment       0x0000000000000043       0x44 ./Drivers/STM32F4xx_HAL_Driver/Src/stm32f4xx_hal_rtc.o
 .comment       0x0000000000000043       0x44 ./Drivers/STM32F4xx_HAL_Driver/Src/stm32f4xx_hal_tim.o
 .comment       0x0000000000000043       0x44 ./Drivers/STM32F4xx_HAL_Driver/Src/stm32f4xx_hal_tim_ex.o
 .comment       0x0000000000000043       0x44 ./Drivers/STM32F4xx_HAL_Driver/Src/stm32f4xx_hal_usart.o
 .comment       0x0000000000000043       0x44 ./common/third_party/FreeRTOS/list.o
 .comment       0x0000000000000043       0x44 ./common/third_party/FreeRTOS/queue.o
 .comment       0x0000000000000043       0x44 ./common/third_party/FreeRTOS/tasks.o
 .comment       0x0000000000000043       0x44 ./common/third_party/FreeRTOS/portable/GCC/ARM_CM4F/port.o
 .comment       0x0000000000000043       0x44 ./common/third_party/FreeRTOS/portable/MemMang/heap_4.o
 .comment       0x0000000000000043       0x44 ./common/third_party/SEGGER/OS/SEGGER_SYSVIEW_FreeRTOS.o
 .comment       0x0000000000000043       0x44 ./common/third_party/SEGGER/Rec/segger_uart.o
 .comment       0x0000000000000043       0x44 ./common/third_party/SEGGER/SEGGER/SEGGER_RTT.o
 .comment       0x0000000000000043       0x44 ./common/third_party/SEGGER/SEGGER/SEGGER_SYSVIEW.o

.debug_info     0x0000000000000000    0x16399
 .debug_info    0x0000000000000000     0x13af ./Core/Src/main.o
 .debug_info    0x00000000000013af      0xdab ./Core/Src/stm32f4xx_hal_msp.o
 .debug_info    0x000000000000215a      0xb83 ./Core/Src/stm32f4xx_hal_timebase_tim.o
 .debug_info    0x0000000000002cdd      0x6ab ./Core/Src/stm32f4xx_it.o
 .debug_info    0x0000000000003388      0x53e ./Core/Src/system_stm32f4xx.o
 .debug_info    0x00000000000038c6      0x21b ./Core/Src/task_handlers.o
 .debug_info    0x0000000000003ae1       0x23 ./Core/Startup/startup_stm32f411retx.o
 .debug_info    0x0000000000003b04      0x8c4 ./Drivers/STM32F4xx_HAL_Driver/Src/stm32f4xx_hal.o
 .debug_info    0x00000000000043c8      0xcfc ./Drivers/STM32F4xx_HAL_Driver/Src/stm32f4xx_hal_cortex.o
 .debug_info    0x00000000000050c4      0x6f9 ./Drivers/STM32F4xx_HAL_Driver/Src/stm32f4xx_hal_gpio.o
 .debug_info    0x00000000000057bd      0x8f0 ./Drivers/STM32F4xx_HAL_Driver/Src/stm32f4xx_hal_rcc.o
 .debug_info    0x00000000000060ad      0x5a1 ./Drivers/STM32F4xx_HAL_Driver/Src/stm32f4xx_hal_rcc_ex.o
 .debug_info    0x000000000000664e      0xc43 ./Drivers/STM32F4xx_HAL_Driver/Src/stm32f4xx_hal_rtc.o
 .debug_info    0x0000000000007291     0x2996 ./Drivers/STM32F4xx_HAL_Driver/Src/stm32f4xx_hal_tim.o
 .debug_info    0x0000000000009c27     0x14d4 ./Drivers/STM32F4xx_HAL_Driver/Src/stm32f4xx_hal_tim_ex.o
 .debug_info    0x000000000000b0fb     0x1112 ./Drivers/STM32F4xx_HAL_Driver/Src/stm32f4xx_hal_usart.o
 .debug_info    0x000000000000c20d      0x2af ./common/third_party/FreeRTOS/list.o
 .debug_info    0x000000000000c4bc     0x18ec ./common/third_party/FreeRTOS/queue.o
 .debug_info    0x000000000000dda8     0x25ec ./common/third_party/FreeRTOS/tasks.o
 .debug_info    0x0000000000010394      0x59d ./common/third_party/FreeRTOS/portable/GCC/ARM_CM4F/port.o
 .debug_info    0x0000000000010931      0x523 ./common/third_party/FreeRTOS/portable/MemMang/heap_4.o
 .debug_info    0x0000000000010e54      0x411 ./common/third_party/SEGGER/OS/SEGGER_SYSVIEW_FreeRTOS.o
 .debug_info    0x0000000000011265      0x814 ./common/third_party/SEGGER/Rec/segger_uart.o
 .debug_info    0x0000000000011a79     0x13d7 ./common/third_party/SEGGER/SEGGER/SEGGER_RTT.o
 .debug_info    0x0000000000012e50       0x25 ./common/third_party/SEGGER/SEGGER/SEGGER_RTT_ASM_ARMv7M.o
 .debug_info    0x0000000000012e75     0x3524 ./common/third_party/SEGGER/SEGGER/SEGGER_SYSVIEW.o

.debug_abbrev   0x0000000000000000     0x36d1
 .debug_abbrev  0x0000000000000000      0x313 ./Core/Src/main.o
 .debug_abbrev  0x0000000000000313      0x1ed ./Core/Src/stm32f4xx_hal_msp.o
 .debug_abbrev  0x0000000000000500      0x207 ./Core/Src/stm32f4xx_hal_timebase_tim.o
 .debug_abbrev  0x0000000000000707      0x190 ./Core/Src/stm32f4xx_it.o
 .debug_abbrev  0x0000000000000897      0x11a ./Core/Src/system_stm32f4xx.o
 .debug_abbrev  0x00000000000009b1      0x138 ./Core/Src/task_handlers.o
 .debug_abbrev  0x0000000000000ae9       0x12 ./Core/Startup/startup_stm32f411retx.o
 .debug_abbrev  0x0000000000000afb      0x24b ./Drivers/STM32F4xx_HAL_Driver/Src/stm32f4xx_hal.o
 .debug_abbrev  0x0000000000000d46      0x31d ./Drivers/STM32F4xx_HAL_Driver/Src/stm32f4xx_hal_cortex.o
 .debug_abbrev  0x0000000000001063      0x1d3 ./Drivers/STM32F4xx_HAL_Driver/Src/stm32f4xx_hal_gpio.o
 .debug_abbrev  0x0000000000001236      0x2b6 ./Drivers/STM32F4xx_HAL_Driver/Src/stm32f4xx_hal_rcc.o
 .debug_abbrev  0x00000000000014ec      0x1b2 ./Drivers/STM32F4xx_HAL_Driver/Src/stm32f4xx_hal_rcc_ex.o
 .debug_abbrev  0x000000000000169e      0x1fb ./Drivers/STM32F4xx_HAL_Driver/Src/stm32f4xx_hal_rtc.o
 .debug_abbrev  0x0000000000001899      0x28b ./Drivers/STM32F4xx_HAL_Driver/Src/stm32f4xx_hal_tim.o
 .debug_abbrev  0x0000000000001b24      0x296 ./Drivers/STM32F4xx_HAL_Driver/Src/stm32f4xx_hal_tim_ex.o
 .debug_abbrev  0x0000000000001dba      0x29c ./Drivers/STM32F4xx_HAL_Driver/Src/stm32f4xx_hal_usart.o
 .debug_abbrev  0x0000000000002056       0xf5 ./common/third_party/FreeRTOS/list.o
 .debug_abbrev  0x000000000000214b      0x321 ./common/third_party/FreeRTOS/queue.o
 .debug_abbrev  0x000000000000246c      0x3d0 ./common/third_party/FreeRTOS/tasks.o
 .debug_abbrev  0x000000000000283c      0x25a ./common/third_party/FreeRTOS/portable/GCC/ARM_CM4F/port.o
 .debug_abbrev  0x0000000000002a96      0x256 ./common/third_party/FreeRTOS/portable/MemMang/heap_4.o
 .debug_abbrev  0x0000000000002cec      0x1a4 ./common/third_party/SEGGER/OS/SEGGER_SYSVIEW_FreeRTOS.o
 .debug_abbrev  0x0000000000002e90      0x28c ./common/third_party/SEGGER/Rec/segger_uart.o
 .debug_abbrev  0x000000000000311c      0x258 ./common/third_party/SEGGER/SEGGER/SEGGER_RTT.o
 .debug_abbrev  0x0000000000003374       0x14 ./common/third_party/SEGGER/SEGGER/SEGGER_RTT_ASM_ARMv7M.o
 .debug_abbrev  0x0000000000003388      0x349 ./common/third_party/SEGGER/SEGGER/SEGGER_SYSVIEW.o

.debug_aranges  0x0000000000000000     0x1550
 .debug_aranges
                0x0000000000000000       0x50 ./Core/Src/main.o
 .debug_aranges
                0x0000000000000050       0x40 ./Core/Src/stm32f4xx_hal_msp.o
 .debug_aranges
                0x0000000000000090       0x30 ./Core/Src/stm32f4xx_hal_timebase_tim.o
 .debug_aranges
                0x00000000000000c0       0x50 ./Core/Src/stm32f4xx_it.o
 .debug_aranges
                0x0000000000000110       0x28 ./Core/Src/system_stm32f4xx.o
 .debug_aranges
                0x0000000000000138       0x20 ./Core/Src/task_handlers.o
 .debug_aranges
                0x0000000000000158       0x28 ./Core/Startup/startup_stm32f411retx.o
 .debug_aranges
                0x0000000000000180       0xf0 ./Drivers/STM32F4xx_HAL_Driver/Src/stm32f4xx_hal.o
 .debug_aranges
                0x0000000000000270      0x130 ./Drivers/STM32F4xx_HAL_Driver/Src/stm32f4xx_hal_cortex.o
 .debug_aranges
                0x00000000000003a0       0x58 ./Drivers/STM32F4xx_HAL_Driver/Src/stm32f4xx_hal_gpio.o
 .debug_aranges
                0x00000000000003f8       0x88 ./Drivers/STM32F4xx_HAL_Driver/Src/stm32f4xx_hal_rcc.o
 .debug_aranges
                0x0000000000000480       0x50 ./Drivers/STM32F4xx_HAL_Driver/Src/stm32f4xx_hal_rcc_ex.o
 .debug_aranges
                0x00000000000004d0       0xe8 ./Drivers/STM32F4xx_HAL_Driver/Src/stm32f4xx_hal_rtc.o
 .debug_aranges
                0x00000000000005b8      0x3d0 ./Drivers/STM32F4xx_HAL_Driver/Src/stm32f4xx_hal_tim.o
 .debug_aranges
                0x0000000000000988      0x168 ./Drivers/STM32F4xx_HAL_Driver/Src/stm32f4xx_hal_tim_ex.o
 .debug_aranges
                0x0000000000000af0      0x178 ./Drivers/STM32F4xx_HAL_Driver/Src/stm32f4xx_hal_usart.o
 .debug_aranges
                0x0000000000000c68       0x40 ./common/third_party/FreeRTOS/list.o
 .debug_aranges
                0x0000000000000ca8      0x130 ./common/third_party/FreeRTOS/queue.o
 .debug_aranges
                0x0000000000000dd8      0x208 ./common/third_party/FreeRTOS/tasks.o
 .debug_aranges
                0x0000000000000fe0       0x88 ./common/third_party/FreeRTOS/portable/GCC/ARM_CM4F/port.o
 .debug_aranges
                0x0000000000001068       0x60 ./common/third_party/FreeRTOS/portable/MemMang/heap_4.o
 .debug_aranges
                0x00000000000010c8       0x48 ./common/third_party/SEGGER/OS/SEGGER_SYSVIEW_FreeRTOS.o
 .debug_aranges
                0x0000000000001110       0x68 ./common/third_party/SEGGER/Rec/segger_uart.o
 .debug_aranges
                0x0000000000001178      0x138 ./common/third_party/SEGGER/SEGGER/SEGGER_RTT.o
 .debug_aranges
                0x00000000000012b0       0x20 ./common/third_party/SEGGER/SEGGER/SEGGER_RTT_ASM_ARMv7M.o
 .debug_aranges
                0x00000000000012d0      0x280 ./common/third_party/SEGGER/SEGGER/SEGGER_SYSVIEW.o

.debug_rnglists
                0x0000000000000000     0x106b
 .debug_rnglists
                0x0000000000000000       0x38 ./Core/Src/main.o
 .debug_rnglists
                0x0000000000000038       0x2c ./Core/Src/stm32f4xx_hal_msp.o
 .debug_rnglists
                0x0000000000000064       0x20 ./Core/Src/stm32f4xx_hal_timebase_tim.o
 .debug_rnglists
                0x0000000000000084       0x37 ./Core/Src/stm32f4xx_it.o
 .debug_rnglists
                0x00000000000000bb       0x1a ./Core/Src/system_stm32f4xx.o
 .debug_rnglists
                0x00000000000000d5       0x14 ./Core/Src/task_handlers.o
 .debug_rnglists
                0x00000000000000e9       0x19 ./Core/Startup/startup_stm32f411retx.o
 .debug_rnglists
                0x0000000000000102       0xaf ./Drivers/STM32F4xx_HAL_Driver/Src/stm32f4xx_hal.o
 .debug_rnglists
                0x00000000000001b1       0xe0 ./Drivers/STM32F4xx_HAL_Driver/Src/stm32f4xx_hal_cortex.o
 .debug_rnglists
                0x0000000000000291       0x3f ./Drivers/STM32F4xx_HAL_Driver/Src/stm32f4xx_hal_gpio.o
 .debug_rnglists
                0x00000000000002d0       0x66 ./Drivers/STM32F4xx_HAL_Driver/Src/stm32f4xx_hal_rcc.o
 .debug_rnglists
                0x0000000000000336       0x3c ./Drivers/STM32F4xx_HAL_Driver/Src/stm32f4xx_hal_rcc_ex.o
 .debug_rnglists
                0x0000000000000372       0xb4 ./Drivers/STM32F4xx_HAL_Driver/Src/stm32f4xx_hal_rtc.o
 .debug_rnglists
                0x0000000000000426      0x31a ./Drivers/STM32F4xx_HAL_Driver/Src/stm32f4xx_hal_tim.o
 .debug_rnglists
                0x0000000000000740      0x125 ./Drivers/STM32F4xx_HAL_Driver/Src/stm32f4xx_hal_tim_ex.o
 .debug_rnglists
                0x0000000000000865      0x12a ./Drivers/STM32F4xx_HAL_Driver/Src/stm32f4xx_hal_usart.o
 .debug_rnglists
                0x000000000000098f       0x2b ./common/third_party/FreeRTOS/list.o
 .debug_rnglists
                0x00000000000009ba       0xec ./common/third_party/FreeRTOS/queue.o
 .debug_rnglists
                0x0000000000000aa6      0x1a1 ./common/third_party/FreeRTOS/tasks.o
 .debug_rnglists
                0x0000000000000c47       0x64 ./common/third_party/FreeRTOS/portable/GCC/ARM_CM4F/port.o
 .debug_rnglists
                0x0000000000000cab       0x48 ./common/third_party/FreeRTOS/portable/MemMang/heap_4.o
 .debug_rnglists
                0x0000000000000cf3       0x36 ./common/third_party/SEGGER/OS/SEGGER_SYSVIEW_FreeRTOS.o
 .debug_rnglists
                0x0000000000000d29       0x4b ./common/third_party/SEGGER/Rec/segger_uart.o
 .debug_rnglists
                0x0000000000000d74       0xf5 ./common/third_party/SEGGER/SEGGER/SEGGER_RTT.o
 .debug_rnglists
                0x0000000000000e69      0x202 ./common/third_party/SEGGER/SEGGER/SEGGER_SYSVIEW.o

.debug_macro    0x0000000000000000    0x1a5bb
 .debug_macro   0x0000000000000000      0x3dc ./Core/Src/main.o
 .debug_macro   0x00000000000003dc      0xaa8 ./Core/Src/main.o
 .debug_macro   0x0000000000000e84      0x2a1 ./Core/Src/main.o
 .debug_macro   0x0000000000001125       0x2e ./Core/Src/main.o
 .debug_macro   0x0000000000001153       0x28 ./Core/Src/main.o
 .debug_macro   0x000000000000117b       0x22 ./Core/Src/main.o
 .debug_macro   0x000000000000119d       0x8e ./Core/Src/main.o
 .debug_macro   0x000000000000122b       0x51 ./Core/Src/main.o
 .debug_macro   0x000000000000127c      0x103 ./Core/Src/main.o
 .debug_macro   0x000000000000137f       0x6a ./Core/Src/main.o
 .debug_macro   0x00000000000013e9      0x1df ./Core/Src/main.o
 .debug_macro   0x00000000000015c8       0x1c ./Core/Src/main.o
 .debug_macro   0x00000000000015e4       0x22 ./Core/Src/main.o
 .debug_macro   0x0000000000001606       0xfb ./Core/Src/main.o
 .debug_macro   0x0000000000001701     0x1011 ./Core/Src/main.o
 .debug_macro   0x0000000000002712      0x11f ./Core/Src/main.o
 .debug_macro   0x0000000000002831     0xb953 ./Core/Src/main.o
 .debug_macro   0x000000000000e184       0x6d ./Core/Src/main.o
 .debug_macro   0x000000000000e1f1     0x369a ./Core/Src/main.o
 .debug_macro   0x000000000001188b      0x174 ./Core/Src/main.o
 .debug_macro   0x00000000000119ff       0x5c ./Core/Src/main.o
 .debug_macro   0x0000000000011a5b      0x45c ./Core/Src/main.o
 .debug_macro   0x0000000000011eb7      0x9e9 ./Core/Src/main.o
 .debug_macro   0x00000000000128a0      0x115 ./Core/Src/main.o
 .debug_macro   0x00000000000129b5      0x11b ./Core/Src/main.o
 .debug_macro   0x0000000000012ad0       0xa5 ./Core/Src/main.o
 .debug_macro   0x0000000000012b75      0x15f ./Core/Src/main.o
 .debug_macro   0x0000000000012cd4      0x287 ./Core/Src/main.o
 .debug_macro   0x0000000000012f5b       0x5f ./Core/Src/main.o
 .debug_macro   0x0000000000012fba      0x236 ./Core/Src/main.o
 .debug_macro   0x00000000000131f0      0x132 ./Core/Src/main.o
 .debug_macro   0x0000000000013322      0x264 ./Core/Src/main.o
 .debug_macro   0x0000000000013586       0x2e ./Core/Src/main.o
 .debug_macro   0x00000000000135b4      0x127 ./Core/Src/main.o
 .debug_macro   0x00000000000136db       0x85 ./Core/Src/main.o
 .debug_macro   0x0000000000013760       0x89 ./Core/Src/main.o
 .debug_macro   0x00000000000137e9      0x305 ./Core/Src/main.o
 .debug_macro   0x0000000000013aee      0x429 ./Core/Src/main.o
 .debug_macro   0x0000000000013f17       0xeb ./Core/Src/main.o
 .debug_macro   0x0000000000014002      0x8ed ./Core/Src/main.o
 .debug_macro   0x00000000000148ef       0x47 ./Core/Src/main.o
 .debug_macro   0x0000000000014936      0x217 ./Core/Src/main.o
 .debug_macro   0x0000000000014b4d      0x126 ./Core/Src/main.o
 .debug_macro   0x0000000000014c73       0x61 ./Core/Src/main.o
 .debug_macro   0x0000000000014cd4       0x2a ./Core/Src/main.o
 .debug_macro   0x0000000000014cfe       0x43 ./Core/Src/main.o
 .debug_macro   0x0000000000014d41       0x34 ./Core/Src/main.o
 .debug_macro   0x0000000000014d75       0x16 ./Core/Src/main.o
 .debug_macro   0x0000000000014d8b       0x43 ./Core/Src/main.o
 .debug_macro   0x0000000000014dce       0x34 ./Core/Src/main.o
 .debug_macro   0x0000000000014e02       0x10 ./Core/Src/main.o
 .debug_macro   0x0000000000014e12       0x58 ./Core/Src/main.o
 .debug_macro   0x0000000000014e6a       0x8e ./Core/Src/main.o
 .debug_macro   0x0000000000014ef8       0x1c ./Core/Src/main.o
 .debug_macro   0x0000000000014f14      0x177 ./Core/Src/main.o
 .debug_macro   0x000000000001508b      0x369 ./Core/Src/main.o
 .debug_macro   0x00000000000153f4       0x10 ./Core/Src/main.o
 .debug_macro   0x0000000000015404       0x35 ./Core/Src/main.o
 .debug_macro   0x0000000000015439       0x20 ./Core/Src/main.o
 .debug_macro   0x0000000000015459       0x1c ./Core/Src/main.o
 .debug_macro   0x0000000000015475       0x10 ./Core/Src/main.o
 .debug_macro   0x0000000000015485       0x1c ./Core/Src/main.o
 .debug_macro   0x00000000000154a1       0x16 ./Core/Src/main.o
 .debug_macro   0x00000000000154b7      0x147 ./Core/Src/main.o
 .debug_macro   0x00000000000155fe      0x106 ./Core/Src/main.o
 .debug_macro   0x0000000000015704       0x4c ./Core/Src/main.o
 .debug_macro   0x0000000000015750       0x46 ./Core/Src/main.o
 .debug_macro   0x0000000000015796       0x64 ./Core/Src/main.o
 .debug_macro   0x00000000000157fa       0x16 ./Core/Src/main.o
 .debug_macro   0x0000000000015810       0x49 ./Core/Src/main.o
 .debug_macro   0x0000000000015859       0xbc ./Core/Src/main.o
 .debug_macro   0x0000000000015915      0x204 ./Core/Src/main.o
 .debug_macro   0x0000000000015b19      0x450 ./Core/Src/main.o
 .debug_macro   0x0000000000015f69      0x15a ./Core/Src/main.o
 .debug_macro   0x00000000000160c3       0xea ./Core/Src/main.o
 .debug_macro   0x00000000000161ad       0x28 ./Core/Src/main.o
 .debug_macro   0x00000000000161d5       0x1f ./Core/Src/main.o
 .debug_macro   0x00000000000161f4       0x12 ./Core/Src/main.o
 .debug_macro   0x0000000000016206      0x400 ./Core/Src/main.o
 .debug_macro   0x0000000000016606       0xc3 ./Core/Src/main.o
 .debug_macro   0x00000000000166c9      0x120 ./Core/Src/main.o
 .debug_macro   0x00000000000167e9       0x80 ./Core/Src/main.o
 .debug_macro   0x0000000000016869       0x97 ./Core/Src/main.o
 .debug_macro   0x0000000000016900      0x3dc ./Core/Src/stm32f4xx_hal_msp.o
 .debug_macro   0x0000000000016cdc      0x1e7 ./Core/Src/stm32f4xx_hal_timebase_tim.o
 .debug_macro   0x0000000000016ec3      0x3e6 ./Core/Src/stm32f4xx_it.o
 .debug_macro   0x00000000000172a9      0x1e7 ./Core/Src/system_stm32f4xx.o
 .debug_macro   0x0000000000017490      0x3dc ./Core/Src/task_handlers.o
 .debug_macro   0x000000000001786c      0x247 ./Drivers/STM32F4xx_HAL_Driver/Src/stm32f4xx_hal.o
 .debug_macro   0x0000000000017ab3      0x1e7 ./Drivers/STM32F4xx_HAL_Driver/Src/stm32f4xx_hal_cortex.o
 .debug_macro   0x0000000000017c9a      0x1ed ./Drivers/STM32F4xx_HAL_Driver/Src/stm32f4xx_hal_gpio.o
 .debug_macro   0x0000000000017e87      0x20b ./Drivers/STM32F4xx_HAL_Driver/Src/stm32f4xx_hal_rcc.o
 .debug_macro   0x0000000000018092      0x1e7 ./Drivers/STM32F4xx_HAL_Driver/Src/stm32f4xx_hal_rcc_ex.o
 .debug_macro   0x0000000000018279      0x1e8 ./Drivers/STM32F4xx_HAL_Driver/Src/stm32f4xx_hal_rtc.o
 .debug_macro   0x0000000000018461      0x1e8 ./Drivers/STM32F4xx_HAL_Driver/Src/stm32f4xx_hal_tim.o
 .debug_macro   0x0000000000018649      0x1e7 ./Drivers/STM32F4xx_HAL_Driver/Src/stm32f4xx_hal_tim_ex.o
 .debug_macro   0x0000000000018830      0x1f6 ./Drivers/STM32F4xx_HAL_Driver/Src/stm32f4xx_hal_usart.o
 .debug_macro   0x0000000000018a26      0x1f8 ./common/third_party/FreeRTOS/list.o
 .debug_macro   0x0000000000018c1e      0x28f ./common/third_party/FreeRTOS/queue.o
 .debug_macro   0x0000000000018ead       0x16 ./common/third_party/FreeRTOS/queue.o
 .debug_macro   0x0000000000018ec3      0x2de ./common/third_party/FreeRTOS/tasks.o
 .debug_macro   0x00000000000191a1       0x17 ./common/third_party/FreeRTOS/tasks.o
 .debug_macro   0x00000000000191b8      0x207 ./common/third_party/FreeRTOS/portable/GCC/ARM_CM4F/port.o
 .debug_macro   0x00000000000193bf      0x279 ./common/third_party/FreeRTOS/portable/MemMang/heap_4.o
 .debug_macro   0x0000000000019638      0x207 ./common/third_party/SEGGER/OS/SEGGER_SYSVIEW_FreeRTOS.o
 .debug_macro   0x000000000001983f      0x43f ./common/third_party/SEGGER/Rec/segger_uart.o
 .debug_macro   0x0000000000019c7e       0x3a ./common/third_party/SEGGER/Rec/segger_uart.o
 .debug_macro   0x0000000000019cb8      0x138 ./common/third_party/SEGGER/Rec/segger_uart.o
 .debug_macro   0x0000000000019df0       0x56 ./common/third_party/SEGGER/Rec/segger_uart.o
 .debug_macro   0x0000000000019e46      0x1bd ./common/third_party/SEGGER/SEGGER/SEGGER_RTT.o
 .debug_macro   0x000000000001a003       0x34 ./common/third_party/SEGGER/SEGGER/SEGGER_RTT.o
 .debug_macro   0x000000000001a037      0x212 ./common/third_party/SEGGER/SEGGER/SEGGER_SYSVIEW.o
 .debug_macro   0x000000000001a249      0x204 ./common/third_party/SEGGER/SEGGER/SEGGER_SYSVIEW.o
 .debug_macro   0x000000000001a44d      0x16e ./common/third_party/SEGGER/SEGGER/SEGGER_SYSVIEW.o

.debug_line     0x0000000000000000    0x1905c
 .debug_line    0x0000000000000000      0xcd9 ./Core/Src/main.o
 .debug_line    0x0000000000000cd9      0xc25 ./Core/Src/stm32f4xx_hal_msp.o
 .debug_line    0x00000000000018fe      0x791 ./Core/Src/stm32f4xx_hal_timebase_tim.o
 .debug_line    0x000000000000208f      0xc28 ./Core/Src/stm32f4xx_it.o
 .debug_line    0x0000000000002cb7      0x797 ./Core/Src/system_stm32f4xx.o
 .debug_line    0x000000000000344e      0xbc7 ./Core/Src/task_handlers.o
 .debug_line    0x0000000000004015       0x7a ./Core/Startup/startup_stm32f411retx.o
 .debug_line    0x000000000000408f      0x9fd ./Drivers/STM32F4xx_HAL_Driver/Src/stm32f4xx_hal.o
 .debug_line    0x0000000000004a8c      0xcf7 ./Drivers/STM32F4xx_HAL_Driver/Src/stm32f4xx_hal_cortex.o
 .debug_line    0x0000000000005783      0xb35 ./Drivers/STM32F4xx_HAL_Driver/Src/stm32f4xx_hal_gpio.o
 .debug_line    0x00000000000062b8      0xd8c ./Drivers/STM32F4xx_HAL_Driver/Src/stm32f4xx_hal_rcc.o
 .debug_line    0x0000000000007044      0xa5c ./Drivers/STM32F4xx_HAL_Driver/Src/stm32f4xx_hal_rcc_ex.o
 .debug_line    0x0000000000007aa0     0x10e7 ./Drivers/STM32F4xx_HAL_Driver/Src/stm32f4xx_hal_rtc.o
 .debug_line    0x0000000000008b87     0x3563 ./Drivers/STM32F4xx_HAL_Driver/Src/stm32f4xx_hal_tim.o
 .debug_line    0x000000000000c0ea     0x1994 ./Drivers/STM32F4xx_HAL_Driver/Src/stm32f4xx_hal_tim_ex.o
 .debug_line    0x000000000000da7e     0x18d5 ./Drivers/STM32F4xx_HAL_Driver/Src/stm32f4xx_hal_usart.o
 .debug_line    0x000000000000f353      0x937 ./common/third_party/FreeRTOS/list.o
 .debug_line    0x000000000000fc8a     0x1875 ./common/third_party/FreeRTOS/queue.o
 .debug_line    0x00000000000114ff     0x2043 ./common/third_party/FreeRTOS/tasks.o
 .debug_line    0x0000000000013542      0xa41 ./common/third_party/FreeRTOS/portable/GCC/ARM_CM4F/port.o
 .debug_line    0x0000000000013f83      0xbb8 ./common/third_party/FreeRTOS/portable/MemMang/heap_4.o
 .debug_line    0x0000000000014b3b      0x99e ./common/third_party/SEGGER/OS/SEGGER_SYSVIEW_FreeRTOS.o
 .debug_line    0x00000000000154d9      0xc19 ./common/third_party/SEGGER/Rec/segger_uart.o
 .debug_line    0x00000000000160f2      0xf00 ./common/third_party/SEGGER/SEGGER/SEGGER_RTT.o
 .debug_line    0x0000000000016ff2       0x86 ./common/third_party/SEGGER/SEGGER/SEGGER_RTT_ASM_ARMv7M.o
 .debug_line    0x0000000000017078     0x1fe4 ./common/third_party/SEGGER/SEGGER/SEGGER_SYSVIEW.o

.debug_str      0x0000000000000000    0xa2974
 .debug_str     0x0000000000000000    0x99e1e ./Core/Src/main.o
                                      0x9a1f5 (size before relaxing)
 .debug_str     0x0000000000099e1e      0x138 ./Core/Src/stm32f4xx_hal_msp.o
                                      0x99d39 (size before relaxing)
 .debug_str     0x0000000000099f56      0x4b9 ./Core/Src/stm32f4xx_hal_timebase_tim.o
                                      0x8ca58 (size before relaxing)
 .debug_str     0x000000000009a40f       0xb5 ./Core/Src/stm32f4xx_it.o
                                      0x99a08 (size before relaxing)
 .debug_str     0x000000000009a4c4       0xdb ./Core/Src/system_stm32f4xx.o
                                      0x8c0b9 (size before relaxing)
 .debug_str     0x000000000009a59f       0x7e ./Core/Src/task_handlers.o
                                      0x9950e (size before relaxing)
 .debug_str     0x000000000009a61d       0x34 ./Core/Startup/startup_stm32f411retx.o
                                         0x74 (size before relaxing)
 .debug_str     0x000000000009a651      0x5d3 ./Drivers/STM32F4xx_HAL_Driver/Src/stm32f4xx_hal.o
                                      0x8cae5 (size before relaxing)
 .debug_str     0x000000000009ac24      0x37a ./Drivers/STM32F4xx_HAL_Driver/Src/stm32f4xx_hal_cortex.o
                                      0x8c84f (size before relaxing)
 .debug_str     0x000000000009af9e      0x121 ./Drivers/STM32F4xx_HAL_Driver/Src/stm32f4xx_hal_gpio.o
                                      0x8c234 (size before relaxing)
 .debug_str     0x000000000009b0bf      0x1fd ./Drivers/STM32F4xx_HAL_Driver/Src/stm32f4xx_hal_rcc.o
                                      0x8c4ed (size before relaxing)
 .debug_str     0x000000000009b2bc      0x111 ./Drivers/STM32F4xx_HAL_Driver/Src/stm32f4xx_hal_rcc_ex.o
                                      0x8c241 (size before relaxing)
 .debug_str     0x000000000009b3cd      0x33e ./Drivers/STM32F4xx_HAL_Driver/Src/stm32f4xx_hal_rtc.o
                                      0x8c516 (size before relaxing)
 .debug_str     0x000000000009b70b      0xe79 ./Drivers/STM32F4xx_HAL_Driver/Src/stm32f4xx_hal_tim.o
                                      0x8d431 (size before relaxing)
 .debug_str     0x000000000009c584      0x503 ./Drivers/STM32F4xx_HAL_Driver/Src/stm32f4xx_hal_tim_ex.o
                                      0x8cc3d (size before relaxing)
 .debug_str     0x000000000009ca87      0x48f ./Drivers/STM32F4xx_HAL_Driver/Src/stm32f4xx_hal_usart.o
                                      0x8c8cc (size before relaxing)
 .debug_str     0x000000000009cf16      0x29c ./common/third_party/FreeRTOS/list.o
                                       0xf068 (size before relaxing)
 .debug_str     0x000000000009d1b2      0xd45 ./common/third_party/FreeRTOS/queue.o
                                      0x117e9 (size before relaxing)
 .debug_str     0x000000000009def7     0x1489 ./common/third_party/FreeRTOS/tasks.o
                                      0x1231e (size before relaxing)
 .debug_str     0x000000000009f380      0x884 ./common/third_party/FreeRTOS/portable/GCC/ARM_CM4F/port.o
                                       0xd926 (size before relaxing)
 .debug_str     0x000000000009fc04      0x617 ./common/third_party/FreeRTOS/portable/MemMang/heap_4.o
                                      0x10892 (size before relaxing)
 .debug_str     0x00000000000a021b      0x172 ./common/third_party/SEGGER/OS/SEGGER_SYSVIEW_FreeRTOS.o
                                      0x102bd (size before relaxing)
 .debug_str     0x00000000000a038d     0x1068 ./common/third_party/SEGGER/Rec/segger_uart.o
                                      0x91fb5 (size before relaxing)
 .debug_str     0x00000000000a13f5      0x765 ./common/third_party/SEGGER/SEGGER/SEGGER_RTT.o
                                       0x7bd5 (size before relaxing)
 .debug_str     0x00000000000a1b5a       0x6b ./common/third_party/SEGGER/SEGGER/SEGGER_RTT_ASM_ARMv7M.o
                                         0xb7 (size before relaxing)
 .debug_str     0x00000000000a1bc5      0xdaf ./common/third_party/SEGGER/SEGGER/SEGGER_SYSVIEW.o
                                       0x9c29 (size before relaxing)

.debug_frame    0x0000000000000000     0x5988
 .debug_frame   0x0000000000000000       0xec ./Core/Src/main.o
 .debug_frame   0x00000000000000ec       0xcc ./Core/Src/stm32f4xx_hal_msp.o
 .debug_frame   0x00000000000001b8       0x74 ./Core/Src/stm32f4xx_hal_timebase_tim.o
 .debug_frame   0x000000000000022c       0xc4 ./Core/Src/stm32f4xx_it.o
 .debug_frame   0x00000000000002f0       0x58 ./Core/Src/system_stm32f4xx.o
 .debug_frame   0x0000000000000348       0x30 ./Core/Src/task_handlers.o
 .debug_frame   0x0000000000000378      0x374 ./Drivers/STM32F4xx_HAL_Driver/Src/stm32f4xx_hal.o
 .debug_frame   0x00000000000006ec      0x508 ./Drivers/STM32F4xx_HAL_Driver/Src/stm32f4xx_hal_cortex.o
 .debug_frame   0x0000000000000bf4      0x14c ./Drivers/STM32F4xx_HAL_Driver/Src/stm32f4xx_hal_gpio.o
 .debug_frame   0x0000000000000d40      0x1f4 ./Drivers/STM32F4xx_HAL_Driver/Src/stm32f4xx_hal_rcc.o
 .debug_frame   0x0000000000000f34      0x118 ./Drivers/STM32F4xx_HAL_Driver/Src/stm32f4xx_hal_rcc_ex.o
 .debug_frame   0x000000000000104c      0x3f4 ./Drivers/STM32F4xx_HAL_Driver/Src/stm32f4xx_hal_rtc.o
 .debug_frame   0x0000000000001440     0x11b8 ./Drivers/STM32F4xx_HAL_Driver/Src/stm32f4xx_hal_tim.o
 .debug_frame   0x00000000000025f8      0x638 ./Drivers/STM32F4xx_HAL_Driver/Src/stm32f4xx_hal_tim_ex.o
 .debug_frame   0x0000000000002c30      0x6ac ./Drivers/STM32F4xx_HAL_Driver/Src/stm32f4xx_hal_usart.o
 .debug_frame   0x00000000000032dc       0xd8 ./common/third_party/FreeRTOS/list.o
 .debug_frame   0x00000000000033b4      0x544 ./common/third_party/FreeRTOS/queue.o
 .debug_frame   0x00000000000038f8      0x904 ./common/third_party/FreeRTOS/tasks.o
 .debug_frame   0x00000000000041fc      0x1d0 ./common/third_party/FreeRTOS/portable/GCC/ARM_CM4F/port.o
 .debug_frame   0x00000000000043cc      0x150 ./common/third_party/FreeRTOS/portable/MemMang/heap_4.o
 .debug_frame   0x000000000000451c      0x104 ./common/third_party/SEGGER/OS/SEGGER_SYSVIEW_FreeRTOS.o
 .debug_frame   0x0000000000004620      0x178 ./common/third_party/SEGGER/Rec/segger_uart.o
 .debug_frame   0x0000000000004798      0x530 ./common/third_party/SEGGER/SEGGER/SEGGER_RTT.o
 .debug_frame   0x0000000000004cc8      0xbc4 ./common/third_party/SEGGER/SEGGER/SEGGER_SYSVIEW.o
 .debug_frame   0x000000000000588c       0x28 /Applications/STM32CubeIDE.app/Contents/Eclipse/plugins/com.st.stm32cube.ide.mcu.externaltools.gnu-tools-for-stm32.11.3.rel1.macos64_1.1.100.202310310803/tools/bin/../lib/gcc/arm-none-eabi/11.3.1/../../../../arm-none-eabi/lib/thumb/v7e-m+fp/hard/libc_nano.a(libc_a-memcmp.o)
 .debug_frame   0x00000000000058b4       0x20 /Applications/STM32CubeIDE.app/Contents/Eclipse/plugins/com.st.stm32cube.ide.mcu.externaltools.gnu-tools-for-stm32.11.3.rel1.macos64_1.1.100.202310310803/tools/bin/../lib/gcc/arm-none-eabi/11.3.1/../../../../arm-none-eabi/lib/thumb/v7e-m+fp/hard/libc_nano.a(libc_a-memset.o)
 .debug_frame   0x00000000000058d4       0x2c /Applications/STM32CubeIDE.app/Contents/Eclipse/plugins/com.st.stm32cube.ide.mcu.externaltools.gnu-tools-for-stm32.11.3.rel1.macos64_1.1.100.202310310803/tools/bin/../lib/gcc/arm-none-eabi/11.3.1/../../../../arm-none-eabi/lib/thumb/v7e-m+fp/hard/libc_nano.a(libc_a-init.o)
 .debug_frame   0x0000000000005900       0x28 /Applications/STM32CubeIDE.app/Contents/Eclipse/plugins/com.st.stm32cube.ide.mcu.externaltools.gnu-tools-for-stm32.11.3.rel1.macos64_1.1.100.202310310803/tools/bin/../lib/gcc/arm-none-eabi/11.3.1/../../../../arm-none-eabi/lib/thumb/v7e-m+fp/hard/libc_nano.a(libc_a-memcpy-stub.o)
 .debug_frame   0x0000000000005928       0x2c /Applications/STM32CubeIDE.app/Contents/Eclipse/plugins/com.st.stm32cube.ide.mcu.externaltools.gnu-tools-for-stm32.11.3.rel1.macos64_1.1.100.202310310803/tools/bin/../lib/gcc/arm-none-eabi/11.3.1/thumb/v7e-m+fp/hard/libgcc.a(_aeabi_uldivmod.o)
 .debug_frame   0x0000000000005954       0x34 /Applications/STM32CubeIDE.app/Contents/Eclipse/plugins/com.st.stm32cube.ide.mcu.externaltools.gnu-tools-for-stm32.11.3.rel1.macos64_1.1.100.202310310803/tools/bin/../lib/gcc/arm-none-eabi/11.3.1/thumb/v7e-m+fp/hard/libgcc.a(_udivmoddi4.o)

.debug_line_str
                0x0000000000000000       0xd3
 .debug_line_str
                0x0000000000000000       0x68 ./Core/Startup/startup_stm32f411retx.o
                                         0x80 (size before relaxing)
 .debug_line_str
                0x0000000000000068       0x6b ./common/third_party/SEGGER/SEGGER/SEGGER_RTT_ASM_ARMv7M.o
                                         0xc3 (size before relaxing)
