Archive member included to satisfy reference by file (symbol)

/Applications/STM32CubeIDE.app/Contents/Eclipse/plugins/com.st.stm32cube.ide.mcu.externaltools.gnu-tools-for-stm32.12.3.rel1.macos64_1.0.200.202406191456/tools/bin/../lib/gcc/arm-none-eabi/12.3.1/../../../../arm-none-eabi/lib/thumb/v7e-m+fp/hard/libc_nano.a(libc_a-exit.o)
                              /Applications/STM32CubeIDE.app/Contents/Eclipse/plugins/com.st.stm32cube.ide.mcu.externaltools.gnu-tools-for-stm32.12.3.rel1.macos64_1.0.200.202406191456/tools/bin/../lib/gcc/arm-none-eabi/12.3.1/../../../../arm-none-eabi/lib/thumb/v7e-m+fp/hard/crt0.o (exit)
/Applications/STM32CubeIDE.app/Contents/Eclipse/plugins/com.st.stm32cube.ide.mcu.externaltools.gnu-tools-for-stm32.12.3.rel1.macos64_1.0.200.202406191456/tools/bin/../lib/gcc/arm-none-eabi/12.3.1/../../../../arm-none-eabi/lib/thumb/v7e-m+fp/hard/libc_nano.a(libc_a-sprintf.o)
                              ./Core/Src/rtc.o (sprintf)
/Applications/STM32CubeIDE.app/Contents/Eclipse/plugins/com.st.stm32cube.ide.mcu.externaltools.gnu-tools-for-stm32.12.3.rel1.macos64_1.0.200.202406191456/tools/bin/../lib/gcc/arm-none-eabi/12.3.1/../../../../arm-none-eabi/lib/thumb/v7e-m+fp/hard/libc_nano.a(libc_a-sscanf.o)
                              ./Core/Src/task_handlers.o (sscanf)
/Applications/STM32CubeIDE.app/Contents/Eclipse/plugins/com.st.stm32cube.ide.mcu.externaltools.gnu-tools-for-stm32.12.3.rel1.macos64_1.0.200.202406191456/tools/bin/../lib/gcc/arm-none-eabi/12.3.1/../../../../arm-none-eabi/lib/thumb/v7e-m+fp/hard/libc_nano.a(libc_a-stdio.o)
                              /Applications/STM32CubeIDE.app/Contents/Eclipse/plugins/com.st.stm32cube.ide.mcu.externaltools.gnu-tools-for-stm32.12.3.rel1.macos64_1.0.200.202406191456/tools/bin/../lib/gcc/arm-none-eabi/12.3.1/../../../../arm-none-eabi/lib/thumb/v7e-m+fp/hard/libc_nano.a(libc_a-sscanf.o) (__seofread)
/Applications/STM32CubeIDE.app/Contents/Eclipse/plugins/com.st.stm32cube.ide.mcu.externaltools.gnu-tools-for-stm32.12.3.rel1.macos64_1.0.200.202406191456/tools/bin/../lib/gcc/arm-none-eabi/12.3.1/../../../../arm-none-eabi/lib/thumb/v7e-m+fp/hard/libc_nano.a(libc_a-findfp.o)
                              /Applications/STM32CubeIDE.app/Contents/Eclipse/plugins/com.st.stm32cube.ide.mcu.externaltools.gnu-tools-for-stm32.12.3.rel1.macos64_1.0.200.202406191456/tools/bin/../lib/gcc/arm-none-eabi/12.3.1/../../../../arm-none-eabi/lib/thumb/v7e-m+fp/hard/libc_nano.a(libc_a-exit.o) (__stdio_exit_handler)
/Applications/STM32CubeIDE.app/Contents/Eclipse/plugins/com.st.stm32cube.ide.mcu.externaltools.gnu-tools-for-stm32.12.3.rel1.macos64_1.0.200.202406191456/tools/bin/../lib/gcc/arm-none-eabi/12.3.1/../../../../arm-none-eabi/lib/thumb/v7e-m+fp/hard/libc_nano.a(libc_a-fwalk.o)
                              /Applications/STM32CubeIDE.app/Contents/Eclipse/plugins/com.st.stm32cube.ide.mcu.externaltools.gnu-tools-for-stm32.12.3.rel1.macos64_1.0.200.202406191456/tools/bin/../lib/gcc/arm-none-eabi/12.3.1/../../../../arm-none-eabi/lib/thumb/v7e-m+fp/hard/libc_nano.a(libc_a-findfp.o) (_fwalk_sglue)
/Applications/STM32CubeIDE.app/Contents/Eclipse/plugins/com.st.stm32cube.ide.mcu.externaltools.gnu-tools-for-stm32.12.3.rel1.macos64_1.0.200.202406191456/tools/bin/../lib/gcc/arm-none-eabi/12.3.1/../../../../arm-none-eabi/lib/thumb/v7e-m+fp/hard/libc_nano.a(libc_a-memset.o)
                              /Applications/STM32CubeIDE.app/Contents/Eclipse/plugins/com.st.stm32cube.ide.mcu.externaltools.gnu-tools-for-stm32.12.3.rel1.macos64_1.0.200.202406191456/tools/bin/../lib/gcc/arm-none-eabi/12.3.1/../../../../arm-none-eabi/lib/thumb/v7e-m+fp/hard/crt0.o (memset)
/Applications/STM32CubeIDE.app/Contents/Eclipse/plugins/com.st.stm32cube.ide.mcu.externaltools.gnu-tools-for-stm32.12.3.rel1.macos64_1.0.200.202406191456/tools/bin/../lib/gcc/arm-none-eabi/12.3.1/../../../../arm-none-eabi/lib/thumb/v7e-m+fp/hard/libc_nano.a(libc_a-closer.o)
                              /Applications/STM32CubeIDE.app/Contents/Eclipse/plugins/com.st.stm32cube.ide.mcu.externaltools.gnu-tools-for-stm32.12.3.rel1.macos64_1.0.200.202406191456/tools/bin/../lib/gcc/arm-none-eabi/12.3.1/../../../../arm-none-eabi/lib/thumb/v7e-m+fp/hard/libc_nano.a(libc_a-stdio.o) (_close_r)
/Applications/STM32CubeIDE.app/Contents/Eclipse/plugins/com.st.stm32cube.ide.mcu.externaltools.gnu-tools-for-stm32.12.3.rel1.macos64_1.0.200.202406191456/tools/bin/../lib/gcc/arm-none-eabi/12.3.1/../../../../arm-none-eabi/lib/thumb/v7e-m+fp/hard/libc_nano.a(libc_a-reent.o)
                              /Applications/STM32CubeIDE.app/Contents/Eclipse/plugins/com.st.stm32cube.ide.mcu.externaltools.gnu-tools-for-stm32.12.3.rel1.macos64_1.0.200.202406191456/tools/bin/../lib/gcc/arm-none-eabi/12.3.1/../../../../arm-none-eabi/lib/thumb/v7e-m+fp/hard/libc_nano.a(libc_a-closer.o) (errno)
[...]
Memory Configuration

Name             Origin             Length             Attributes
RAM              0x20000000         0x00020000         xrw
FLASH            0x08000000         0x00080000         xr
*default*        0x00000000         0xffffffff

Linker script and memory map

LOAD /Applications/STM32CubeIDE.app/Contents/Eclipse/plugins/com.st.stm32cube.ide.mcu.externaltools.gnu-tools-for-stm32.12.3.rel1.macos64_1.0.200.202406191456/tools/bin/../lib/gcc/arm-none-eabi/12.3.1/thumb/v7e-m+fp/hard/crti.o
LOAD /Applications/STM32CubeIDE.app/Contents/Eclipse/plugins/com.st.stm32cube.ide.mcu.externaltools.gnu-tools-for-stm32.12.3.rel1.macos64_1.0.200.202406191456/tools/bin/../lib/gcc/arm-none-eabi/12.3.1/thumb/v7e-m+fp/hard/crtbegin.o
LOAD /Applications/STM32CubeIDE.app/Contents/Eclipse/plugins/com.st.stm32cube.ide.mcu.externaltools.gnu-tools-for-stm32.12.3.rel1.macos64_1.0.200.202406191456/tools/bin/../lib/gcc/arm-none-eabi/12.3.1/../../../../arm-none-eabi/lib/thumb/v7e-m+fp/hard/crt0.o
LOAD ./Core/Src/main.o
LOAD ./Core/Src/rtc.o
LOAD ./Core/Src/stm32f4xx_hal_msp.o
LOAD ./Core/Src/stm32f4xx_hal_timebase_tim.o
LOAD ./Core/Src/stm32f4xx_it.o
LOAD ./Core/Src/syscalls.o
LOAD ./Core/Src/sysmem.o
LOAD ./Core/Src/system_stm32f4xx.o
LOAD ./Core/Src/task_handlers.o
LOAD ./Core/Startup/startup_stm32f411retx.o
LOAD ./Drivers/STM32F4xx_HAL_Driver/Src/stm32f4xx_hal.o
LOAD ./Drivers/STM32F4xx_HAL_Driver/Src/stm32f4xx_hal_cortex.o
LOAD ./Drivers/STM32F4xx_HAL_Driver/Src/stm32f4xx_hal_dma.o
LOAD ./Drivers/STM32F4xx_HAL_Driver/Src/stm32f4xx_hal_dma_ex.o
LOAD ./Drivers/STM32F4xx_HAL_Driver/Src/stm32f4xx_hal_exti.o
LOAD ./Drivers/STM32F4xx_HAL_Driver/Src/stm32f4xx_hal_flash.o
LOAD ./Drivers/STM32F4xx_HAL_Driver/Src/stm32f4xx_hal_flash_ex.o
LOAD ./Drivers/STM32F4xx_HAL_Driver/Src/stm32f4xx_hal_flash_ramfunc.o
LOAD ./Drivers/STM32F4xx_HAL_Driver/Src/stm32f4xx_hal_gpio.o
LOAD ./Drivers/STM32F4xx_HAL_Driver/Src/stm32f4xx_hal_pwr.o
LOAD ./Drivers/STM32F4xx_HAL_Driver/Src/stm32f4xx_hal_pwr_ex.o
LOAD ./Drivers/STM32F4xx_HAL_Driver/Src/stm32f4xx_hal_rcc.o
LOAD ./Drivers/STM32F4xx_HAL_Driver/Src/stm32f4xx_hal_rcc_ex.o
LOAD ./Drivers/STM32F4xx_HAL_Driver/Src/stm32f4xx_hal_rtc.o
LOAD ./Drivers/STM32F4xx_HAL_Driver/Src/stm32f4xx_hal_rtc_ex.o
LOAD ./Drivers/STM32F4xx_HAL_Driver/Src/stm32f4xx_hal_tim.o
LOAD ./Drivers/STM32F4xx_HAL_Driver/Src/stm32f4xx_hal_tim_ex.o
LOAD ./Drivers/STM32F4xx_HAL_Driver/Src/stm32f4xx_hal_uart.o
LOAD ./common/third_party/FreeRTOS/croutine.o
LOAD ./common/third_party/FreeRTOS/event_groups.o
LOAD ./common/third_party/FreeRTOS/list.o
LOAD ./common/third_party/FreeRTOS/queue.o
LOAD ./common/third_party/FreeRTOS/stream_buffer.o
LOAD ./common/third_party/FreeRTOS/tasks.o
LOAD ./common/third_party/FreeRTOS/timers.o
LOAD ./common/third_party/FreeRTOS/portable/GCC/ARM_CM4F/port.o
LOAD ./common/third_party/FreeRTOS/portable/MemMang/heap_4.o
START GROUP
LOAD /Applications/STM32CubeIDE.app/Contents/Eclipse/plugins/com.st.stm32cube.ide.mcu.externaltools.gnu-tools-for-stm32.12.3.rel1.macos64_1.0.200.202406191456/tools/bin/../lib/gcc/arm-none-eabi/12.3.1/../../../../arm-none-eabi/lib/thumb/v7e-m+fp/hard/libc_nano.a
LOAD /Applications/STM32CubeIDE.app/Contents/Eclipse/plugins/com.st.stm32cube.ide.mcu.externaltools.gnu-tools-for-stm32.12.3.rel1.macos64_1.0.200.202406191456/tools/bin/../lib/gcc/arm-none-eabi/12.3.1/../../../../arm-none-eabi/lib/thumb/v7e-m+fp/hard/libm.a
END GROUP
START GROUP
LOAD /Applications/STM32CubeIDE.app/Contents/Eclipse/plugins/com.st.stm32cube.ide.mcu.externaltools.gnu-tools-for-stm32.12.3.rel1.macos64_1.0.200.202406191456/tools/bin/../lib/gcc/arm-none-eabi/12.3.1/thumb/v7e-m+fp/hard/libgcc.a
LOAD /Applications/STM32CubeIDE.app/Contents/Eclipse/plugins/com.st.stm32cube.ide.mcu.externaltools.gnu-tools-for-stm32.12.3.rel1.macos64_1.0.200.202406191456/tools/bin/../lib/gcc/arm-none-eabi/12.3.1/../../../../arm-none-eabi/lib/thumb/v7e-m+fp/hard/libc_nano.a
END GROUP
START GROUP
LOAD /Applications/STM32CubeIDE.app/Contents/Eclipse/plugins/com.st.stm32cube.ide.mcu.externaltools.gnu-tools-for-stm32.12.3.rel1.macos64_1.0.200.202406191456/tools/bin/../lib/gcc/arm-none-eabi/12.3.1/thumb/v7e-m+fp/hard/libgcc.a
LOAD /Applications/STM32CubeIDE.app/Contents/Eclipse/plugins/com.st.stm32cube.ide.mcu.externaltools.gnu-tools-for-stm32.12.3.rel1.macos64_1.0.200.202406191456/tools/bin/../lib/gcc/arm-none-eabi/12.3.1/../../../../arm-none-eabi/lib/thumb/v7e-m+fp/hard/libc_nano.a
LOAD /Applications/STM32CubeIDE.app/Contents/Eclipse/plugins/com.st.stm32cube.ide.mcu.externaltools.gnu-tools-for-stm32.12.3.rel1.macos64_1.0.200.202406191456/tools/bin/../lib/gcc/arm-none-eabi/12.3.1/../../../../arm-none-eabi/lib/thumb/v7e-m+fp/hard/libnosys.a
END GROUP
START GROUP
LOAD /Applications/STM32CubeIDE.app/Contents/Eclipse/plugins/com.st.stm32cube.ide.mcu.externaltools.gnu-tools-for-stm32.12.3.rel1.macos64_1.0.200.202406191456/tools/bin/../lib/gcc/arm-none-eabi/12.3.1/thumb/v7e-m+fp/hard/libgcc.a
LOAD /Applications/STM32CubeIDE.app/Contents/Eclipse/plugins/com.st.stm32cube.ide.mcu.externaltools.gnu-tools-for-stm32.12.3.rel1.macos64_1.0.200.202406191456/tools/bin/../lib/gcc/arm-none-eabi/12.3.1/../../../../arm-none-eabi/lib/thumb/v7e-m+fp/hard/libc_nano.a
LOAD /Applications/STM32CubeIDE.app/Contents/Eclipse/plugins/com.st.stm32cube.ide.mcu.externaltools.gnu-tools-for-stm32.12.3.rel1.macos64_1.0.200.202406191456/tools/bin/../lib/gcc/arm-none-eabi/12.3.1/../../../../arm-none-eabi/lib/thumb/v7e-m+fp/hard/libnosys.a
END GROUP
LOAD /Applications/STM32CubeIDE.app/Contents/Eclipse/plugins/com.st.stm32cube.ide.mcu.externaltools.gnu-tools-for-stm32.12.3.rel1.macos64_1.0.200.202406191456/tools/bin/../lib/gcc/arm-none-eabi/12.3.1/thumb/v7e-m+fp/hard/crtend.o
LOAD /Applications/STM32CubeIDE.app/Contents/Eclipse/plugins/com.st.stm32cube.ide.mcu.externaltools.gnu-tools-for-stm32.12.3.rel1.macos64_1.0.200.202406191456/tools/bin/../lib/gcc/arm-none-eabi/12.3.1/thumb/v7e-m+fp/hard/crtn.o
                0x20020000                        _estack = (ORIGIN (RAM) + LENGTH (RAM))
                0x00000200                        _Min_Heap_Size = 0x200
                0x00000400                        _Min_Stack_Size = 0x400

.isr_vector     0x08000000      0x198
                0x08000000                        . = ALIGN (0x4)
 *(.isr_vector)
 .isr_vector    0x08000000      0x198 ./Core/Startup/startup_stm32f411retx.o
                0x08000000                g_pfnVectors
                0x08000198                        . = ALIGN (0x4)

.text           0x080001a0     0x9aa4
                0x080001a0                        . = ALIGN (0x4)
 *(.text)
 .text          0x080001a0       0x40 /Applications/STM32CubeIDE.app/Contents/Eclipse/plugins/com.st.stm32cube.ide.mcu.externaltools.gnu-tools-for-stm32.12.3.rel1.macos64_1.0.200.202406191456/tools/bin/../lib/gcc/arm-none-eabi/12.3.1/thumb/v7e-m+fp/hard/crtbegin.o
 .text          0x080001e0       0x10 /Applications/STM32CubeIDE.app/Contents/Eclipse/plugins/com.st.stm32cube.ide.mcu.externaltools.gnu-tools-for-stm32.12.3.rel1.macos64_1.0.200.202406191456/tools/bin/../lib/gcc/arm-none-eabi/12.3.1/../../../../arm-none-eabi/lib/thumb/v7e-m+fp/hard/libc_nano.a(libc_a-strlen.o)
                0x080001e0                strlen
 .text          0x080001f0       0x14 /Applications/STM32CubeIDE.app/Contents/Eclipse/plugins/com.st.stm32cube.ide.mcu.externaltools.gnu-tools-for-stm32.12.3.rel1.macos64_1.0.200.202406191456/tools/bin/../lib/gcc/arm-none-eabi/12.3.1/../../../../arm-none-eabi/lib/thumb/v7e-m+fp/hard/libc_nano.a(libc_a-strcmp.o)
                0x080001f0                strcmp
 *fill*         0x08000204        0xc 
 .text          0x08000210       0xa0 /Applications/STM32CubeIDE.app/Contents/Eclipse/plugins/com.st.stm32cube.ide.mcu.externaltools.gnu-tools-for-stm32.12.3.rel1.macos64_1.0.200.202406191456/tools/bin/../lib/gcc/arm-none-eabi/12.3.1/../../../../arm-none-eabi/lib/thumb/v7e-m+fp/hard/libc_nano.a(libc_a-memchr.o)
                0x08000210                memchr
 .text          0x080002b0       0x30 /Applications/STM32CubeIDE.app/Contents/Eclipse/plugins/com.st.stm32cube.ide.mcu.externaltools.gnu-tools-for-stm32.12.3.rel1.macos64_1.0.200.202406191456/tools/bin/../lib/gcc/arm-none-eabi/12.3.1/thumb/v7e-m+fp/hard/libgcc.a(_aeabi_uldivmod.o)
                0x080002b0                __aeabi_uldivmod
 .text          0x080002e0      0x2bc /Applications/STM32CubeIDE.app/Contents/Eclipse/plugins/com.st.stm32cube.ide.mcu.externaltools.gnu-tools-for-stm32.12.3.rel1.macos64_1.0.200.202406191456/tools/bin/../lib/gcc/arm-none-eabi/12.3.1/thumb/v7e-m+fp/hard/libgcc.a(_udivmoddi4.o)
                0x080002e0                __udivmoddi4
 .text          0x0800059c        0x4 /Applications/STM32CubeIDE.app/Contents/Eclipse/plugins/com.st.stm32cube.ide.mcu.externaltools.gnu-tools-for-stm32.12.3.rel1.macos64_1.0.200.202406191456/tools/bin/../lib/gcc/arm-none-eabi/12.3.1/thumb/v7e-m+fp/hard/libgcc.a(_dvmd_tls.o)
                0x0800059c                __aeabi_ldiv0
                0x0800059c                __aeabi_idiv0
 *(.text*)
 .text.main     0x080005a0      0x26c ./Core/Src/main.o
                0x080005a0                main
 .text.SystemClock_Config
                0x0800080c       0xd4 ./Core/Src/main.o
                0x0800080c                SystemClock_Config
 .text.MX_RTC_Init
                0x080008e0       0x4c ./Core/Src/main.o
 .text.MX_TIM2_Init
                0x0800092c       0xec ./Core/Src/main.o
 .text.MX_USART2_UART_Init
                0x08000a18       0x54 ./Core/Src/main.o
 .text.MX_DMA_Init
                0x08000a6c       0x98 ./Core/Src/main.o
 .text.MX_GPIO_Init
                0x08000b04       0x34 ./Core/Src/main.o
 .text.HAL_UART_RxCpltCallback
                0x08000b38       0xb0 ./Core/Src/main.o
                0x08000b38                HAL_UART_RxCpltCallback
 .text.led_effect_callback
                0x08000be8       0x64 ./Core/Src/main.o
                0x08000be8                led_effect_callback
 .text.HAL_TIM_PeriodElapsedCallback
                0x08000c4c       0x24 ./Core/Src/main.o
                0x08000c4c                HAL_TIM_PeriodElapsedCallback
 .text.Error_Handler
                0x08000c70        0xc ./Core/Src/main.o
                0x08000c70                Error_Handler
 .text.rtc_configure_date
                0x08000c7c       0x20 ./Core/Src/rtc.o
                0x08000c7c                rtc_configure_date
 .text.rtc_configure_time
                0x08000c9c       0x30 ./Core/Src/rtc.o
                0x08000c9c                rtc_configure_time
 .text.show_time_date
                0x08000ccc       0xd8 ./Core/Src/rtc.o
                0x08000ccc                show_time_date
 .text.HAL_MspInit
                0x08000da4       0x50 ./Core/Src/stm32f4xx_hal_msp.o
                0x08000da4                HAL_MspInit
 .text.HAL_RTC_MspInit
                0x08000df4       0x58 ./Core/Src/stm32f4xx_hal_msp.o
                0x08000df4                HAL_RTC_MspInit
 .text.HAL_TIM_Base_MspInit
                0x08000e4c       0x40 ./Core/Src/stm32f4xx_hal_msp.o
                0x08000e4c                HAL_TIM_Base_MspInit
 .text.HAL_TIM_MspPostInit
                0x08000e8c       0x70 ./Core/Src/stm32f4xx_hal_msp.o
                0x08000e8c                HAL_TIM_MspPostInit
 .text.HAL_UART_MspInit
                0x08000efc       0xa0 ./Core/Src/stm32f4xx_hal_msp.o
                0x08000efc                HAL_UART_MspInit
 .text.HAL_InitTick
                0x08000f9c       0xf8 ./Core/Src/stm32f4xx_hal_timebase_tim.o
                0x08000f9c                HAL_InitTick
 .text.NMI_Handler
                0x08001094        0x8 ./Core/Src/stm32f4xx_it.o
                0x08001094                NMI_Handler
 .text.HardFault_Handler
                0x0800109c        0x8 ./Core/Src/stm32f4xx_it.o
                0x0800109c                HardFault_Handler
 .text.MemManage_Handler
                0x080010a4        0x8 ./Core/Src/stm32f4xx_it.o
                0x080010a4                MemManage_Handler
 .text.BusFault_Handler
                0x080010ac        0x8 ./Core/Src/stm32f4xx_it.o
                0x080010ac                BusFault_Handler
 .text.UsageFault_Handler
                0x080010b4        0x8 ./Core/Src/stm32f4xx_it.o
                0x080010b4                UsageFault_Handler
 .text.DebugMon_Handler
                0x080010bc        0xe ./Core/Src/stm32f4xx_it.o
                0x080010bc                DebugMon_Handler
 *fill*         0x080010ca        0x2 
 .text.USART2_IRQHandler
                0x080010cc       0x14 ./Core/Src/stm32f4xx_it.o
                0x080010cc                USART2_IRQHandler
 .text.TIM5_IRQHandler
                0x080010e0       0x14 ./Core/Src/stm32f4xx_it.o
                0x080010e0                TIM5_IRQHandler
 .text._sbrk    0x080010f4       0x6c ./Core/Src/sysmem.o
                0x080010f4                _sbrk
 .text.SystemInit
                0x08001160       0x24 ./Core/Src/system_stm32f4xx.o
                0x08001160                SystemInit
 .text.menu_task
                0x08001184      0x150 ./Core/Src/task_handlers.o
                0x08001184                menu_task
 .text.uart_task
                0x080012d4       0x40 ./Core/Src/task_handlers.o
                0x080012d4                uart_task
 .text.extract_command
                0x08001314       0x7c ./Core/Src/task_handlers.o
 .text.cmd_handler_task
                0x08001390       0xb0 ./Core/Src/task_handlers.o
                0x08001390                cmd_handler_task
 .text.led_effect_stop
                0x08001440       0x24 ./Core/Src/task_handlers.o
                0x08001440                led_effect_stop
 .text.led_effect
                0x08001464       0x64 ./Core/Src/task_handlers.o
 .text.rtc_time_config
                0x080014c8       0xd4 ./Core/Src/task_handlers.o
                0x080014c8                rtc_time_config
 .text.rtc_date_config
                0x0800159c       0xfc ./Core/Src/task_handlers.o
                0x0800159c                rtc_date_config
 .text.rtc_task
                0x08001698      0x150 ./Core/Src/task_handlers.o
                0x08001698                rtc_task
 .text.led_task
                0x080017e8      0x12c ./Core/Src/task_handlers.o
                0x080017e8                led_task
 .text.dma_task
                0x08001914       0x60 ./Core/Src/task_handlers.o
                0x08001914                dma_task
 .text.Reset_Handler
                0x08001974       0x50 ./Core/Startup/startup_stm32f411retx.o
                0x08001974                Reset_Handler
 .text.Default_Handler
                0x080019c4        0x2 ./Core/Startup/startup_stm32f411retx.o
                0x080019c4                DMA1_Stream3_IRQHandler
                0x080019c4                EXTI2_IRQHandler
                0x080019c4                SPI4_IRQHandler
                0x080019c4                TIM1_CC_IRQHandler
                0x080019c4                DMA2_Stream5_IRQHandler
                0x080019c4                DMA1_Stream5_IRQHandler
                0x080019c4                PVD_IRQHandler
                0x080019c4                SDIO_IRQHandler
                0x080019c4                TAMP_STAMP_IRQHandler
                0x080019c4                EXTI3_IRQHandler
                0x080019c4                TIM1_UP_TIM10_IRQHandler
                0x080019c4                I2C3_ER_IRQHandler
                0x080019c4                EXTI0_IRQHandler
                0x080019c4                I2C2_EV_IRQHandler
                0x080019c4                DMA1_Stream2_IRQHandler
                0x080019c4                FPU_IRQHandler
                0x080019c4                DMA2_Stream2_IRQHandler
                0x080019c4                SPI1_IRQHandler
                0x080019c4                TIM1_BRK_TIM9_IRQHandler
                0x080019c4                DMA2_Stream3_IRQHandler
                0x080019c4                USART6_IRQHandler
                0x080019c4                DMA2_Stream0_IRQHandler
                0x080019c4                TIM4_IRQHandler
                0x080019c4                I2C1_EV_IRQHandler
                0x080019c4                DMA1_Stream6_IRQHandler
                0x080019c4                DMA1_Stream1_IRQHandler
                0x080019c4                TIM3_IRQHandler
                0x080019c4                RCC_IRQHandler
                0x080019c4                Default_Handler
                0x080019c4                EXTI15_10_IRQHandler
                0x080019c4                ADC_IRQHandler
                0x080019c4                DMA1_Stream7_IRQHandler
                0x080019c4                SPI5_IRQHandler
                0x080019c4                DMA2_Stream7_IRQHandler
                0x080019c4                I2C3_EV_IRQHandler
                0x080019c4                EXTI9_5_IRQHandler
                0x080019c4                RTC_WKUP_IRQHandler
                0x080019c4                SPI2_IRQHandler
                0x080019c4                DMA1_Stream0_IRQHandler
                0x080019c4                EXTI4_IRQHandler
                0x080019c4                WWDG_IRQHandler
                0x080019c4                TIM2_IRQHandler
                0x080019c4                OTG_FS_WKUP_IRQHandler
                0x080019c4                TIM1_TRG_COM_TIM11_IRQHandler
                0x080019c4                EXTI1_IRQHandler
                0x080019c4                I2C2_ER_IRQHandler
                0x080019c4                DMA2_Stream1_IRQHandler
                0x080019c4                FLASH_IRQHandler
                0x080019c4                DMA2_Stream4_IRQHandler
                0x080019c4                USART1_IRQHandler
                0x080019c4                OTG_FS_IRQHandler
                0x080019c4                SPI3_IRQHandler
                0x080019c4                DMA1_Stream4_IRQHandler
                0x080019c4                I2C1_ER_IRQHandler
                0x080019c4                DMA2_Stream6_IRQHandler
                0x080019c4                RTC_Alarm_IRQHandler
 *fill*         0x080019c6        0x2 
 .text.HAL_Init
                0x080019c8       0x44 ./Drivers/STM32F4xx_HAL_Driver/Src/stm32f4xx_hal.o
                0x080019c8                HAL_Init
 .text.HAL_IncTick
                0x08001a0c       0x28 ./Drivers/STM32F4xx_HAL_Driver/Src/stm32f4xx_hal.o
                0x08001a0c                HAL_IncTick
 .text.HAL_GetTick
                0x08001a34       0x18 ./Drivers/STM32F4xx_HAL_Driver/Src/stm32f4xx_hal.o
                0x08001a34                HAL_GetTick
 .text.HAL_Delay
                0x08001a4c       0x48 ./Drivers/STM32F4xx_HAL_Driver/Src/stm32f4xx_hal.o
                0x08001a4c                HAL_Delay
 .text.__NVIC_SetPriorityGrouping
                0x08001a94       0x48 ./Drivers/STM32F4xx_HAL_Driver/Src/stm32f4xx_hal_cortex.o
 .text.__NVIC_GetPriorityGrouping
                0x08001adc       0x1c ./Drivers/STM32F4xx_HAL_Driver/Src/stm32f4xx_hal_cortex.o
 .text.__NVIC_EnableIRQ
                0x08001af8       0x3c ./Drivers/STM32F4xx_HAL_Driver/Src/stm32f4xx_hal_cortex.o
 .text.__NVIC_SetPriority
                0x08001b34       0x54 ./Drivers/STM32F4xx_HAL_Driver/Src/stm32f4xx_hal_cortex.o
 .text.NVIC_EncodePriority
                0x08001b88       0x66 ./Drivers/STM32F4xx_HAL_Driver/Src/stm32f4xx_hal_cortex.o
 .text.HAL_NVIC_SetPriorityGrouping
                0x08001bee       0x16 ./Drivers/STM32F4xx_HAL_Driver/Src/stm32f4xx_hal_cortex.o
                0x08001bee                HAL_NVIC_SetPriorityGrouping
 .text.HAL_NVIC_SetPriority
                0x08001c04       0x38 ./Drivers/STM32F4xx_HAL_Driver/Src/stm32f4xx_hal_cortex.o
                0x08001c04                HAL_NVIC_SetPriority
 .text.HAL_NVIC_EnableIRQ
                0x08001c3c       0x1c ./Drivers/STM32F4xx_HAL_Driver/Src/stm32f4xx_hal_cortex.o
                0x08001c3c                HAL_NVIC_EnableIRQ
 .text.HAL_DMA_Init
                0x08001c58      0x15c ./Drivers/STM32F4xx_HAL_Driver/Src/stm32f4xx_hal_dma.o
                0x08001c58                HAL_DMA_Init
 .text.HAL_DMA_Start
                0x08001db4       0x76 ./Drivers/STM32F4xx_HAL_Driver/Src/stm32f4xx_hal_dma.o
                0x08001db4                HAL_DMA_Start
 .text.HAL_DMA_Abort
                0x08001e2a       0xe0 ./Drivers/STM32F4xx_HAL_Driver/Src/stm32f4xx_hal_dma.o
                0x08001e2a                HAL_DMA_Abort
 .text.HAL_DMA_Abort_IT
                0x08001f0a       0x44 ./Drivers/STM32F4xx_HAL_Driver/Src/stm32f4xx_hal_dma.o
                0x08001f0a                HAL_DMA_Abort_IT
 .text.HAL_DMA_PollForTransfer
                0x08001f4e      0x1be ./Drivers/STM32F4xx_HAL_Driver/Src/stm32f4xx_hal_dma.o
                0x08001f4e                HAL_DMA_PollForTransfer
 .text.DMA_SetConfig
                0x0800210c       0x5c ./Drivers/STM32F4xx_HAL_Driver/Src/stm32f4xx_hal_dma.o
 .text.DMA_CalcBaseAndBitshift
                0x08002168       0x6c ./Drivers/STM32F4xx_HAL_Driver/Src/stm32f4xx_hal_dma.o
 .text.DMA_CheckFifoParam
                0x080021d4       0xf8 ./Drivers/STM32F4xx_HAL_Driver/Src/stm32f4xx_hal_dma.o
 .text.HAL_GPIO_Init
                0x080022cc      0x308 ./Drivers/STM32F4xx_HAL_Driver/Src/stm32f4xx_hal_gpio.o
                0x080022cc                HAL_GPIO_Init
 .text.HAL_RCC_OscConfig
                0x080025d4      0x4f0 ./Drivers/STM32F4xx_HAL_Driver/Src/stm32f4xx_hal_rcc.o
                0x080025d4                HAL_RCC_OscConfig
 .text.HAL_RCC_ClockConfig
                0x08002ac4      0x1cc ./Drivers/STM32F4xx_HAL_Driver/Src/stm32f4xx_hal_rcc.o
                0x08002ac4                HAL_RCC_ClockConfig
 .text.HAL_RCC_GetSysClockFreq
                0x08002c90      0x18c ./Drivers/STM32F4xx_HAL_Driver/Src/stm32f4xx_hal_rcc.o
                0x08002c90                HAL_RCC_GetSysClockFreq
 .text.HAL_RCC_GetHCLKFreq
                0x08002e1c       0x18 ./Drivers/STM32F4xx_HAL_Driver/Src/stm32f4xx_hal_rcc.o
                0x08002e1c                HAL_RCC_GetHCLKFreq
 .text.HAL_RCC_GetPCLK1Freq
                0x08002e34       0x28 ./Drivers/STM32F4xx_HAL_Driver/Src/stm32f4xx_hal_rcc.o
                0x08002e34                HAL_RCC_GetPCLK1Freq
 .text.HAL_RCC_GetPCLK2Freq
                0x08002e5c       0x28 ./Drivers/STM32F4xx_HAL_Driver/Src/stm32f4xx_hal_rcc.o
                0x08002e5c                HAL_RCC_GetPCLK2Freq
 .text.HAL_RCC_GetClockConfig
                0x08002e84       0x64 ./Drivers/STM32F4xx_HAL_Driver/Src/stm32f4xx_hal_rcc.o
                0x08002e84                HAL_RCC_GetClockConfig
 .text.HAL_RCCEx_PeriphCLKConfig
                0x08002ee8      0x1e0 ./Drivers/STM32F4xx_HAL_Driver/Src/stm32f4xx_hal_rcc_ex.o
                0x08002ee8                HAL_RCCEx_PeriphCLKConfig
 .text.HAL_RTC_Init
                0x080030c8      0x106 ./Drivers/STM32F4xx_HAL_Driver/Src/stm32f4xx_hal_rtc.o
                0x080030c8                HAL_RTC_Init
 .text.HAL_RTC_SetTime
                0x080031ce      0x134 ./Drivers/STM32F4xx_HAL_Driver/Src/stm32f4xx_hal_rtc.o
                0x080031ce                HAL_RTC_SetTime
 .text.HAL_RTC_GetTime
                0x08003302       0xbc ./Drivers/STM32F4xx_HAL_Driver/Src/stm32f4xx_hal_rtc.o
                0x08003302                HAL_RTC_GetTime
 .text.HAL_RTC_SetDate
                0x080033be      0x108 ./Drivers/STM32F4xx_HAL_Driver/Src/stm32f4xx_hal_rtc.o
                0x080033be                HAL_RTC_SetDate
 .text.HAL_RTC_GetDate
                0x080034c6       0x9e ./Drivers/STM32F4xx_HAL_Driver/Src/stm32f4xx_hal_rtc.o
                0x080034c6                HAL_RTC_GetDate
 .text.HAL_RTC_WaitForSynchro
                0x08003564       0x4c ./Drivers/STM32F4xx_HAL_Driver/Src/stm32f4xx_hal_rtc.o
                0x08003564                HAL_RTC_WaitForSynchro
 .text.RTC_EnterInitMode
                0x080035b0       0x6e ./Drivers/STM32F4xx_HAL_Driver/Src/stm32f4xx_hal_rtc.o
                0x080035b0                RTC_EnterInitMode
 .text.RTC_ExitInitMode
                0x0800361e       0x4a ./Drivers/STM32F4xx_HAL_Driver/Src/stm32f4xx_hal_rtc.o
                0x0800361e                RTC_ExitInitMode
 .text.RTC_ByteToBcd2
                0x08003668       0x3c ./Drivers/STM32F4xx_HAL_Driver/Src/stm32f4xx_hal_rtc.o
                0x08003668                RTC_ByteToBcd2
 .text.RTC_Bcd2ToByte
                0x080036a4       0x3c ./Drivers/STM32F4xx_HAL_Driver/Src/stm32f4xx_hal_rtc.o
                0x080036a4                RTC_Bcd2ToByte
 .text.HAL_TIM_Base_Init
                0x080036e0       0x9e ./Drivers/STM32F4xx_HAL_Driver/Src/stm32f4xx_hal_tim.o
                0x080036e0                HAL_TIM_Base_Init
 *fill*         0x0800377e        0x2 
 .text.HAL_TIM_Base_Start_IT
                0x08003780       0xc4 ./Drivers/STM32F4xx_HAL_Driver/Src/stm32f4xx_hal_tim.o
                0x08003780                HAL_TIM_Base_Start_IT
 .text.HAL_TIM_PWM_Init
                0x08003844       0x9e ./Drivers/STM32F4xx_HAL_Driver/Src/stm32f4xx_hal_tim.o
                0x08003844                HAL_TIM_PWM_Init
 .text.HAL_TIM_PWM_MspInit
                0x080038e2       0x14 ./Drivers/STM32F4xx_HAL_Driver/Src/stm32f4xx_hal_tim.o
                0x080038e2                HAL_TIM_PWM_MspInit
 *fill*         0x080038f6        0x2 
 .text.HAL_TIM_PWM_Start
                0x080038f8      0x160 ./Drivers/STM32F4xx_HAL_Driver/Src/stm32f4xx_hal_tim.o
                0x080038f8                HAL_TIM_PWM_Start
 .text.HAL_TIM_IRQHandler
                0x08003a58      0x1e0 ./Drivers/STM32F4xx_HAL_Driver/Src/stm32f4xx_hal_tim.o
                0x08003a58                HAL_TIM_IRQHandler
 .text.HAL_TIM_PWM_ConfigChannel
                0x08003c38      0x184 ./Drivers/STM32F4xx_HAL_Driver/Src/stm32f4xx_hal_tim.o
                0x08003c38                HAL_TIM_PWM_ConfigChannel
 .text.HAL_TIM_ConfigClockSource
                0x08003dbc      0x18e ./Drivers/STM32F4xx_HAL_Driver/Src/stm32f4xx_hal_tim.o
                0x08003dbc                HAL_TIM_ConfigClockSource
 .text.HAL_TIM_OC_DelayElapsedCallback
                0x08003f4a       0x14 ./Drivers/STM32F4xx_HAL_Driver/Src/stm32f4xx_hal_tim.o
                0x08003f4a                HAL_TIM_OC_DelayElapsedCallback
 .text.HAL_TIM_IC_CaptureCallback
                0x08003f5e       0x14 ./Drivers/STM32F4xx_HAL_Driver/Src/stm32f4xx_hal_tim.o
                0x08003f5e                HAL_TIM_IC_CaptureCallback
 .text.HAL_TIM_PWM_PulseFinishedCallback
                0x08003f72       0x14 ./Drivers/STM32F4xx_HAL_Driver/Src/stm32f4xx_hal_tim.o
                0x08003f72                HAL_TIM_PWM_PulseFinishedCallback
 .text.HAL_TIM_TriggerCallback
                0x08003f86       0x14 ./Drivers/STM32F4xx_HAL_Driver/Src/stm32f4xx_hal_tim.o
                0x08003f86                HAL_TIM_TriggerCallback
 *fill*         0x08003f9a        0x2 
 .text.TIM_Base_SetConfig
                0x08003f9c      0x118 ./Drivers/STM32F4xx_HAL_Driver/Src/stm32f4xx_hal_tim.o
                0x08003f9c                TIM_Base_SetConfig
 .text.TIM_OC1_SetConfig
                0x080040b4       0xcc ./Drivers/STM32F4xx_HAL_Driver/Src/stm32f4xx_hal_tim.o
 .text.TIM_OC2_SetConfig
                0x08004180       0xd8 ./Drivers/STM32F4xx_HAL_Driver/Src/stm32f4xx_hal_tim.o
                0x08004180                TIM_OC2_SetConfig
 .text.TIM_OC3_SetConfig
                0x08004258       0xd4 ./Drivers/STM32F4xx_HAL_Driver/Src/stm32f4xx_hal_tim.o
 .text.TIM_OC4_SetConfig
                0x0800432c       0xa0 ./Drivers/STM32F4xx_HAL_Driver/Src/stm32f4xx_hal_tim.o
 .text.TIM_TI1_ConfigInputStage
                0x080043cc       0x5e ./Drivers/STM32F4xx_HAL_Driver/Src/stm32f4xx_hal_tim.o
 .text.TIM_TI2_ConfigInputStage
                0x0800442a       0x60 ./Drivers/STM32F4xx_HAL_Driver/Src/stm32f4xx_hal_tim.o
 .text.TIM_ITRx_SetConfig
                0x0800448a       0x36 ./Drivers/STM32F4xx_HAL_Driver/Src/stm32f4xx_hal_tim.o
 .text.TIM_ETR_SetConfig
                0x080044c0       0x40 ./Drivers/STM32F4xx_HAL_Driver/Src/stm32f4xx_hal_tim.o
                0x080044c0                TIM_ETR_SetConfig
 .text.TIM_CCxChannelCmd
                0x08004500       0x4a ./Drivers/STM32F4xx_HAL_Driver/Src/stm32f4xx_hal_tim.o
                0x08004500                TIM_CCxChannelCmd
 *fill*         0x0800454a        0x2 
 .text.HAL_TIMEx_MasterConfigSynchronization
                0x0800454c       0xdc ./Drivers/STM32F4xx_HAL_Driver/Src/stm32f4xx_hal_tim_ex.o
                0x0800454c                HAL_TIMEx_MasterConfigSynchronization
 .text.HAL_TIMEx_CommutCallback
                0x08004628       0x14 ./Drivers/STM32F4xx_HAL_Driver/Src/stm32f4xx_hal_tim_ex.o
                0x08004628                HAL_TIMEx_CommutCallback
 .text.HAL_TIMEx_BreakCallback
                0x0800463c       0x14 ./Drivers/STM32F4xx_HAL_Driver/Src/stm32f4xx_hal_tim_ex.o
                0x0800463c                HAL_TIMEx_BreakCallback
 .text.HAL_UART_Init
                0x08004650       0xa0 ./Drivers/STM32F4xx_HAL_Driver/Src/stm32f4xx_hal_uart.o
                0x08004650                HAL_UART_Init
 .text.HAL_UART_Transmit
                0x080046f0      0x116 ./Drivers/STM32F4xx_HAL_Driver/Src/stm32f4xx_hal_uart.o
                0x080046f0                HAL_UART_Transmit
 .text.HAL_UART_Transmit_IT
                0x08004806       0x6c ./Drivers/STM32F4xx_HAL_Driver/Src/stm32f4xx_hal_uart.o
                0x08004806                HAL_UART_Transmit_IT
 .text.HAL_UART_Receive_IT
                0x08004872       0x4a ./Drivers/STM32F4xx_HAL_Driver/Src/stm32f4xx_hal_uart.o
                0x08004872                HAL_UART_Receive_IT
 .text.HAL_UART_IRQHandler
                0x080048bc      0x524 ./Drivers/STM32F4xx_HAL_Driver/Src/stm32f4xx_hal_uart.o
                0x080048bc                HAL_UART_IRQHandler
 .text.HAL_UART_TxCpltCallback
                0x08004de0       0x14 ./Drivers/STM32F4xx_HAL_Driver/Src/stm32f4xx_hal_uart.o
                0x08004de0                HAL_UART_TxCpltCallback
 .text.HAL_UART_ErrorCallback
                0x08004df4       0x14 ./Drivers/STM32F4xx_HAL_Driver/Src/stm32f4xx_hal_uart.o
                0x08004df4                HAL_UART_ErrorCallback
 .text.HAL_UARTEx_RxEventCallback
                0x08004e08       0x18 ./Drivers/STM32F4xx_HAL_Driver/Src/stm32f4xx_hal_uart.o
                0x08004e08                HAL_UARTEx_RxEventCallback
 .text.UART_WaitOnFlagUntilTimeout
                0x08004e20       0xb2 ./Drivers/STM32F4xx_HAL_Driver/Src/stm32f4xx_hal_uart.o
 .text.UART_Start_Receive_IT
                0x08004ed2       0x74 ./Drivers/STM32F4xx_HAL_Driver/Src/stm32f4xx_hal_uart.o
                0x08004ed2                UART_Start_Receive_IT
 .text.UART_EndRxTransfer
                0x08004f46       0xc6 ./Drivers/STM32F4xx_HAL_Driver/Src/stm32f4xx_hal_uart.o
 .text.UART_DMAAbortOnError
                0x0800500c       0x28 ./Drivers/STM32F4xx_HAL_Driver/Src/stm32f4xx_hal_uart.o
 .text.UART_Transmit_IT
                0x08005034       0xa0 ./Drivers/STM32F4xx_HAL_Driver/Src/stm32f4xx_hal_uart.o
 .text.UART_EndTransmit_IT
                0x080050d4       0x30 ./Drivers/STM32F4xx_HAL_Driver/Src/stm32f4xx_hal_uart.o
 .text.UART_Receive_IT
                0x08005104      0x17c ./Drivers/STM32F4xx_HAL_Driver/Src/stm32f4xx_hal_uart.o
 .text.UART_SetConfig
                0x08005280      0x4e8 ./Drivers/STM32F4xx_HAL_Driver/Src/stm32f4xx_hal_uart.o
 .text.vListInitialise
                0x08005768       0x40 ./common/third_party/FreeRTOS/list.o
                0x08005768                vListInitialise
 .text.vListInitialiseItem
                0x080057a8       0x1a ./common/third_party/FreeRTOS/list.o
                0x080057a8                vListInitialiseItem
 .text.vListInsertEnd
                0x080057c2       0x48 ./common/third_party/FreeRTOS/list.o
                0x080057c2                vListInsertEnd
 .text.vListInsert
                0x0800580a       0x72 ./common/third_party/FreeRTOS/list.o
                0x0800580a                vListInsert
 .text.uxListRemove
                0x0800587c       0x54 ./common/third_party/FreeRTOS/list.o
                0x0800587c                uxListRemove
 .text.xQueueGenericReset
                0x080058d0      0x124 ./common/third_party/FreeRTOS/queue.o
                0x080058d0                xQueueGenericReset
 .text.xQueueGenericCreate
                0x080059f4       0x9e ./common/third_party/FreeRTOS/queue.o
                0x080059f4                xQueueGenericCreate
 .text.prvInitialiseNewQueue
                0x08005a92       0x46 ./common/third_party/FreeRTOS/queue.o
 .text.xQueueGenericSend
                0x08005ad8      0x204 ./common/third_party/FreeRTOS/queue.o
                0x08005ad8                xQueueGenericSend
 .text.xQueueGenericSendFromISR
                0x08005cdc      0x16c ./common/third_party/FreeRTOS/queue.o
                0x08005cdc                xQueueGenericSendFromISR
 .text.xQueueReceive
                0x08005e48      0x1c4 ./common/third_party/FreeRTOS/queue.o
                0x08005e48                xQueueReceive
 .text.xQueueReceiveFromISR
                0x0800600c      0x134 ./common/third_party/FreeRTOS/queue.o
                0x0800600c                xQueueReceiveFromISR
 .text.uxQueueMessagesWaiting
                0x08006140       0x3e ./common/third_party/FreeRTOS/queue.o
                0x08006140                uxQueueMessagesWaiting
 .text.prvCopyDataToQueue
                0x0800617e       0xd4 ./common/third_party/FreeRTOS/queue.o
 .text.prvCopyDataFromQueue
                0x08006252       0x4c ./common/third_party/FreeRTOS/queue.o
 .text.prvUnlockQueue
                0x0800629e       0xa4 ./common/third_party/FreeRTOS/queue.o
 .text.prvIsQueueEmpty
                0x08006342       0x2c ./common/third_party/FreeRTOS/queue.o
 .text.prvIsQueueFull
                0x0800636e       0x30 ./common/third_party/FreeRTOS/queue.o
 .text.xQueueIsQueueFullFromISR
                0x0800639e       0x4e ./common/third_party/FreeRTOS/queue.o
                0x0800639e                xQueueIsQueueFullFromISR
 .text.vQueueAddToRegistry
                0x080063ec       0xa0 ./common/third_party/FreeRTOS/queue.o
                0x080063ec                vQueueAddToRegistry
 .text.vQueueWaitForMessageRestricted
                0x0800648c       0x68 ./common/third_party/FreeRTOS/queue.o
                0x0800648c                vQueueWaitForMessageRestricted
 .text.xTaskCreate
                0x080064f4       0x8c ./common/third_party/FreeRTOS/tasks.o
                0x080064f4                xTaskCreate
 .text.prvInitialiseNewTask
                0x08006580      0x120 ./common/third_party/FreeRTOS/tasks.o
 .text.prvAddNewTaskToReadyList
                0x080066a0      0x12c ./common/third_party/FreeRTOS/tasks.o
 .text.vTaskStartScheduler
                0x080067cc       0xa4 ./common/third_party/FreeRTOS/tasks.o
                0x080067cc                vTaskStartScheduler
 .text.vTaskSuspendAll
                0x08006870       0x1c ./common/third_party/FreeRTOS/tasks.o
                0x08006870                vTaskSuspendAll
 .text.xTaskResumeAll
                0x0800688c      0x1f8 ./common/third_party/FreeRTOS/tasks.o
                0x0800688c                xTaskResumeAll
 .text.xTaskGetTickCount
                0x08006a84       0x20 ./common/third_party/FreeRTOS/tasks.o
                0x08006a84                xTaskGetTickCount
 .text.uxTaskGetNumberOfTasks
                0x08006aa4       0x18 ./common/third_party/FreeRTOS/tasks.o
                0x08006aa4                uxTaskGetNumberOfTasks
 .text.xTaskIncrementTick
                0x08006abc      0x230 ./common/third_party/FreeRTOS/tasks.o
                0x08006abc                xTaskIncrementTick
 .text.vTaskSwitchContext
                0x08006cec       0xb8 ./common/third_party/FreeRTOS/tasks.o
                0x08006cec                vTaskSwitchContext
 .text.vTaskPlaceOnEventList
                0x08006da4       0x4c ./common/third_party/FreeRTOS/tasks.o
                0x08006da4                vTaskPlaceOnEventList
 .text.vTaskPlaceOnEventListRestricted
                0x08006df0       0x8c ./common/third_party/FreeRTOS/tasks.o
                0x08006df0                vTaskPlaceOnEventListRestricted
 .text.xTaskRemoveFromEventList
                0x08006e7c      0x1b0 ./common/third_party/FreeRTOS/tasks.o
                0x08006e7c                xTaskRemoveFromEventList
 .text.vTaskInternalSetTimeOutState
                0x0800702c       0x2c ./common/third_party/FreeRTOS/tasks.o
                0x0800702c                vTaskInternalSetTimeOutState
 .text.xTaskCheckForTimeOut
                0x08007058       0xd0 ./common/third_party/FreeRTOS/tasks.o
                0x08007058                xTaskCheckForTimeOut
 .text.vTaskMissedYield
                0x08007128       0x18 ./common/third_party/FreeRTOS/tasks.o
                0x08007128                vTaskMissedYield
 .text.prvIdleTask
                0x08007140       0x30 ./common/third_party/FreeRTOS/tasks.o
 .text.prvInitialiseTaskLists
                0x08007170       0x80 ./common/third_party/FreeRTOS/tasks.o
 .text.prvCheckTasksWaitingTermination
                0x080071f0       0x5c ./common/third_party/FreeRTOS/tasks.o
 .text.prvDeleteTCB
                0x0800724c       0x20 ./common/third_party/FreeRTOS/tasks.o
 .text.prvResetNextTaskUnblockTime
                0x0800726c       0x38 ./common/third_party/FreeRTOS/tasks.o
 .text.xTaskGetSchedulerState
                0x080072a4       0x3c ./common/third_party/FreeRTOS/tasks.o
                0x080072a4                xTaskGetSchedulerState
 .text.xTaskPriorityDisinherit
                0x080072e0       0xf8 ./common/third_party/FreeRTOS/tasks.o
                0x080072e0                xTaskPriorityDisinherit
 .text.xTaskGenericNotifyWait
                0x080073d8      0x100 ./common/third_party/FreeRTOS/tasks.o
                0x080073d8                xTaskGenericNotifyWait
 .text.xTaskGenericNotify
                0x080074d8      0x24c ./common/third_party/FreeRTOS/tasks.o
                0x080074d8                xTaskGenericNotify
 .text.xTaskGenericNotifyFromISR
                0x08007724      0x2c0 ./common/third_party/FreeRTOS/tasks.o
                0x08007724                xTaskGenericNotifyFromISR
 .text.prvAddCurrentTaskToDelayedList
                0x080079e4      0x100 ./common/third_party/FreeRTOS/tasks.o
 .text.xTimerCreateTimerTask
                0x08007ae4       0x68 ./common/third_party/FreeRTOS/timers.o
                0x08007ae4                xTimerCreateTimerTask
 .text.xTimerCreate
                0x08007b4c       0x42 ./common/third_party/FreeRTOS/timers.o
                0x08007b4c                xTimerCreate
 .text.prvInitialiseNewTimer
                0x08007b8e       0x72 ./common/third_party/FreeRTOS/timers.o
 .text.xTimerGenericCommand
                0x08007c00       0x9c ./common/third_party/FreeRTOS/timers.o
                0x08007c00                xTimerGenericCommand
 .text.prvReloadTimer
                0x08007c9c       0x42 ./common/third_party/FreeRTOS/timers.o
 *fill*         0x08007cde        0x2 
 .text.prvProcessExpiredTimer
                0x08007ce0       0x60 ./common/third_party/FreeRTOS/timers.o
 .text.prvTimerTask
                0x08007d40       0x26 ./common/third_party/FreeRTOS/timers.o
 *fill*         0x08007d66        0x2 
 .text.prvProcessTimerOrBlockTask
                0x08007d68       0x9c ./common/third_party/FreeRTOS/timers.o
 .text.prvGetNextExpireTime
                0x08007e04       0x48 ./common/third_party/FreeRTOS/timers.o
 .text.prvSampleTimeNow
                0x08007e4c       0x40 ./common/third_party/FreeRTOS/timers.o
 .text.prvInsertTimerInActiveList
                0x08007e8c       0x84 ./common/third_party/FreeRTOS/timers.o
 .text.prvProcessReceivedCommands
                0x08007f10      0x184 ./common/third_party/FreeRTOS/timers.o
 .text.prvSwitchTimerLists
                0x08008094       0x4c ./common/third_party/FreeRTOS/timers.o
 .text.prvCheckForValidListAndQueue
                0x080080e0       0x6c ./common/third_party/FreeRTOS/timers.o
 .text.pxPortInitialiseStack
                0x0800814c       0x68 ./common/third_party/FreeRTOS/portable/GCC/ARM_CM4F/port.o
                0x0800814c                pxPortInitialiseStack
 .text.prvTaskExitError
                0x080081b4       0x5c ./common/third_party/FreeRTOS/portable/GCC/ARM_CM4F/port.o
 .text.SVC_Handler
                0x08008210       0x28 ./common/third_party/FreeRTOS/portable/GCC/ARM_CM4F/port.o
                0x08008210                SVC_Handler
 .text.prvPortStartFirstTask
                0x08008238       0x2c ./common/third_party/FreeRTOS/portable/GCC/ARM_CM4F/port.o
 .text.xPortStartScheduler
                0x08008264      0x148 ./common/third_party/FreeRTOS/portable/GCC/ARM_CM4F/port.o
                0x08008264                xPortStartScheduler
 .text.vPortEnterCritical
                0x080083ac       0x64 ./common/third_party/FreeRTOS/portable/GCC/ARM_CM4F/port.o
                0x080083ac                vPortEnterCritical
 .text.vPortExitCritical
                0x08008410       0x54 ./common/third_party/FreeRTOS/portable/GCC/ARM_CM4F/port.o
                0x08008410                vPortExitCritical
 *fill*         0x08008464        0xc 
 .text.PendSV_Handler
                0x08008470       0x68 ./common/third_party/FreeRTOS/portable/GCC/ARM_CM4F/port.o
                0x08008470                PendSV_Handler
 .text.SysTick_Handler
                0x080084d8       0x44 ./common/third_party/FreeRTOS/portable/GCC/ARM_CM4F/port.o
                0x080084d8                SysTick_Handler
 .text.vPortSetupTimerInterrupt
                0x0800851c       0x48 ./common/third_party/FreeRTOS/portable/GCC/ARM_CM4F/port.o
                0x0800851c                vPortSetupTimerInterrupt
 .text.vPortEnableVFP
                0x08008564       0x18 ./common/third_party/FreeRTOS/portable/GCC/ARM_CM4F/port.o
 .text.vPortValidateInterruptPriority
                0x0800857c       0x84 ./common/third_party/FreeRTOS/portable/GCC/ARM_CM4F/port.o
                0x0800857c                vPortValidateInterruptPriority
 .text.pvPortMalloc
                0x08008600      0x178 ./common/third_party/FreeRTOS/portable/MemMang/heap_4.o
                0x08008600                pvPortMalloc
 .text.vPortFree
                0x08008778       0xbc ./common/third_party/FreeRTOS/portable/MemMang/heap_4.o
                0x08008778                vPortFree
 .text.prvHeapInit
                0x08008834       0xb8 ./common/third_party/FreeRTOS/portable/MemMang/heap_4.o
 .text.prvInsertBlockIntoFreeList
                0x080088ec       0xb4 ./common/third_party/FreeRTOS/portable/MemMang/heap_4.o
 .text.sprintf  0x080089a0       0x40 /Applications/STM32CubeIDE.app/Contents/Eclipse/plugins/com.st.stm32cube.ide.mcu.externaltools.gnu-tools-for-stm32.12.3.rel1.macos64_1.0.200.202406191456/tools/bin/../lib/gcc/arm-none-eabi/12.3.1/../../../../arm-none-eabi/lib/thumb/v7e-m+fp/hard/libc_nano.a(libc_a-sprintf.o)
                0x080089a0                sprintf
                0x080089a0                siprintf
 .text.sscanf   0x080089e0       0x54 /Applications/STM32CubeIDE.app/Contents/Eclipse/plugins/com.st.stm32cube.ide.mcu.externaltools.gnu-tools-for-stm32.12.3.rel1.macos64_1.0.200.202406191456/tools/bin/../lib/gcc/arm-none-eabi/12.3.1/../../../../arm-none-eabi/lib/thumb/v7e-m+fp/hard/libc_nano.a(libc_a-sscanf.o)
                0x080089e0                sscanf
                0x080089e0                siscanf
 .text.__seofread
                0x08008a34        0x4 /Applications/STM32CubeIDE.app/Contents/Eclipse/plugins/com.st.stm32cube.ide.mcu.externaltools.gnu-tools-for-stm32.12.3.rel1.macos64_1.0.200.202406191456/tools/bin/../lib/gcc/arm-none-eabi/12.3.1/../../../../arm-none-eabi/lib/thumb/v7e-m+fp/hard/libc_nano.a(libc_a-stdio.o)
                0x08008a34                __seofread
 .text.memset   0x08008a38       0x10 /Applications/STM32CubeIDE.app/Contents/Eclipse/plugins/com.st.stm32cube.ide.mcu.externaltools.gnu-tools-for-stm32.12.3.rel1.macos64_1.0.200.202406191456/tools/bin/../lib/gcc/arm-none-eabi/12.3.1/../../../../arm-none-eabi/lib/thumb/v7e-m+fp/hard/libc_nano.a(libc_a-memset.o)
                0x08008a38                memset
 .text.__errno  0x08008a48        0xc /Applications/STM32CubeIDE.app/Contents/Eclipse/plugins/com.st.stm32cube.ide.mcu.externaltools.gnu-tools-for-stm32.12.3.rel1.macos64_1.0.200.202406191456/tools/bin/../lib/gcc/arm-none-eabi/12.3.1/../../../../arm-none-eabi/lib/thumb/v7e-m+fp/hard/libc_nano.a(libc_a-errno.o)
                0x08008a48                __errno
 .text.__libc_init_array
                0x08008a54       0x48 /Applications/STM32CubeIDE.app/Contents/Eclipse/plugins/com.st.stm32cube.ide.mcu.externaltools.gnu-tools-for-stm32.12.3.rel1.macos64_1.0.200.202406191456/tools/bin/../lib/gcc/arm-none-eabi/12.3.1/../../../../arm-none-eabi/lib/thumb/v7e-m+fp/hard/libc_nano.a(libc_a-init.o)
                0x08008a54                __libc_init_array
 .text.__retarget_lock_acquire_recursive
                0x08008a9c        0x2 /Applications/STM32CubeIDE.app/Contents/Eclipse/plugins/com.st.stm32cube.ide.mcu.externaltools.gnu-tools-for-stm32.12.3.rel1.macos64_1.0.200.202406191456/tools/bin/../lib/gcc/arm-none-eabi/12.3.1/../../../../arm-none-eabi/lib/thumb/v7e-m+fp/hard/libc_nano.a(libc_a-lock.o)
                0x08008a9c                __retarget_lock_acquire_recursive
 .text.__retarget_lock_release_recursive
                0x08008a9e        0x2 /Applications/STM32CubeIDE.app/Contents/Eclipse/plugins/com.st.stm32cube.ide.mcu.externaltools.gnu-tools-for-stm32.12.3.rel1.macos64_1.0.200.202406191456/tools/bin/../lib/gcc/arm-none-eabi/12.3.1/../../../../arm-none-eabi/lib/thumb/v7e-m+fp/hard/libc_nano.a(libc_a-lock.o)
                0x08008a9e                __retarget_lock_release_recursive
 .text.memcpy   0x08008aa0       0x1c /Applications/STM32CubeIDE.app/Contents/Eclipse/plugins/com.st.stm32cube.ide.mcu.externaltools.gnu-tools-for-stm32.12.3.rel1.macos64_1.0.200.202406191456/tools/bin/../lib/gcc/arm-none-eabi/12.3.1/../../../../arm-none-eabi/lib/thumb/v7e-m+fp/hard/libc_nano.a(libc_a-memcpy-stub.o)
                0x08008aa0                memcpy
 .text._free_r  0x08008abc       0x94 /Applications/STM32CubeIDE.app/Contents/Eclipse/plugins/com.st.stm32cube.ide.mcu.externaltools.gnu-tools-for-stm32.12.3.rel1.macos64_1.0.200.202406191456/tools/bin/../lib/gcc/arm-none-eabi/12.3.1/../../../../arm-none-eabi/lib/thumb/v7e-m+fp/hard/libc_nano.a(libc_a-freer.o)
                0x08008abc                _free_r
 .text.__ssputs_r
                0x08008b50       0xb6 /Applications/STM32CubeIDE.app/Contents/Eclipse/plugins/com.st.stm32cube.ide.mcu.externaltools.gnu-tools-for-stm32.12.3.rel1.macos64_1.0.200.202406191456/tools/bin/../lib/gcc/arm-none-eabi/12.3.1/../../../../arm-none-eabi/lib/thumb/v7e-m+fp/hard/libc_nano.a(libc_a-nano-svfprintf.o)
                0x08008b50                __ssputs_r
 *fill*         0x08008c06        0x2 
 .text._svfprintf_r
                0x08008c08      0x1f8 /Applications/STM32CubeIDE.app/Contents/Eclipse/plugins/com.st.stm32cube.ide.mcu.externaltools.gnu-tools-for-stm32.12.3.rel1.macos64_1.0.200.202406191456/tools/bin/../lib/gcc/arm-none-eabi/12.3.1/../../../../arm-none-eabi/lib/thumb/v7e-m+fp/hard/libc_nano.a(libc_a-nano-svfprintf.o)
                0x08008c08                _svfprintf_r
                0x08008c08                _svfiprintf_r
 .text._sungetc_r
                0x08008e00       0x76 /Applications/STM32CubeIDE.app/Contents/Eclipse/plugins/com.st.stm32cube.ide.mcu.externaltools.gnu-tools-for-stm32.12.3.rel1.macos64_1.0.200.202406191456/tools/bin/../lib/gcc/arm-none-eabi/12.3.1/../../../../arm-none-eabi/lib/thumb/v7e-m+fp/hard/libc_nano.a(libc_a-nano-svfscanf.o)
                0x08008e00                _sungetc_r
 .text.__ssrefill_r
                0x08008e76       0x3a /Applications/STM32CubeIDE.app/Contents/Eclipse/plugins/com.st.stm32cube.ide.mcu.externaltools.gnu-tools-for-stm32.12.3.rel1.macos64_1.0.200.202406191456/tools/bin/../lib/gcc/arm-none-eabi/12.3.1/../../../../arm-none-eabi/lib/thumb/v7e-m+fp/hard/libc_nano.a(libc_a-nano-svfscanf.o)
                0x08008e76                __ssrefill_r
 .text.__ssvfscanf_r
                0x08008eb0      0x2e8 /Applications/STM32CubeIDE.app/Contents/Eclipse/plugins/com.st.stm32cube.ide.mcu.externaltools.gnu-tools-for-stm32.12.3.rel1.macos64_1.0.200.202406191456/tools/bin/../lib/gcc/arm-none-eabi/12.3.1/../../../../arm-none-eabi/lib/thumb/v7e-m+fp/hard/libc_nano.a(libc_a-nano-svfscanf.o)
                0x08008eb0                __ssvfscanf_r
                0x08008eb0                __ssvfiscanf_r
 .text.sbrk_aligned
                0x08009198       0x44 /Applications/STM32CubeIDE.app/Contents/Eclipse/plugins/com.st.stm32cube.ide.mcu.externaltools.gnu-tools-for-stm32.12.3.rel1.macos64_1.0.200.202406191456/tools/bin/../lib/gcc/arm-none-eabi/12.3.1/../../../../arm-none-eabi/lib/thumb/v7e-m+fp/hard/libc_nano.a(libc_a-mallocr.o)
 .text._malloc_r
                0x080091dc      0x100 /Applications/STM32CubeIDE.app/Contents/Eclipse/plugins/com.st.stm32cube.ide.mcu.externaltools.gnu-tools-for-stm32.12.3.rel1.macos64_1.0.200.202406191456/tools/bin/../lib/gcc/arm-none-eabi/12.3.1/../../../../arm-none-eabi/lib/thumb/v7e-m+fp/hard/libc_nano.a(libc_a-mallocr.o)
                0x080091dc                _malloc_r
 .text._printf_common
                0x080092dc       0xda /Applications/STM32CubeIDE.app/Contents/Eclipse/plugins/com.st.stm32cube.ide.mcu.externaltools.gnu-tools-for-stm32.12.3.rel1.macos64_1.0.200.202406191456/tools/bin/../lib/gcc/arm-none-eabi/12.3.1/../../../../arm-none-eabi/lib/thumb/v7e-m+fp/hard/libc_nano.a(libc_a-nano-vfprintf_i.o)
                0x080092dc                _printf_common
 *fill*         0x080093b6        0x2 
 .text._printf_i
                0x080093b8      0x240 /Applications/STM32CubeIDE.app/Contents/Eclipse/plugins/com.st.stm32cube.ide.mcu.externaltools.gnu-tools-for-stm32.12.3.rel1.macos64_1.0.200.202406191456/tools/bin/../lib/gcc/arm-none-eabi/12.3.1/../../../../arm-none-eabi/lib/thumb/v7e-m+fp/hard/libc_nano.a(libc_a-nano-vfprintf_i.o)
                0x080093b8                _printf_i
 .text._scanf_chars
                0x080095f8       0xb4 /Applications/STM32CubeIDE.app/Contents/Eclipse/plugins/com.st.stm32cube.ide.mcu.externaltools.gnu-tools-for-stm32.12.3.rel1.macos64_1.0.200.202406191456/tools/bin/../lib/gcc/arm-none-eabi/12.3.1/../../../../arm-none-eabi/lib/thumb/v7e-m+fp/hard/libc_nano.a(libc_a-nano-vfscanf_i.o)
                0x080095f8                _scanf_chars
 .text._scanf_i
                0x080096ac      0x1e8 /Applications/STM32CubeIDE.app/Contents/Eclipse/plugins/com.st.stm32cube.ide.mcu.externaltools.gnu-tools-for-stm32.12.3.rel1.macos64_1.0.200.202406191456/tools/bin/../lib/gcc/arm-none-eabi/12.3.1/../../../../arm-none-eabi/lib/thumb/v7e-m+fp/hard/libc_nano.a(libc_a-nano-vfscanf_i.o)
                0x080096ac                _scanf_i
 .text.__sccl   0x08009894       0x72 /Applications/STM32CubeIDE.app/Contents/Eclipse/plugins/com.st.stm32cube.ide.mcu.externaltools.gnu-tools-for-stm32.12.3.rel1.macos64_1.0.200.202406191456/tools/bin/../lib/gcc/arm-none-eabi/12.3.1/../../../../arm-none-eabi/lib/thumb/v7e-m+fp/hard/libc_nano.a(libc_a-sccl.o)
                0x08009894                __sccl
 *fill*         0x08009906        0x2 
 .text.__malloc_lock
                0x08009908        0xc /Applications/STM32CubeIDE.app/Contents/Eclipse/plugins/com.st.stm32cube.ide.mcu.externaltools.gnu-tools-for-stm32.12.3.rel1.macos64_1.0.200.202406191456/tools/bin/../lib/gcc/arm-none-eabi/12.3.1/../../../../arm-none-eabi/lib/thumb/v7e-m+fp/hard/libc_nano.a(libc_a-mlock.o)
                0x08009908                __malloc_lock
 .text.__malloc_unlock
                0x08009914        0xc /Applications/STM32CubeIDE.app/Contents/Eclipse/plugins/com.st.stm32cube.ide.mcu.externaltools.gnu-tools-for-stm32.12.3.rel1.macos64_1.0.200.202406191456/tools/bin/../lib/gcc/arm-none-eabi/12.3.1/../../../../arm-none-eabi/lib/thumb/v7e-m+fp/hard/libc_nano.a(libc_a-mlock.o)
                0x08009914                __malloc_unlock
 .text.__submore
                0x08009920       0x74 /Applications/STM32CubeIDE.app/Contents/Eclipse/plugins/com.st.stm32cube.ide.mcu.externaltools.gnu-tools-for-stm32.12.3.rel1.macos64_1.0.200.202406191456/tools/bin/../lib/gcc/arm-none-eabi/12.3.1/../../../../arm-none-eabi/lib/thumb/v7e-m+fp/hard/libc_nano.a(libc_a-ungetc.o)
                0x08009920                __submore
 .text._realloc_r
                0x08009994       0x5c /Applications/STM32CubeIDE.app/Contents/Eclipse/plugins/com.st.stm32cube.ide.mcu.externaltools.gnu-tools-for-stm32.12.3.rel1.macos64_1.0.200.202406191456/tools/bin/../lib/gcc/arm-none-eabi/12.3.1/../../../../arm-none-eabi/lib/thumb/v7e-m+fp/hard/libc_nano.a(libc_a-reallocr.o)
                0x08009994                _realloc_r
 .text._strtol_l.constprop.0
                0x080099f0       0xf4 /Applications/STM32CubeIDE.app/Contents/Eclipse/plugins/com.st.stm32cube.ide.mcu.externaltools.gnu-tools-for-stm32.12.3.rel1.macos64_1.0.200.202406191456/tools/bin/../lib/gcc/arm-none-eabi/12.3.1/../../../../arm-none-eabi/lib/thumb/v7e-m+fp/hard/libc_nano.a(libc_a-strtol.o)
 .text._strtol_r
                0x08009ae4        0x4 /Applications/STM32CubeIDE.app/Contents/Eclipse/plugins/com.st.stm32cube.ide.mcu.externaltools.gnu-tools-for-stm32.12.3.rel1.macos64_1.0.200.202406191456/tools/bin/../lib/gcc/arm-none-eabi/12.3.1/../../../../arm-none-eabi/lib/thumb/v7e-m+fp/hard/libc_nano.a(libc_a-strtol.o)
                0x08009ae4                _strtol_r
 .text._strtoul_l.constprop.0
                0x08009ae8       0xdc /Applications/STM32CubeIDE.app/Contents/Eclipse/plugins/com.st.stm32cube.ide.mcu.externaltools.gnu-tools-for-stm32.12.3.rel1.macos64_1.0.200.202406191456/tools/bin/../lib/gcc/arm-none-eabi/12.3.1/../../../../arm-none-eabi/lib/thumb/v7e-m+fp/hard/libc_nano.a(libc_a-strtoul.o)
 .text._strtoul_r
                0x08009bc4        0x4 /Applications/STM32CubeIDE.app/Contents/Eclipse/plugins/com.st.stm32cube.ide.mcu.externaltools.gnu-tools-for-stm32.12.3.rel1.macos64_1.0.200.202406191456/tools/bin/../lib/gcc/arm-none-eabi/12.3.1/../../../../arm-none-eabi/lib/thumb/v7e-m+fp/hard/libc_nano.a(libc_a-strtoul.o)
                0x08009bc4                _strtoul_r
 .text.memmove  0x08009bc8       0x34 /Applications/STM32CubeIDE.app/Contents/Eclipse/plugins/com.st.stm32cube.ide.mcu.externaltools.gnu-tools-for-stm32.12.3.rel1.macos64_1.0.200.202406191456/tools/bin/../lib/gcc/arm-none-eabi/12.3.1/../../../../arm-none-eabi/lib/thumb/v7e-m+fp/hard/libc_nano.a(libc_a-memmove.o)
                0x08009bc8                memmove
 .text._sbrk_r  0x08009bfc       0x20 /Applications/STM32CubeIDE.app/Contents/Eclipse/plugins/com.st.stm32cube.ide.mcu.externaltools.gnu-tools-for-stm32.12.3.rel1.macos64_1.0.200.202406191456/tools/bin/../lib/gcc/arm-none-eabi/12.3.1/../../../../arm-none-eabi/lib/thumb/v7e-m+fp/hard/libc_nano.a(libc_a-sbrkr.o)
                0x08009bfc                _sbrk_r
 .text._malloc_usable_size_r
                0x08009c1c       0x10 /Applications/STM32CubeIDE.app/Contents/Eclipse/plugins/com.st.stm32cube.ide.mcu.externaltools.gnu-tools-for-stm32.12.3.rel1.macos64_1.0.200.202406191456/tools/bin/../lib/gcc/arm-none-eabi/12.3.1/../../../../arm-none-eabi/lib/thumb/v7e-m+fp/hard/libc_nano.a(libc_a-msizer.o)
                0x08009c1c                _malloc_usable_size_r
 *(.glue_7)
 .glue_7        0x08009c2c        0x0 linker stubs
 *(.glue_7t)
 .glue_7t       0x08009c2c        0x0 linker stubs
 *(.eh_frame)
 .eh_frame      0x08009c2c        0x0 /Applications/STM32CubeIDE.app/Contents/Eclipse/plugins/com.st.stm32cube.ide.mcu.externaltools.gnu-tools-for-stm32.12.3.rel1.macos64_1.0.200.202406191456/tools/bin/../lib/gcc/arm-none-eabi/12.3.1/thumb/v7e-m+fp/hard/crtbegin.o
 *(.init)
 .init          0x08009c2c        0x4 /Applications/STM32CubeIDE.app/Contents/Eclipse/plugins/com.st.stm32cube.ide.mcu.externaltools.gnu-tools-for-stm32.12.3.rel1.macos64_1.0.200.202406191456/tools/bin/../lib/gcc/arm-none-eabi/12.3.1/thumb/v7e-m+fp/hard/crti.o
                0x08009c2c                _init
 .init          0x08009c30        0x8 /Applications/STM32CubeIDE.app/Contents/Eclipse/plugins/com.st.stm32cube.ide.mcu.externaltools.gnu-tools-for-stm32.12.3.rel1.macos64_1.0.200.202406191456/tools/bin/../lib/gcc/arm-none-eabi/12.3.1/thumb/v7e-m+fp/hard/crtn.o
 *(.fini)
 .fini          0x08009c38        0x4 /Applications/STM32CubeIDE.app/Contents/Eclipse/plugins/com.st.stm32cube.ide.mcu.externaltools.gnu-tools-for-stm32.12.3.rel1.macos64_1.0.200.202406191456/tools/bin/../lib/gcc/arm-none-eabi/12.3.1/thumb/v7e-m+fp/hard/crti.o
                0x08009c38                _fini
 .fini          0x08009c3c        0x8 /Applications/STM32CubeIDE.app/Contents/Eclipse/plugins/com.st.stm32cube.ide.mcu.externaltools.gnu-tools-for-stm32.12.3.rel1.macos64_1.0.200.202406191456/tools/bin/../lib/gcc/arm-none-eabi/12.3.1/thumb/v7e-m+fp/hard/crtn.o
                0x08009c44                        . = ALIGN (0x4)
                0x08009c44                        _etext = .

.vfp11_veneer   0x08009c44        0x0
 .vfp11_veneer  0x08009c44        0x0 linker stubs

.v4_bx          0x08009c44        0x0
 .v4_bx         0x08009c44        0x0 linker stubs

.iplt           0x08009c44        0x0
 .iplt          0x08009c44        0x0 /Applications/STM32CubeIDE.app/Contents/Eclipse/plugins/com.st.stm32cube.ide.mcu.externaltools.gnu-tools-for-stm32.12.3.rel1.macos64_1.0.200.202406191456/tools/bin/../lib/gcc/arm-none-eabi/12.3.1/thumb/v7e-m+fp/hard/crtbegin.o

.rodata         0x08009c44      0x5fc
                0x08009c44                        . = ALIGN (0x4)
 *(.rodata)
 .rodata        0x08009c44       0x52 ./Core/Src/main.o
 *fill*         0x08009c96        0x2 
 .rodata        0x08009c98       0x44 ./Core/Src/rtc.o
 .rodata        0x08009cdc      0x3cf ./Core/Src/task_handlers.o
 *fill*         0x0800a0ab        0x1 
 .rodata        0x0800a0ac        0x5 ./common/third_party/FreeRTOS/tasks.o
 *fill*         0x0800a0b1        0x3 
 .rodata        0x0800a0b4        0xd ./common/third_party/FreeRTOS/timers.o
 *fill*         0x0800a0c1        0x3 
 .rodata        0x0800a0c4        0xc /Applications/STM32CubeIDE.app/Contents/Eclipse/plugins/com.st.stm32cube.ide.mcu.externaltools.gnu-tools-for-stm32.12.3.rel1.macos64_1.0.200.202406191456/tools/bin/../lib/gcc/arm-none-eabi/12.3.1/../../../../arm-none-eabi/lib/thumb/v7e-m+fp/hard/libc_nano.a(libc_a-nano-vfscanf_i.o)
 *(.rodata*)
 .rodata.AHBPrescTable
                0x0800a0d0       0x10 ./Core/Src/system_stm32f4xx.o
                0x0800a0d0                AHBPrescTable
 .rodata.APBPrescTable
                0x0800a0e0        0x8 ./Core/Src/system_stm32f4xx.o
                0x0800a0e0                APBPrescTable
 .rodata.flagBitshiftOffset.0
                0x0800a0e8        0x8 ./Drivers/STM32F4xx_HAL_Driver/Src/stm32f4xx_hal_dma.o
 .rodata._svfprintf_r.str1.1
                0x0800a0f0       0x11 /Applications/STM32CubeIDE.app/Contents/Eclipse/plugins/com.st.stm32cube.ide.mcu.externaltools.gnu-tools-for-stm32.12.3.rel1.macos64_1.0.200.202406191456/tools/bin/../lib/gcc/arm-none-eabi/12.3.1/../../../../arm-none-eabi/lib/thumb/v7e-m+fp/hard/libc_nano.a(libc_a-nano-svfprintf.o)
 .rodata.__ssvfscanf_r.str1.1
                0x0800a101        0x4 /Applications/STM32CubeIDE.app/Contents/Eclipse/plugins/com.st.stm32cube.ide.mcu.externaltools.gnu-tools-for-stm32.12.3.rel1.macos64_1.0.200.202406191456/tools/bin/../lib/gcc/arm-none-eabi/12.3.1/../../../../arm-none-eabi/lib/thumb/v7e-m+fp/hard/libc_nano.a(libc_a-nano-svfscanf.o)
 .rodata._printf_i.str1.1
                0x0800a101       0x22 /Applications/STM32CubeIDE.app/Contents/Eclipse/plugins/com.st.stm32cube.ide.mcu.externaltools.gnu-tools-for-stm32.12.3.rel1.macos64_1.0.200.202406191456/tools/bin/../lib/gcc/arm-none-eabi/12.3.1/../../../../arm-none-eabi/lib/thumb/v7e-m+fp/hard/libc_nano.a(libc_a-nano-vfprintf_i.o)
 .rodata._scanf_i.str1.1
                0x0800a123       0x12 /Applications/STM32CubeIDE.app/Contents/Eclipse/plugins/com.st.stm32cube.ide.mcu.externaltools.gnu-tools-for-stm32.12.3.rel1.macos64_1.0.200.202406191456/tools/bin/../lib/gcc/arm-none-eabi/12.3.1/../../../../arm-none-eabi/lib/thumb/v7e-m+fp/hard/libc_nano.a(libc_a-nano-vfscanf_i.o)
 .rodata.str1.1
                0x0800a135        0x9 /Applications/STM32CubeIDE.app/Contents/Eclipse/plugins/com.st.stm32cube.ide.mcu.externaltools.gnu-tools-for-stm32.12.3.rel1.macos64_1.0.200.202406191456/tools/bin/../lib/gcc/arm-none-eabi/12.3.1/../../../../arm-none-eabi/lib/thumb/v7e-m+fp/hard/libc_nano.a(libc_a-nano-vfscanf_i.o)
 .rodata._ctype_
                0x0800a13e      0x101 /Applications/STM32CubeIDE.app/Contents/Eclipse/plugins/com.st.stm32cube.ide.mcu.externaltools.gnu-tools-for-stm32.12.3.rel1.macos64_1.0.200.202406191456/tools/bin/../lib/gcc/arm-none-eabi/12.3.1/../../../../arm-none-eabi/lib/thumb/v7e-m+fp/hard/libc_nano.a(libc_a-ctype_.o)
                0x0800a13e                _ctype_
                0x0800a240                        . = ALIGN (0x4)
 *fill*         0x0800a23f        0x1 

.ARM.extab      0x0800a240        0x0
                0x0800a240                        . = ALIGN (0x4)
 *(.ARM.extab* .gnu.linkonce.armextab.*)
                0x0800a240                        . = ALIGN (0x4)

.ARM            0x0800a240        0x8
                0x0800a240                        . = ALIGN (0x4)
                0x0800a240                        __exidx_start = .
 *(.ARM.exidx*)
 .ARM.exidx     0x0800a240        0x8 /Applications/STM32CubeIDE.app/Contents/Eclipse/plugins/com.st.stm32cube.ide.mcu.externaltools.gnu-tools-for-stm32.12.3.rel1.macos64_1.0.200.202406191456/tools/bin/../lib/gcc/arm-none-eabi/12.3.1/../../../../arm-none-eabi/lib/thumb/v7e-m+fp/hard/libc_nano.a(libc_a-strlen.o)
 .ARM.exidx     0x0800a248        0x0 /Applications/STM32CubeIDE.app/Contents/Eclipse/plugins/com.st.stm32cube.ide.mcu.externaltools.gnu-tools-for-stm32.12.3.rel1.macos64_1.0.200.202406191456/tools/bin/../lib/gcc/arm-none-eabi/12.3.1/../../../../arm-none-eabi/lib/thumb/v7e-m+fp/hard/libc_nano.a(libc_a-strcmp.o)
                                  0x8 (size before relaxing)
 .ARM.exidx     0x0800a248        0x0 /Applications/STM32CubeIDE.app/Contents/Eclipse/plugins/com.st.stm32cube.ide.mcu.externaltools.gnu-tools-for-stm32.12.3.rel1.macos64_1.0.200.202406191456/tools/bin/../lib/gcc/arm-none-eabi/12.3.1/../../../../arm-none-eabi/lib/thumb/v7e-m+fp/hard/libc_nano.a(libc_a-memchr.o)
                                  0x8 (size before relaxing)
 .ARM.exidx     0x0800a248        0x0 /Applications/STM32CubeIDE.app/Contents/Eclipse/plugins/com.st.stm32cube.ide.mcu.externaltools.gnu-tools-for-stm32.12.3.rel1.macos64_1.0.200.202406191456/tools/bin/../lib/gcc/arm-none-eabi/12.3.1/thumb/v7e-m+fp/hard/libgcc.a(_udivmoddi4.o)
                                  0x8 (size before relaxing)
                0x0800a248                        __exidx_end = .
                0x0800a248                        . = ALIGN (0x4)

.rel.dyn        0x0800a248        0x0
 .rel.iplt      0x0800a248        0x0 /Applications/STM32CubeIDE.app/Contents/Eclipse/plugins/com.st.stm32cube.ide.mcu.externaltools.gnu-tools-for-stm32.12.3.rel1.macos64_1.0.200.202406191456/tools/bin/../lib/gcc/arm-none-eabi/12.3.1/thumb/v7e-m+fp/hard/crtbegin.o

.preinit_array  0x0800a248        0x0
                0x0800a248                        . = ALIGN (0x4)
                0x0800a248                        PROVIDE (__preinit_array_start = .)
 *(.preinit_array*)
                0x0800a248                        PROVIDE (__preinit_array_end = .)
                0x0800a248                        . = ALIGN (0x4)

.init_array     0x0800a248        0x4
                0x0800a248                        . = ALIGN (0x4)
                0x0800a248                        PROVIDE (__init_array_start = .)
 *(SORT_BY_NAME(.init_array.*))
 *(.init_array*)
 .init_array    0x0800a248        0x4 /Applications/STM32CubeIDE.app/Contents/Eclipse/plugins/com.st.stm32cube.ide.mcu.externaltools.gnu-tools-for-stm32.12.3.rel1.macos64_1.0.200.202406191456/tools/bin/../lib/gcc/arm-none-eabi/12.3.1/thumb/v7e-m+fp/hard/crtbegin.o
                0x0800a24c                        PROVIDE (__init_array_end = .)
                0x0800a24c                        . = ALIGN (0x4)

.fini_array     0x0800a24c        0x4
                0x0800a24c                        . = ALIGN (0x4)
                [!provide]                        PROVIDE (__fini_array_start = .)
 *(SORT_BY_NAME(.fini_array.*))
 *(.fini_array*)
 .fini_array    0x0800a24c        0x4 /Applications/STM32CubeIDE.app/Contents/Eclipse/plugins/com.st.stm32cube.ide.mcu.externaltools.gnu-tools-for-stm32.12.3.rel1.macos64_1.0.200.202406191456/tools/bin/../lib/gcc/arm-none-eabi/12.3.1/thumb/v7e-m+fp/hard/crtbegin.o
                [!provide]                        PROVIDE (__fini_array_end = .)
                0x0800a250                        . = ALIGN (0x4)
                0x0800a250                        _sidata = LOADADDR (.data)

.data           0x20000000       0x90 load address 0x0800a250
                0x20000000                        . = ALIGN (0x4)
                0x20000000                        _sdata = .
 *(.data)
 *(.data*)
 .data.hello    0x20000000       0x12 ./Core/Src/main.o
                0x20000000                hello
 .data.direction.1
                0x20000012        0x1 ./Core/Src/main.o
 *fill*         0x20000013        0x1 
 .data.time.2   0x20000014        0x4 ./Core/Src/rtc.o
 .data.date.0   0x20000018        0x4 ./Core/Src/rtc.o
 .data.SystemCoreClock
                0x2000001c        0x4 ./Core/Src/system_stm32f4xx.o
                0x2000001c                SystemCoreClock
 .data.msg_inv  0x20000020        0x4 ./Core/Src/task_handlers.o
                0x20000020                msg_inv
 .data.Buffer_Src
                0x20000024        0xa ./Core/Src/task_handlers.o
                0x20000024                Buffer_Src
 *fill*         0x2000002e        0x2 
 .data.uwTickPrio
                0x20000030        0x4 ./Drivers/STM32F4xx_HAL_Driver/Src/stm32f4xx_hal.o
                0x20000030                uwTickPrio
 .data.uwTickFreq
                0x20000034        0x1 ./Drivers/STM32F4xx_HAL_Driver/Src/stm32f4xx_hal.o
                0x20000034                uwTickFreq
 *fill*         0x20000035        0x3 
 .data.uxTopUsedPriority
                0x20000038        0x4 ./common/third_party/FreeRTOS/tasks.o
                0x20000038                uxTopUsedPriority
 .data.uxCriticalNesting
                0x2000003c        0x4 ./common/third_party/FreeRTOS/portable/GCC/ARM_CM4F/port.o
 .data._impure_ptr
                0x20000040        0x4 /Applications/STM32CubeIDE.app/Contents/Eclipse/plugins/com.st.stm32cube.ide.mcu.externaltools.gnu-tools-for-stm32.12.3.rel1.macos64_1.0.200.202406191456/tools/bin/../lib/gcc/arm-none-eabi/12.3.1/../../../../arm-none-eabi/lib/thumb/v7e-m+fp/hard/libc_nano.a(libc_a-impure.o)
                0x20000040                _impure_ptr
 .data._impure_data
                0x20000044       0x4c /Applications/STM32CubeIDE.app/Contents/Eclipse/plugins/com.st.stm32cube.ide.mcu.externaltools.gnu-tools-for-stm32.12.3.rel1.macos64_1.0.200.202406191456/tools/bin/../lib/gcc/arm-none-eabi/12.3.1/../../../../arm-none-eabi/lib/thumb/v7e-m+fp/hard/libc_nano.a(libc_a-impure.o)
                0x20000044                _impure_data
 *(.RamFunc)
 *(.RamFunc*)
                0x20000090                        . = ALIGN (0x4)
                0x20000090                        _edata = .

.igot.plt       0x20000090        0x0 load address 0x0800a2e0
 .igot.plt      0x20000090        0x0 /Applications/STM32CubeIDE.app/Contents/Eclipse/plugins/com.st.stm32cube.ide.mcu.externaltools.gnu-tools-for-stm32.12.3.rel1.macos64_1.0.200.202406191456/tools/bin/../lib/gcc/arm-none-eabi/12.3.1/thumb/v7e-m+fp/hard/crtbegin.o
                0x20000090                        . = ALIGN (0x4)

.bss            0x20000090    0x130f0 load address 0x0800a2e0
                0x20000090                        _sbss = .
                0x20000090                        __bss_start__ = _sbss
 *(.bss)
 .bss           0x20000090       0x1c /Applications/STM32CubeIDE.app/Contents/Eclipse/plugins/com.st.stm32cube.ide.mcu.externaltools.gnu-tools-for-stm32.12.3.rel1.macos64_1.0.200.202406191456/tools/bin/../lib/gcc/arm-none-eabi/12.3.1/thumb/v7e-m+fp/hard/crtbegin.o
 *(.bss*)
 .bss.handle_cmd_task
                0x200000ac        0x4 ./Core/Src/main.o
                0x200000ac                handle_cmd_task
 .bss.handle_menu_task
                0x200000b0        0x4 ./Core/Src/main.o
                0x200000b0                handle_menu_task
 .bss.handle_uart_task
                0x200000b4        0x4 ./Core/Src/main.o
                0x200000b4                handle_uart_task
 .bss.handle_led_task
                0x200000b8        0x4 ./Core/Src/main.o
                0x200000b8                handle_led_task
 .bss.handle_rtc_task
                0x200000bc        0x4 ./Core/Src/main.o
                0x200000bc                handle_rtc_task
 .bss.handle_dma_task
                0x200000c0        0x4 ./Core/Src/main.o
                0x200000c0                handle_dma_task
 .bss.handle_led_timer
                0x200000c4        0x4 ./Core/Src/main.o
                0x200000c4                handle_led_timer
 .bss.q_data    0x200000c8        0x4 ./Core/Src/main.o
                0x200000c8                q_data
 .bss.q_print   0x200000cc        0x4 ./Core/Src/main.o
                0x200000cc                q_print
 .bss.user_data
                0x200000d0        0x1 ./Core/Src/main.o
                0x200000d0                user_data
 *fill*         0x200000d1        0x3 
 .bss.hrtc      0x200000d4       0x20 ./Core/Src/main.o
                0x200000d4                hrtc
 .bss.htim2     0x200000f4       0x48 ./Core/Src/main.o
                0x200000f4                htim2
 .bss.huart2    0x2000013c       0x48 ./Core/Src/main.o
                0x2000013c                huart2
 .bss.hdma_memtomem_dma2_stream0
                0x20000184       0x60 ./Core/Src/main.o
                0x20000184                hdma_memtomem_dma2_stream0
 .bss.brightness.0
                0x200001e4        0x4 ./Core/Src/main.o
 .bss.showtime.3
                0x200001e8       0x28 ./Core/Src/rtc.o
 .bss.showdate.1
                0x20000210       0x28 ./Core/Src/rtc.o
 .bss.htim5     0x20000238       0x48 ./Core/Src/stm32f4xx_hal_timebase_tim.o
                0x20000238                htim5
 .bss.__sbrk_heap_end
                0x20000280        0x4 ./Core/Src/sysmem.o
 .bss.Buffer_Dest
                0x20000284        0xa ./Core/Src/task_handlers.o
                0x20000284                Buffer_Dest
 .bss.curr_state
                0x2000028e        0x1 ./Core/Src/task_handlers.o
                0x2000028e                curr_state
 *fill*         0x2000028f        0x1 
 .bss.uwTick    0x20000290        0x4 ./Drivers/STM32F4xx_HAL_Driver/Src/stm32f4xx_hal.o
                0x20000290                uwTick
 .bss.xQueueRegistry
                0x20000294       0x40 ./common/third_party/FreeRTOS/queue.o
                0x20000294                xQueueRegistry
 .bss.pxCurrentTCB
                0x200002d4        0x4 ./common/third_party/FreeRTOS/tasks.o
                0x200002d4                pxCurrentTCB
 .bss.pxReadyTasksLists
                0x200002d8       0x64 ./common/third_party/FreeRTOS/tasks.o
 .bss.xDelayedTaskList1
                0x2000033c       0x14 ./common/third_party/FreeRTOS/tasks.o
 .bss.xDelayedTaskList2
                0x20000350       0x14 ./common/third_party/FreeRTOS/tasks.o
 .bss.pxDelayedTaskList
                0x20000364        0x4 ./common/third_party/FreeRTOS/tasks.o
 .bss.pxOverflowDelayedTaskList
                0x20000368        0x4 ./common/third_party/FreeRTOS/tasks.o
 .bss.xPendingReadyList
                0x2000036c       0x14 ./common/third_party/FreeRTOS/tasks.o
 .bss.xTasksWaitingTermination
                0x20000380       0x14 ./common/third_party/FreeRTOS/tasks.o
 .bss.uxDeletedTasksWaitingCleanUp
                0x20000394        0x4 ./common/third_party/FreeRTOS/tasks.o
 .bss.xSuspendedTaskList
                0x20000398       0x14 ./common/third_party/FreeRTOS/tasks.o
 .bss.uxCurrentNumberOfTasks
                0x200003ac        0x4 ./common/third_party/FreeRTOS/tasks.o
 .bss.xTickCount
                0x200003b0        0x4 ./common/third_party/FreeRTOS/tasks.o
 .bss.uxTopReadyPriority
                0x200003b4        0x4 ./common/third_party/FreeRTOS/tasks.o
 .bss.xSchedulerRunning
                0x200003b8        0x4 ./common/third_party/FreeRTOS/tasks.o
 .bss.xPendedTicks
                0x200003bc        0x4 ./common/third_party/FreeRTOS/tasks.o
 .bss.xYieldPending
                0x200003c0        0x4 ./common/third_party/FreeRTOS/tasks.o
 .bss.xNumOfOverflows
                0x200003c4        0x4 ./common/third_party/FreeRTOS/tasks.o
 .bss.uxTaskNumber
                0x200003c8        0x4 ./common/third_party/FreeRTOS/tasks.o
 .bss.xNextTaskUnblockTime
                0x200003cc        0x4 ./common/third_party/FreeRTOS/tasks.o
 .bss.xIdleTaskHandle
                0x200003d0        0x4 ./common/third_party/FreeRTOS/tasks.o
 .bss.uxSchedulerSuspended
                0x200003d4        0x4 ./common/third_party/FreeRTOS/tasks.o
 .bss.xActiveTimerList1
                0x200003d8       0x14 ./common/third_party/FreeRTOS/timers.o
 .bss.xActiveTimerList2
                0x200003ec       0x14 ./common/third_party/FreeRTOS/timers.o
 .bss.pxCurrentTimerList
                0x20000400        0x4 ./common/third_party/FreeRTOS/timers.o
 .bss.pxOverflowTimerList
                0x20000404        0x4 ./common/third_party/FreeRTOS/timers.o
 .bss.xTimerQueue
                0x20000408        0x4 ./common/third_party/FreeRTOS/timers.o
 .bss.xTimerTaskHandle
                0x2000040c        0x4 ./common/third_party/FreeRTOS/timers.o
 .bss.xLastTime.0
                0x20000410        0x4 ./common/third_party/FreeRTOS/timers.o
 .bss.ucMaxSysCallPriority
                0x20000414        0x1 ./common/third_party/FreeRTOS/portable/GCC/ARM_CM4F/port.o
 *fill*         0x20000415        0x3 
 .bss.ulMaxPRIGROUPValue
                0x20000418        0x4 ./common/third_party/FreeRTOS/portable/GCC/ARM_CM4F/port.o
 .bss.ucHeap    0x2000041c    0x12c00 ./common/third_party/FreeRTOS/portable/MemMang/heap_4.o
 .bss.xStart    0x2001301c        0x8 ./common/third_party/FreeRTOS/portable/MemMang/heap_4.o
 .bss.pxEnd     0x20013024        0x4 ./common/third_party/FreeRTOS/portable/MemMang/heap_4.o
 .bss.xFreeBytesRemaining
                0x20013028        0x4 ./common/third_party/FreeRTOS/portable/MemMang/heap_4.o
 .bss.xMinimumEverFreeBytesRemaining
                0x2001302c        0x4 ./common/third_party/FreeRTOS/portable/MemMang/heap_4.o
 .bss.xNumberOfSuccessfulAllocations
                0x20013030        0x4 ./common/third_party/FreeRTOS/portable/MemMang/heap_4.o
 .bss.xNumberOfSuccessfulFrees
                0x20013034        0x4 ./common/third_party/FreeRTOS/portable/MemMang/heap_4.o
 .bss.__sf      0x20013038      0x138 /Applications/STM32CubeIDE.app/Contents/Eclipse/plugins/com.st.stm32cube.ide.mcu.externaltools.gnu-tools-for-stm32.12.3.rel1.macos64_1.0.200.202406191456/tools/bin/../lib/gcc/arm-none-eabi/12.3.1/../../../../arm-none-eabi/lib/thumb/v7e-m+fp/hard/libc_nano.a(libc_a-findfp.o)
                0x20013038                __sf
 .bss.errno     0x20013170        0x4 /Applications/STM32CubeIDE.app/Contents/Eclipse/plugins/com.st.stm32cube.ide.mcu.externaltools.gnu-tools-for-stm32.12.3.rel1.macos64_1.0.200.202406191456/tools/bin/../lib/gcc/arm-none-eabi/12.3.1/../../../../arm-none-eabi/lib/thumb/v7e-m+fp/hard/libc_nano.a(libc_a-reent.o)
                0x20013170                errno
 .bss.__lock___malloc_recursive_mutex
                0x20013174        0x1 /Applications/STM32CubeIDE.app/Contents/Eclipse/plugins/com.st.stm32cube.ide.mcu.externaltools.gnu-tools-for-stm32.12.3.rel1.macos64_1.0.200.202406191456/tools/bin/../lib/gcc/arm-none-eabi/12.3.1/../../../../arm-none-eabi/lib/thumb/v7e-m+fp/hard/libc_nano.a(libc_a-lock.o)
                0x20013174                __lock___malloc_recursive_mutex
 *fill*         0x20013175        0x3 
 .bss.__malloc_sbrk_start
                0x20013178        0x4 /Applications/STM32CubeIDE.app/Contents/Eclipse/plugins/com.st.stm32cube.ide.mcu.externaltools.gnu-tools-for-stm32.12.3.rel1.macos64_1.0.200.202406191456/tools/bin/../lib/gcc/arm-none-eabi/12.3.1/../../../../arm-none-eabi/lib/thumb/v7e-m+fp/hard/libc_nano.a(libc_a-mallocr.o)
                0x20013178                __malloc_sbrk_start
 .bss.__malloc_free_list
                0x2001317c        0x4 /Applications/STM32CubeIDE.app/Contents/Eclipse/plugins/com.st.stm32cube.ide.mcu.externaltools.gnu-tools-for-stm32.12.3.rel1.macos64_1.0.200.202406191456/tools/bin/../lib/gcc/arm-none-eabi/12.3.1/../../../../arm-none-eabi/lib/thumb/v7e-m+fp/hard/libc_nano.a(libc_a-mallocr.o)
                0x2001317c                __malloc_free_list
 *(COMMON)
                0x20013180                        . = ALIGN (0x4)
                0x20013180                        _ebss = .
                0x20013180                        __bss_end__ = _ebss

._user_heap_stack
                0x20013180      0x600 load address 0x0800a2e0
                0x20013180                        . = ALIGN (0x8)
                [!provide]                        PROVIDE (end = .)
                0x20013180                        PROVIDE (_end = .)
                0x20013380                        . = (. + _Min_Heap_Size)
 *fill*         0x20013180      0x200 
                0x20013780                        . = (. + _Min_Stack_Size)
 *fill*         0x20013380      0x400 
                0x20013780                        . = ALIGN (0x8)

/DISCARD/
 libc.a(*)
 libm.a(*)
 libgcc.a(*)

.ARM.attributes
                0x00000000       0x30
 *(.ARM.attributes)
 .ARM.attributes
                0x00000000       0x22 /Applications/STM32CubeIDE.app/Contents/Eclipse/plugins/com.st.stm32cube.ide.mcu.externaltools.gnu-tools-for-stm32.12.3.rel1.macos64_1.0.200.202406191456/tools/bin/../lib/gcc/arm-none-eabi/12.3.1/thumb/v7e-m+fp/hard/crti.o
 .ARM.attributes
                0x00000022       0x34 /Applications/STM32CubeIDE.app/Contents/Eclipse/plugins/com.st.stm32cube.ide.mcu.externaltools.gnu-tools-for-stm32.12.3.rel1.macos64_1.0.200.202406191456/tools/bin/../lib/gcc/arm-none-eabi/12.3.1/thumb/v7e-m+fp/hard/crtbegin.o
 .ARM.attributes
                0x00000056       0x34 ./Core/Src/main.o
 .ARM.attributes
                0x0000008a       0x34 ./Core/Src/rtc.o
 .ARM.attributes
                0x000000be       0x34 ./Core/Src/stm32f4xx_hal_msp.o
 .ARM.attributes
                0x000000f2       0x34 ./Core/Src/stm32f4xx_hal_timebase_tim.o
 .ARM.attributes
                0x00000126       0x34 ./Core/Src/stm32f4xx_it.o
 .ARM.attributes
                0x0000015a       0x34 ./Core/Src/sysmem.o
 .ARM.attributes
                0x0000018e       0x34 ./Core/Src/system_stm32f4xx.o
 .ARM.attributes
                0x000001c2       0x34 ./Core/Src/task_handlers.o
 .ARM.attributes
                0x000001f6       0x21 ./Core/Startup/startup_stm32f411retx.o
 .ARM.attributes
                0x00000217       0x34 ./Drivers/STM32F4xx_HAL_Driver/Src/stm32f4xx_hal.o
 .ARM.attributes
                0x0000024b       0x34 ./Drivers/STM32F4xx_HAL_Driver/Src/stm32f4xx_hal_cortex.o
 .ARM.attributes
                0x0000027f       0x34 ./Drivers/STM32F4xx_HAL_Driver/Src/stm32f4xx_hal_dma.o
 .ARM.attributes
                0x000002b3       0x34 ./Drivers/STM32F4xx_HAL_Driver/Src/stm32f4xx_hal_gpio.o
 .ARM.attributes
                0x000002e7       0x34 ./Drivers/STM32F4xx_HAL_Driver/Src/stm32f4xx_hal_rcc.o
 .ARM.attributes
                0x0000031b       0x34 ./Drivers/STM32F4xx_HAL_Driver/Src/stm32f4xx_hal_rcc_ex.o
 .ARM.attributes
                0x0000034f       0x34 ./Drivers/STM32F4xx_HAL_Driver/Src/stm32f4xx_hal_rtc.o
 .ARM.attributes
                0x00000383       0x34 ./Drivers/STM32F4xx_HAL_Driver/Src/stm32f4xx_hal_tim.o
 .ARM.attributes
                0x000003b7       0x34 ./Drivers/STM32F4xx_HAL_Driver/Src/stm32f4xx_hal_tim_ex.o
 .ARM.attributes
                0x000003eb       0x34 ./Drivers/STM32F4xx_HAL_Driver/Src/stm32f4xx_hal_uart.o
 .ARM.attributes
                0x0000041f       0x34 ./common/third_party/FreeRTOS/list.o
 .ARM.attributes
                0x00000453       0x34 ./common/third_party/FreeRTOS/queue.o
 .ARM.attributes
                0x00000487       0x34 ./common/third_party/FreeRTOS/tasks.o
 .ARM.attributes
                0x000004bb       0x34 ./common/third_party/FreeRTOS/timers.o
 .ARM.attributes
                0x000004ef       0x34 ./common/third_party/FreeRTOS/portable/GCC/ARM_CM4F/port.o
 .ARM.attributes
                0x00000523       0x34 ./common/third_party/FreeRTOS/portable/MemMang/heap_4.o
 .ARM.attributes
                0x00000557       0x34 /Applications/STM32CubeIDE.app/Contents/Eclipse/plugins/com.st.stm32cube.ide.mcu.externaltools.gnu-tools-for-stm32.12.3.rel1.macos64_1.0.200.202406191456/tools/bin/../lib/gcc/arm-none-eabi/12.3.1/../../../../arm-none-eabi/lib/thumb/v7e-m+fp/hard/libc_nano.a(libc_a-sprintf.o)
 .ARM.attributes
                0x0000058b       0x34 /Applications/STM32CubeIDE.app/Contents/Eclipse/plugins/com.st.stm32cube.ide.mcu.externaltools.gnu-tools-for-stm32.12.3.rel1.macos64_1.0.200.202406191456/tools/bin/../lib/gcc/arm-none-eabi/12.3.1/../../../../arm-none-eabi/lib/thumb/v7e-m+fp/hard/libc_nano.a(libc_a-sscanf.o)
 .ARM.attributes
                0x000005bf       0x34 /Applications/STM32CubeIDE.app/Contents/Eclipse/plugins/com.st.stm32cube.ide.mcu.externaltools.gnu-tools-for-stm32.12.3.rel1.macos64_1.0.200.202406191456/tools/bin/../lib/gcc/arm-none-eabi/12.3.1/../../../../arm-none-eabi/lib/thumb/v7e-m+fp/hard/libc_nano.a(libc_a-stdio.o)
 .ARM.attributes
                0x000005f3       0x34 /Applications/STM32CubeIDE.app/Contents/Eclipse/plugins/com.st.stm32cube.ide.mcu.externaltools.gnu-tools-for-stm32.12.3.rel1.macos64_1.0.200.202406191456/tools/bin/../lib/gcc/arm-none-eabi/12.3.1/../../../../arm-none-eabi/lib/thumb/v7e-m+fp/hard/libc_nano.a(libc_a-findfp.o)
 .ARM.attributes
                0x00000627       0x34 /Applications/STM32CubeIDE.app/Contents/Eclipse/plugins/com.st.stm32cube.ide.mcu.externaltools.gnu-tools-for-stm32.12.3.rel1.macos64_1.0.200.202406191456/tools/bin/../lib/gcc/arm-none-eabi/12.3.1/../../../../arm-none-eabi/lib/thumb/v7e-m+fp/hard/libc_nano.a(libc_a-memset.o)
 .ARM.attributes
                0x0000065b       0x34 /Applications/STM32CubeIDE.app/Contents/Eclipse/plugins/com.st.stm32cube.ide.mcu.externaltools.gnu-tools-for-stm32.12.3.rel1.macos64_1.0.200.202406191456/tools/bin/../lib/gcc/arm-none-eabi/12.3.1/../../../../arm-none-eabi/lib/thumb/v7e-m+fp/hard/libc_nano.a(libc_a-reent.o)
 .ARM.attributes
                0x0000068f       0x34 /Applications/STM32CubeIDE.app/Contents/Eclipse/plugins/com.st.stm32cube.ide.mcu.externaltools.gnu-tools-for-stm32.12.3.rel1.macos64_1.0.200.202406191456/tools/bin/../lib/gcc/arm-none-eabi/12.3.1/../../../../arm-none-eabi/lib/thumb/v7e-m+fp/hard/libc_nano.a(libc_a-impure.o)
 .ARM.attributes
                0x000006c3       0x34 /Applications/STM32CubeIDE.app/Contents/Eclipse/plugins/com.st.stm32cube.ide.mcu.externaltools.gnu-tools-for-stm32.12.3.rel1.macos64_1.0.200.202406191456/tools/bin/../lib/gcc/arm-none-eabi/12.3.1/../../../../arm-none-eabi/lib/thumb/v7e-m+fp/hard/libc_nano.a(libc_a-errno.o)
 .ARM.attributes
                0x000006f7       0x34 /Applications/STM32CubeIDE.app/Contents/Eclipse/plugins/com.st.stm32cube.ide.mcu.externaltools.gnu-tools-for-stm32.12.3.rel1.macos64_1.0.200.202406191456/tools/bin/../lib/gcc/arm-none-eabi/12.3.1/../../../../arm-none-eabi/lib/thumb/v7e-m+fp/hard/libc_nano.a(libc_a-init.o)
 .ARM.attributes
                0x0000072b       0x34 /Applications/STM32CubeIDE.app/Contents/Eclipse/plugins/com.st.stm32cube.ide.mcu.externaltools.gnu-tools-for-stm32.12.3.rel1.macos64_1.0.200.202406191456/tools/bin/../lib/gcc/arm-none-eabi/12.3.1/../../../../arm-none-eabi/lib/thumb/v7e-m+fp/hard/libc_nano.a(libc_a-lock.o)
 .ARM.attributes
                0x0000075f       0x34 /Applications/STM32CubeIDE.app/Contents/Eclipse/plugins/com.st.stm32cube.ide.mcu.externaltools.gnu-tools-for-stm32.12.3.rel1.macos64_1.0.200.202406191456/tools/bin/../lib/gcc/arm-none-eabi/12.3.1/../../../../arm-none-eabi/lib/thumb/v7e-m+fp/hard/libc_nano.a(libc_a-memcpy-stub.o)
 .ARM.attributes
                0x00000793       0x17 /Applications/STM32CubeIDE.app/Contents/Eclipse/plugins/com.st.stm32cube.ide.mcu.externaltools.gnu-tools-for-stm32.12.3.rel1.macos64_1.0.200.202406191456/tools/bin/../lib/gcc/arm-none-eabi/12.3.1/../../../../arm-none-eabi/lib/thumb/v7e-m+fp/hard/libc_nano.a(libc_a-strlen.o)
 .ARM.attributes
                0x000007aa       0x20 /Applications/STM32CubeIDE.app/Contents/Eclipse/plugins/com.st.stm32cube.ide.mcu.externaltools.gnu-tools-for-stm32.12.3.rel1.macos64_1.0.200.202406191456/tools/bin/../lib/gcc/arm-none-eabi/12.3.1/../../../../arm-none-eabi/lib/thumb/v7e-m+fp/hard/libc_nano.a(libc_a-strcmp.o)
 .ARM.attributes
                0x000007ca       0x34 /Applications/STM32CubeIDE.app/Contents/Eclipse/plugins/com.st.stm32cube.ide.mcu.externaltools.gnu-tools-for-stm32.12.3.rel1.macos64_1.0.200.202406191456/tools/bin/../lib/gcc/arm-none-eabi/12.3.1/../../../../arm-none-eabi/lib/thumb/v7e-m+fp/hard/libc_nano.a(libc_a-freer.o)
 .ARM.attributes
                0x000007fe       0x34 /Applications/STM32CubeIDE.app/Contents/Eclipse/plugins/com.st.stm32cube.ide.mcu.externaltools.gnu-tools-for-stm32.12.3.rel1.macos64_1.0.200.202406191456/tools/bin/../lib/gcc/arm-none-eabi/12.3.1/../../../../arm-none-eabi/lib/thumb/v7e-m+fp/hard/libc_nano.a(libc_a-nano-svfprintf.o)
 .ARM.attributes
                0x00000832       0x34 /Applications/STM32CubeIDE.app/Contents/Eclipse/plugins/com.st.stm32cube.ide.mcu.externaltools.gnu-tools-for-stm32.12.3.rel1.macos64_1.0.200.202406191456/tools/bin/../lib/gcc/arm-none-eabi/12.3.1/../../../../arm-none-eabi/lib/thumb/v7e-m+fp/hard/libc_nano.a(libc_a-nano-svfscanf.o)
 .ARM.attributes
                0x00000866       0x34 /Applications/STM32CubeIDE.app/Contents/Eclipse/plugins/com.st.stm32cube.ide.mcu.externaltools.gnu-tools-for-stm32.12.3.rel1.macos64_1.0.200.202406191456/tools/bin/../lib/gcc/arm-none-eabi/12.3.1/../../../../arm-none-eabi/lib/thumb/v7e-m+fp/hard/libc_nano.a(libc_a-mallocr.o)
 .ARM.attributes
                0x0000089a       0x34 /Applications/STM32CubeIDE.app/Contents/Eclipse/plugins/com.st.stm32cube.ide.mcu.externaltools.gnu-tools-for-stm32.12.3.rel1.macos64_1.0.200.202406191456/tools/bin/../lib/gcc/arm-none-eabi/12.3.1/../../../../arm-none-eabi/lib/thumb/v7e-m+fp/hard/libc_nano.a(libc_a-nano-vfprintf_i.o)
 .ARM.attributes
                0x000008ce       0x34 /Applications/STM32CubeIDE.app/Contents/Eclipse/plugins/com.st.stm32cube.ide.mcu.externaltools.gnu-tools-for-stm32.12.3.rel1.macos64_1.0.200.202406191456/tools/bin/../lib/gcc/arm-none-eabi/12.3.1/../../../../arm-none-eabi/lib/thumb/v7e-m+fp/hard/libc_nano.a(libc_a-nano-vfscanf_i.o)
 .ARM.attributes
                0x00000902       0x34 /Applications/STM32CubeIDE.app/Contents/Eclipse/plugins/com.st.stm32cube.ide.mcu.externaltools.gnu-tools-for-stm32.12.3.rel1.macos64_1.0.200.202406191456/tools/bin/../lib/gcc/arm-none-eabi/12.3.1/../../../../arm-none-eabi/lib/thumb/v7e-m+fp/hard/libc_nano.a(libc_a-sccl.o)
 .ARM.attributes
                0x00000936       0x34 /Applications/STM32CubeIDE.app/Contents/Eclipse/plugins/com.st.stm32cube.ide.mcu.externaltools.gnu-tools-for-stm32.12.3.rel1.macos64_1.0.200.202406191456/tools/bin/../lib/gcc/arm-none-eabi/12.3.1/../../../../arm-none-eabi/lib/thumb/v7e-m+fp/hard/libc_nano.a(libc_a-mlock.o)
 .ARM.attributes
                0x0000096a       0x34 /Applications/STM32CubeIDE.app/Contents/Eclipse/plugins/com.st.stm32cube.ide.mcu.externaltools.gnu-tools-for-stm32.12.3.rel1.macos64_1.0.200.202406191456/tools/bin/../lib/gcc/arm-none-eabi/12.3.1/../../../../arm-none-eabi/lib/thumb/v7e-m+fp/hard/libc_nano.a(libc_a-ungetc.o)
 .ARM.attributes
                0x0000099e       0x34 /Applications/STM32CubeIDE.app/Contents/Eclipse/plugins/com.st.stm32cube.ide.mcu.externaltools.gnu-tools-for-stm32.12.3.rel1.macos64_1.0.200.202406191456/tools/bin/../lib/gcc/arm-none-eabi/12.3.1/../../../../arm-none-eabi/lib/thumb/v7e-m+fp/hard/libc_nano.a(libc_a-reallocr.o)
 .ARM.attributes
                0x000009d2       0x34 /Applications/STM32CubeIDE.app/Contents/Eclipse/plugins/com.st.stm32cube.ide.mcu.externaltools.gnu-tools-for-stm32.12.3.rel1.macos64_1.0.200.202406191456/tools/bin/../lib/gcc/arm-none-eabi/12.3.1/../../../../arm-none-eabi/lib/thumb/v7e-m+fp/hard/libc_nano.a(libc_a-strtol.o)
 .ARM.attributes
                0x00000a06       0x34 /Applications/STM32CubeIDE.app/Contents/Eclipse/plugins/com.st.stm32cube.ide.mcu.externaltools.gnu-tools-for-stm32.12.3.rel1.macos64_1.0.200.202406191456/tools/bin/../lib/gcc/arm-none-eabi/12.3.1/../../../../arm-none-eabi/lib/thumb/v7e-m+fp/hard/libc_nano.a(libc_a-strtoul.o)
 .ARM.attributes
                0x00000a3a       0x34 /Applications/STM32CubeIDE.app/Contents/Eclipse/plugins/com.st.stm32cube.ide.mcu.externaltools.gnu-tools-for-stm32.12.3.rel1.macos64_1.0.200.202406191456/tools/bin/../lib/gcc/arm-none-eabi/12.3.1/../../../../arm-none-eabi/lib/thumb/v7e-m+fp/hard/libc_nano.a(libc_a-memmove.o)
 .ARM.attributes
                0x00000a6e       0x34 /Applications/STM32CubeIDE.app/Contents/Eclipse/plugins/com.st.stm32cube.ide.mcu.externaltools.gnu-tools-for-stm32.12.3.rel1.macos64_1.0.200.202406191456/tools/bin/../lib/gcc/arm-none-eabi/12.3.1/../../../../arm-none-eabi/lib/thumb/v7e-m+fp/hard/libc_nano.a(libc_a-sbrkr.o)
 .ARM.attributes
                0x00000aa2       0x1c /Applications/STM32CubeIDE.app/Contents/Eclipse/plugins/com.st.stm32cube.ide.mcu.externaltools.gnu-tools-for-stm32.12.3.rel1.macos64_1.0.200.202406191456/tools/bin/../lib/gcc/arm-none-eabi/12.3.1/../../../../arm-none-eabi/lib/thumb/v7e-m+fp/hard/libc_nano.a(libc_a-memchr.o)
 .ARM.attributes
                0x00000abe       0x34 /Applications/STM32CubeIDE.app/Contents/Eclipse/plugins/com.st.stm32cube.ide.mcu.externaltools.gnu-tools-for-stm32.12.3.rel1.macos64_1.0.200.202406191456/tools/bin/../lib/gcc/arm-none-eabi/12.3.1/../../../../arm-none-eabi/lib/thumb/v7e-m+fp/hard/libc_nano.a(libc_a-ctype_.o)
 .ARM.attributes
                0x00000af2       0x34 /Applications/STM32CubeIDE.app/Contents/Eclipse/plugins/com.st.stm32cube.ide.mcu.externaltools.gnu-tools-for-stm32.12.3.rel1.macos64_1.0.200.202406191456/tools/bin/../lib/gcc/arm-none-eabi/12.3.1/../../../../arm-none-eabi/lib/thumb/v7e-m+fp/hard/libc_nano.a(libc_a-msizer.o)
 .ARM.attributes
                0x00000b26       0x22 /Applications/STM32CubeIDE.app/Contents/Eclipse/plugins/com.st.stm32cube.ide.mcu.externaltools.gnu-tools-for-stm32.12.3.rel1.macos64_1.0.200.202406191456/tools/bin/../lib/gcc/arm-none-eabi/12.3.1/thumb/v7e-m+fp/hard/libgcc.a(_aeabi_uldivmod.o)
 .ARM.attributes
                0x00000b48       0x34 /Applications/STM32CubeIDE.app/Contents/Eclipse/plugins/com.st.stm32cube.ide.mcu.externaltools.gnu-tools-for-stm32.12.3.rel1.macos64_1.0.200.202406191456/tools/bin/../lib/gcc/arm-none-eabi/12.3.1/thumb/v7e-m+fp/hard/libgcc.a(_udivmoddi4.o)
 .ARM.attributes
                0x00000b7c       0x22 /Applications/STM32CubeIDE.app/Contents/Eclipse/plugins/com.st.stm32cube.ide.mcu.externaltools.gnu-tools-for-stm32.12.3.rel1.macos64_1.0.200.202406191456/tools/bin/../lib/gcc/arm-none-eabi/12.3.1/thumb/v7e-m+fp/hard/libgcc.a(_dvmd_tls.o)
 .ARM.attributes
                0x00000b9e       0x22 /Applications/STM32CubeIDE.app/Contents/Eclipse/plugins/com.st.stm32cube.ide.mcu.externaltools.gnu-tools-for-stm32.12.3.rel1.macos64_1.0.200.202406191456/tools/bin/../lib/gcc/arm-none-eabi/12.3.1/thumb/v7e-m+fp/hard/crtn.o
OUTPUT(8_queue.elf elf32-littlearm)
LOAD linker stubs
LOAD /Applications/STM32CubeIDE.app/Contents/Eclipse/plugins/com.st.stm32cube.ide.mcu.externaltools.gnu-tools-for-stm32.12.3.rel1.macos64_1.0.200.202406191456/tools/bin/../lib/gcc/arm-none-eabi/12.3.1/../../../../arm-none-eabi/lib/thumb/v7e-m+fp/hard/libc.a
LOAD /Applications/STM32CubeIDE.app/Contents/Eclipse/plugins/com.st.stm32cube.ide.mcu.externaltools.gnu-tools-for-stm32.12.3.rel1.macos64_1.0.200.202406191456/tools/bin/../lib/gcc/arm-none-eabi/12.3.1/../../../../arm-none-eabi/lib/thumb/v7e-m+fp/hard/libm.a
LOAD /Applications/STM32CubeIDE.app/Contents/Eclipse/plugins/com.st.stm32cube.ide.mcu.externaltools.gnu-tools-for-stm32.12.3.rel1.macos64_1.0.200.202406191456/tools/bin/../lib/gcc/arm-none-eabi/12.3.1/thumb/v7e-m+fp/hard/libgcc.a

.debug_info     0x00000000    0x163f8
 .debug_info    0x00000000     0x1992 ./Core/Src/main.o
 .debug_info    0x00001992      0x6f2 ./Core/Src/rtc.o
 .debug_info    0x00002084     0x138e ./Core/Src/stm32f4xx_hal_msp.o
 .debug_info    0x00003412      0xb83 ./Core/Src/stm32f4xx_hal_timebase_tim.o
 .debug_info    0x00003f95      0x955 ./Core/Src/stm32f4xx_it.o
 .debug_info    0x000048ea      0x168 ./Core/Src/sysmem.o
 .debug_info    0x00004a52      0x53e ./Core/Src/system_stm32f4xx.o
 .debug_info    0x00004f90      0xe14 ./Core/Src/task_handlers.o
 .debug_info    0x00005da4       0x30 ./Core/Startup/startup_stm32f411retx.o
 .debug_info    0x00005dd4      0x8c4 ./Drivers/STM32F4xx_HAL_Driver/Src/stm32f4xx_hal.o
 .debug_info    0x00006698      0xcfc ./Drivers/STM32F4xx_HAL_Driver/Src/stm32f4xx_hal_cortex.o
 .debug_info    0x00007394      0x8e6 ./Drivers/STM32F4xx_HAL_Driver/Src/stm32f4xx_hal_dma.o
 .debug_info    0x00007c7a      0x6f9 ./Drivers/STM32F4xx_HAL_Driver/Src/stm32f4xx_hal_gpio.o
 .debug_info    0x00008373      0x8f0 ./Drivers/STM32F4xx_HAL_Driver/Src/stm32f4xx_hal_rcc.o
 .debug_info    0x00008c63      0x5a1 ./Drivers/STM32F4xx_HAL_Driver/Src/stm32f4xx_hal_rcc_ex.o