../Core/Src/main.c:86:5:main	56	static,ignoring_inline_asm
../Core/Src/main.c:168:6:SystemClock_Config	88	static
../Core/Src/main.c:214:13:MX_RTC_Init	8	static
../Core/Src/main.c:247:13:MX_TIM2_Init	64	static
../Core/Src/main.c:302:13:MX_USART2_UART_Init	8	static
../Core/Src/main.c:333:13:MX_DMA_Init	16	static
../Core/Src/main.c:363:13:MX_GPIO_Init	16	static
../Core/Src/main.c:377:6:HAL_UART_RxCpltCallback	32	static
../Core/Src/main.c:406:6:led_effect_callback	24	static
../Core/Src/main.c:431:6:HAL_TIM_PeriodElapsedCallback	16	static
../Core/Src/main.c:447:6:Error_Handler	4	static,ignoring_inline_asm
