../Core/Src/main.c:83:5:main	48	static,ignoring_inline_asm
../Core/Src/main.c:161:6:SystemClock_Config	88	static
../Core/Src/main.c:207:13:MX_RTC_Init	8	static
../Core/Src/main.c:240:13:MX_TIM2_Init	32	static
../Core/Src/main.c:282:13:MX_USART2_UART_Init	8	static
../Core/Src/main.c:313:13:MX_GPIO_Init	32	static
../Core/Src/main.c:338:6:HAL_UART_RxCpltCallback	32	static
../Core/Src/main.c:367:6:led_effect_callback	16	static
../Core/Src/main.c:392:6:HAL_TIM_PeriodElapsedCallback	16	static
../Core/Src/main.c:408:6:Error_Handler	4	static,ignoring_inline_asm
